Archive member included because of file (symbol)

.\CortexM3\ARM_GCC_493\Debug\External_LCD_Display.a(cyfitter_cfg.o)
                              .\CortexM3\ARM_GCC_493\Debug\Cm3Start.o (cyfitter_cfg)
.\CortexM3\ARM_GCC_493\Debug\External_LCD_Display.a(CyDmac.o)
                              .\CortexM3\ARM_GCC_493\Debug\Cm3Start.o (CyDmacConfigure)
.\CortexM3\ARM_GCC_493\Debug\External_LCD_Display.a(CyLib.o)
                              .\CortexM3\ARM_GCC_493\Debug\Cm3Start.o (CyResetStatus)
.\CortexM3\ARM_GCC_493\Debug\External_LCD_Display.a(cyPm.o)
                              .\CortexM3\ARM_GCC_493\Debug\External_LCD_Display.a(CyLib.o) (CyPmReadStatus)
.\CortexM3\ARM_GCC_493\Debug\External_LCD_Display.a(LCD_Char_1.o)
                              .\CortexM3\ARM_GCC_493\Debug\main.o (LCD_Char_1_WriteControl)
.\CortexM3\ARM_GCC_493\Debug\External_LCD_Display.a(SineWaveClock.o)
                              .\CortexM3\ARM_GCC_493\Debug\main.o (SineWaveClock_SetDividerRegister)
.\CortexM3\ARM_GCC_493\Debug\External_LCD_Display.a(Song1Trigger.o)
                              .\CortexM3\ARM_GCC_493\Debug\main.o (Song1Trigger_Read)
.\CortexM3\ARM_GCC_493\Debug\External_LCD_Display.a(Song2Trigger.o)
                              .\CortexM3\ARM_GCC_493\Debug\main.o (Song2Trigger_Read)
.\CortexM3\ARM_GCC_493\Debug\External_LCD_Display.a(SineWaveGen.o)
                              .\CortexM3\ARM_GCC_493\Debug\main.o (SineWaveGen_Start)
.\CortexM3\ARM_GCC_493\Debug\External_LCD_Display.a(Song3Trigger.o)
                              .\CortexM3\ARM_GCC_493\Debug\main.o (Song3Trigger_Read)
.\CortexM3\ARM_GCC_493\Debug\External_LCD_Display.a(Song4Trigger.o)
                              .\CortexM3\ARM_GCC_493\Debug\main.o (Song4Trigger_Read)
.\CortexM3\ARM_GCC_493\Debug\External_LCD_Display.a(SineWaveGen_Wave1_DMA_dma.o)
                              .\CortexM3\ARM_GCC_493\Debug\External_LCD_Display.a(SineWaveGen.o) (SineWaveGen_Wave1_DMA_DmaInitialize)
.\CortexM3\ARM_GCC_493\Debug\External_LCD_Display.a(SineWaveGen_Wave2_DMA_dma.o)
                              .\CortexM3\ARM_GCC_493\Debug\External_LCD_Display.a(SineWaveGen.o) (SineWaveGen_Wave2_DMA_DmaInitialize)
.\CortexM3\ARM_GCC_493\Debug\External_LCD_Display.a(SineWaveGen_VDAC8.o)
                              .\CortexM3\ARM_GCC_493\Debug\External_LCD_Display.a(SineWaveGen.o) (SineWaveGen_VDAC8_Init)
.\CortexM3\ARM_GCC_493\Debug\External_LCD_Display.a(SineWaveGen_BuffAmp.o)
                              .\CortexM3\ARM_GCC_493\Debug\External_LCD_Display.a(SineWaveGen.o) (SineWaveGen_BuffAmp_Init)
.\CortexM3\ARM_GCC_493\Debug\External_LCD_Display.a(PGA.o)
                              .\CortexM3\ARM_GCC_493\Debug\main.o (PGA_SetGain)
.\CortexM3\ARM_GCC_493\Debug\External_LCD_Display.a(ADC.o)
                              .\CortexM3\ARM_GCC_493\Debug\main.o (ADC_Start)
.\CortexM3\ARM_GCC_493\Debug\External_LCD_Display.a(ADC_INT.o)
                              .\CortexM3\ARM_GCC_493\Debug\External_LCD_Display.a(ADC.o) (ADC_ISR1)
.\CortexM3\ARM_GCC_493\Debug\External_LCD_Display.a(ADC_theACLK.o)
                              .\CortexM3\ARM_GCC_493\Debug\External_LCD_Display.a(ADC.o) (ADC_theACLK_SetDividerRegister)
.\CortexM3\ARM_GCC_493\Debug\External_LCD_Display.a(ADC_Ext_CP_Clk.o)
                              .\CortexM3\ARM_GCC_493\Debug\External_LCD_Display.a(ADC.o) (ADC_Ext_CP_Clk_SetDividerRegister)
.\CortexM3\ARM_GCC_493\Debug\External_LCD_Display.a(VDAC8_1.o)
                              .\CortexM3\ARM_GCC_493\Debug\main.o (VDAC8_1_Start)
.\CortexM3\ARM_GCC_493\Debug\External_LCD_Display.a(Sensor_Interrupt.o)
                              .\CortexM3\ARM_GCC_493\Debug\main.o (Sensor_Interrupt_Read)
.\CortexM3\ARM_GCC_493\Debug\External_LCD_Display.a(SensorScan.o)
                              .\CortexM3\ARM_GCC_493\Debug\main.o (SensorScan_Start)
.\CortexM3\ARM_GCC_493\Debug\External_LCD_Display.a(SensorScan_Comp.o)
                              .\CortexM3\ARM_GCC_493\Debug\External_LCD_Display.a(SensorScan.o) (SensorScan_Comp_Init)
.\CortexM3\ARM_GCC_493\Debug\External_LCD_Display.a(ADC_AMux.o)
                              .\CortexM3\ARM_GCC_493\Debug\External_LCD_Display.a(ADC.o) (ADC_AMux_Select)
.\CortexM3\ARM_GCC_493\Debug\External_LCD_Display.a(CyBootAsmGnu.o)
                              .\CortexM3\ARM_GCC_493\Debug\External_LCD_Display.a(cyfitter_cfg.o) (CyDelayCycles)
.\CortexM3\ARM_GCC_493\Debug\External_LCD_Display.a(CyFlash.o)
                              .\CortexM3\ARM_GCC_493\Debug\External_LCD_Display.a(cyPm.o) (CyFlash_SetWaitCycles)
.\CortexM3\ARM_GCC_493\Debug\External_LCD_Display.a(CySpc.o)
                              .\CortexM3\ARM_GCC_493\Debug\External_LCD_Display.a(CyFlash.o) (CySpcStart)
c:/program files (x86)/cypress/psoc creator/4.0/psoc creator/import/gnu/arm/4.9.3/bin/../lib/gcc/arm-none-eabi/4.9.3/armv7-m\libgcc.a(_arm_addsubdf3.o)
[...]
Memory Configuration

Name             Origin             Length             Attributes
rom              0x00000000         0x00040000         xr
ram              0x1fff8000         0x00010000         xrw
*default*        0x00000000         0xffffffff

Linker script and memory map

LOAD c:/program files (x86)/cypress/psoc creator/4.0/psoc creator/import/gnu/arm/4.9.3/bin/../lib/gcc/arm-none-eabi/4.9.3/armv7-m/crti.o
LOAD c:/program files (x86)/cypress/psoc creator/4.0/psoc creator/import/gnu/arm/4.9.3/bin/../lib/gcc/arm-none-eabi/4.9.3/armv7-m/crtbegin.o
LOAD c:/program files (x86)/cypress/psoc creator/4.0/psoc creator/import/gnu/arm/4.9.3/bin/../lib/gcc/arm-none-eabi/4.9.3/../../../../arm-none-eabi/lib/armv7-m/crt0.o
START GROUP
LOAD .\CortexM3\ARM_GCC_493\Debug\main.o
LOAD .\CortexM3\ARM_GCC_493\Debug\cymetadata.o
LOAD .\CortexM3\ARM_GCC_493\Debug\Cm3Start.o
LOAD .\CortexM3\ARM_GCC_493\Debug\External_LCD_Display.a
LOAD C:\Program Files (x86)\Cypress\PSoC Creator\4.0\PSoC Creator\psoc\content\cycomponentlibrary\CyComponentLibrary.cylib\CortexM3\ARM_GCC_493\Debug\CyComponentLibrary.a
LOAD c:/program files (x86)/cypress/psoc creator/4.0/psoc creator/import/gnu/arm/4.9.3/bin/../lib/gcc/arm-none-eabi/4.9.3/../../../../arm-none-eabi/lib/armv7-m\libm.a
END GROUP
START GROUP
LOAD c:/program files (x86)/cypress/psoc creator/4.0/psoc creator/import/gnu/arm/4.9.3/bin/../lib/gcc/arm-none-eabi/4.9.3/armv7-m\libgcc.a
LOAD c:/program files (x86)/cypress/psoc creator/4.0/psoc creator/import/gnu/arm/4.9.3/bin/../lib/gcc/arm-none-eabi/4.9.3/../../../../arm-none-eabi/lib/armv7-m\libg_nano.a
LOAD c:/program files (x86)/cypress/psoc creator/4.0/psoc creator/import/gnu/arm/4.9.3/bin/../lib/gcc/arm-none-eabi/4.9.3/../../../../arm-none-eabi/lib/armv7-m\libc_nano.a
END GROUP
START GROUP
LOAD c:/program files (x86)/cypress/psoc creator/4.0/psoc creator/import/gnu/arm/4.9.3/bin/../lib/gcc/arm-none-eabi/4.9.3/armv7-m\libgcc.a
LOAD c:/program files (x86)/cypress/psoc creator/4.0/psoc creator/import/gnu/arm/4.9.3/bin/../lib/gcc/arm-none-eabi/4.9.3/../../../../arm-none-eabi/lib/armv7-m\libc_nano.a
END GROUP
LOAD c:/program files (x86)/cypress/psoc creator/4.0/psoc creator/import/gnu/arm/4.9.3/bin/../lib/gcc/arm-none-eabi/4.9.3/armv7-m/crtend.o
LOAD c:/program files (x86)/cypress/psoc creator/4.0/psoc creator/import/gnu/arm/4.9.3/bin/../lib/gcc/arm-none-eabi/4.9.3/armv7-m/crtn.o
START GROUP
LOAD c:/program files (x86)/cypress/psoc creator/4.0/psoc creator/import/gnu/arm/4.9.3/bin/../lib/gcc/arm-none-eabi/4.9.3/armv7-m\libgcc.a
LOAD c:/program files (x86)/cypress/psoc creator/4.0/psoc creator/import/gnu/arm/4.9.3/bin/../lib/gcc/arm-none-eabi/4.9.3/../../../../arm-none-eabi/lib/armv7-m\libc.a
LOAD c:/program files (x86)/cypress/psoc creator/4.0/psoc creator/import/gnu/arm/4.9.3/bin/../lib/gcc/arm-none-eabi/4.9.3/../../../../arm-none-eabi/lib/armv7-m\libnosys.a
END GROUP
                0x00000000                CY_APPL_ORIGIN = 0x0
                0x00000100                CY_FLASH_ROW_SIZE = 0x100
                0x00000020                CY_ECC_ROW_SIZE = 0x20
                0x00000000                CY_EE_IN_BTLDR = 0x0
                0x00000000                CY_APPL_LOADABLE = 0x0
                0x00000800                CY_EE_SIZE = 0x800
                0x00000001                CY_APPL_NUM = 0x1
                0x00000001                CY_APPL_MAX = 0x1
                0x00000040                CY_METADATA_SIZE = 0x40
                0x00000000                CY_APPL_LOADABLE = 0x0
                0x00000000                CY_CHECKSUM_EXCLUDE_SIZE = ALIGN (0x0, CY_FLASH_ROW_SIZE)
                0x1fff81d8                PROVIDE (__cy_heap_start, _end)
                0x00000001                PROVIDE (__cy_region_num, ((__cy_regions_end - __cy_regions) / 0x10))
                0x20008000                PROVIDE (__cy_stack, (ORIGIN (ram) + 0x10000))
                0x20004000                PROVIDE (__cy_heap_end, (__cy_stack - 0x4000))

.cybootloader   0x00000000        0x0
 *(.cybootloader)
                0x00000000                appl1_start = CY_APPL_ORIGIN?CY_APPL_ORIGIN:ALIGN (CY_FLASH_ROW_SIZE)
                0x0001ff00                appl2_start = (appl1_start + ALIGN ((((0x40000 - appl1_start) - (0x2 * CY_FLASH_ROW_SIZE)) / 0x2), CY_FLASH_ROW_SIZE))
                0x00000000                appl_start = (CY_APPL_NUM == 0x1)?appl1_start:appl2_start
                0x00000000                ecc_offset = ((appl_start / CY_FLASH_ROW_SIZE) * CY_ECC_ROW_SIZE)
                0x00000000                ee_offset = (CY_APPL_LOADABLE && ! (CY_EE_IN_BTLDR))?((CY_EE_SIZE / CY_APPL_MAX) * (CY_APPL_NUM - 0x1)):0x0
                0x00000800                ee_size = (CY_APPL_LOADABLE && ! (CY_EE_IN_BTLDR))?(CY_EE_SIZE / CY_APPL_MAX):CY_EE_SIZE
                0x00000000                PROVIDE (CY_ECC_OFFSET, ecc_offset)

.text           0x00000000     0x2d8e
 CREATE_OBJECT_SYMBOLS
                0x00000000                PROVIDE (__cy_interrupt_vector, RomVectors)
 *(.romvectors)
 .romvectors    0x00000000       0x10 .\CortexM3\ARM_GCC_493\Debug\Cm3Start.o
                0x00000000                RomVectors
                0x00000001                ASSERT ((. != __cy_interrupt_vector), No interrupt vector)
                0x00000001                ASSERT (CY_APPL_ORIGIN?(SIZEOF (.cybootloader) <= CY_APPL_ORIGIN):0x1, Wrong image location)
                0x00000010                PROVIDE (__cy_reset, Reset)
 *(.text.Reset)
 .text.Reset    0x00000010       0x18 .\CortexM3\ARM_GCC_493\Debug\Cm3Start.o
                0x00000010                Reset
                0x00000001                ASSERT ((. != __cy_reset), No reset code)
 *(.dma_init)
                0x00000001                ASSERT ((((appl_start + .) <= 0x10000) || 0x1), DMA Init must be within the first 64k of flash)
 *(.text .text.* .gnu.linkonce.t.*)
 .text          0x00000028       0x5c c:/program files (x86)/cypress/psoc creator/4.0/psoc creator/import/gnu/arm/4.9.3/bin/../lib/gcc/arm-none-eabi/4.9.3/armv7-m/crtbegin.o
 .text.main     0x00000084      0x2b8 .\CortexM3\ARM_GCC_493\Debug\main.o
                0x00000084                main
 .text.IntDefaultHandler
                0x0000033c       0x14 .\CortexM3\ARM_GCC_493\Debug\Cm3Start.o
                0x0000033c                IntDefaultHandler
 .text.Start_c  0x00000350       0x98 .\CortexM3\ARM_GCC_493\Debug\Cm3Start.o
                0x00000350                Start_c
 .text.initialize_psoc
                0x000003e8       0x90 .\CortexM3\ARM_GCC_493\Debug\Cm3Start.o
                0x000003e8                initialize_psoc
 .text.CYMEMZERO
                0x00000478       0x1c .\CortexM3\ARM_GCC_493\Debug\External_LCD_Display.a(cyfitter_cfg.o)
 .text.CYCONFIGCPY
                0x00000494       0x1c .\CortexM3\ARM_GCC_493\Debug\External_LCD_Display.a(cyfitter_cfg.o)
 .text.CyClockStartupError
                0x000004b0        0xc .\CortexM3\ARM_GCC_493\Debug\External_LCD_Display.a(cyfitter_cfg.o)
 .text.cfg_write_bytes32
                0x000004bc       0x74 .\CortexM3\ARM_GCC_493\Debug\External_LCD_Display.a(cyfitter_cfg.o)
 .text.ClockSetup
                0x00000530      0x16c .\CortexM3\ARM_GCC_493\Debug\External_LCD_Display.a(cyfitter_cfg.o)
 .text.AnalogSetDefault
                0x0000069c       0xc8 .\CortexM3\ARM_GCC_493\Debug\External_LCD_Display.a(cyfitter_cfg.o)
 .text.ADC_AMux_Set
                0x00000764       0x40 .\CortexM3\ARM_GCC_493\Debug\External_LCD_Display.a(cyfitter_cfg.o)
                0x00000764                ADC_AMux_Set
 .text.ADC_AMux_Unset
                0x000007a4       0x44 .\CortexM3\ARM_GCC_493\Debug\External_LCD_Display.a(cyfitter_cfg.o)
                0x000007a4                ADC_AMux_Unset
 .text.cyfitter_cfg
                0x000007e8      0x1a0 .\CortexM3\ARM_GCC_493\Debug\External_LCD_Display.a(cyfitter_cfg.o)
                0x000007e8                cyfitter_cfg
 .text.CyDmacConfigure
                0x00000988       0x5c .\CortexM3\ARM_GCC_493\Debug\External_LCD_Display.a(CyDmac.o)
                0x00000988                CyDmacConfigure
 .text.CyDmaChEnable
                0x000009e4       0x8c .\CortexM3\ARM_GCC_493\Debug\External_LCD_Display.a(CyDmac.o)
                0x000009e4                CyDmaChEnable
 .text.CyDmaChDisable
                0x00000a70       0x64 .\CortexM3\ARM_GCC_493\Debug\External_LCD_Display.a(CyDmac.o)
                0x00000a70                CyDmaChDisable
 .text.CyDmaChPriority
                0x00000ad4       0x60 .\CortexM3\ARM_GCC_493\Debug\External_LCD_Display.a(CyDmac.o)
                0x00000ad4                CyDmaChPriority
 .text.CyDmaChSetExtendedAddress
                0x00000b34       0x7c .\CortexM3\ARM_GCC_493\Debug\External_LCD_Display.a(CyDmac.o)
                0x00000b34                CyDmaChSetExtendedAddress
 .text.CyDmaChSetInitialTd
                0x00000bb0       0x3c .\CortexM3\ARM_GCC_493\Debug\External_LCD_Display.a(CyDmac.o)
                0x00000bb0                CyDmaChSetInitialTd
 .text.CyDmaChSetConfiguration
                0x00000bec       0xa0 .\CortexM3\ARM_GCC_493\Debug\External_LCD_Display.a(CyDmac.o)
                0x00000bec                CyDmaChSetConfiguration
 .text.CyDmaTdAllocate
                0x00000c8c       0x5c .\CortexM3\ARM_GCC_493\Debug\External_LCD_Display.a(CyDmac.o)
                0x00000c8c                CyDmaTdAllocate
 .text.CyDmaTdSetConfiguration
                0x00000ce8       0x80 .\CortexM3\ARM_GCC_493\Debug\External_LCD_Display.a(CyDmac.o)
                0x00000ce8                CyDmaTdSetConfiguration
 .text.CyDmaTdSetAddress
                0x00000d68       0x5c .\CortexM3\ARM_GCC_493\Debug\External_LCD_Display.a(CyDmac.o)
                0x00000d68                CyDmaTdSetAddress
 .text.CyHalt   0x00000dc4       0x18 .\CortexM3\ARM_GCC_493\Debug\External_LCD_Display.a(CyLib.o)
                0x00000dc4                CyHalt
 .text.CyDelay  0x00000ddc       0x44 .\CortexM3\ARM_GCC_493\Debug\External_LCD_Display.a(CyLib.o)
                0x00000ddc                CyDelay
 .text.CyDelayUs
                0x00000e20       0x24 .\CortexM3\ARM_GCC_493\Debug\External_LCD_Display.a(CyLib.o)
                0x00000e20                CyDelayUs
 .text.CyIntSetVector
                0x00000e44       0x50 .\CortexM3\ARM_GCC_493\Debug\External_LCD_Display.a(CyLib.o)
                0x00000e44                CyIntSetVector
 .text.CyIntSetPriority
                0x00000e94       0x44 .\CortexM3\ARM_GCC_493\Debug\External_LCD_Display.a(CyLib.o)
                0x00000e94                CyIntSetPriority
 .text.LCD_Char_1_Init
                0x00000ed8       0x6c .\CortexM3\ARM_GCC_493\Debug\External_LCD_Display.a(LCD_Char_1.o)
                0x00000ed8                LCD_Char_1_Init
 .text.LCD_Char_1_Enable
                0x00000f44       0x18 .\CortexM3\ARM_GCC_493\Debug\External_LCD_Display.a(LCD_Char_1.o)
                0x00000f44                LCD_Char_1_Enable
 .text.LCD_Char_1_Start
                0x00000f5c       0x20 .\CortexM3\ARM_GCC_493\Debug\External_LCD_Display.a(LCD_Char_1.o)
                0x00000f5c                LCD_Char_1_Start
 .text.LCD_Char_1_Position
                0x00000f7c       0x6c .\CortexM3\ARM_GCC_493\Debug\External_LCD_Display.a(LCD_Char_1.o)
                0x00000f7c                LCD_Char_1_Position
 .text.LCD_Char_1_PrintString
                0x00000fe8       0x38 .\CortexM3\ARM_GCC_493\Debug\External_LCD_Display.a(LCD_Char_1.o)
                0x00000fe8                LCD_Char_1_PrintString
 .text.LCD_Char_1_WriteData
                0x00001020       0x34 .\CortexM3\ARM_GCC_493\Debug\External_LCD_Display.a(LCD_Char_1.o)
                0x00001020                LCD_Char_1_WriteData
 .text.LCD_Char_1_WriteControl
                0x00001054       0x34 .\CortexM3\ARM_GCC_493\Debug\External_LCD_Display.a(LCD_Char_1.o)
                0x00001054                LCD_Char_1_WriteControl
 .text.LCD_Char_1_IsReady
                0x00001088      0x178 .\CortexM3\ARM_GCC_493\Debug\External_LCD_Display.a(LCD_Char_1.o)
                0x00001088                LCD_Char_1_IsReady
 .text.LCD_Char_1_WrDatNib
                0x00001200       0x78 .\CortexM3\ARM_GCC_493\Debug\External_LCD_Display.a(LCD_Char_1.o)
 .text.LCD_Char_1_WrCntrlNib
                0x00001278       0x60 .\CortexM3\ARM_GCC_493\Debug\External_LCD_Display.a(LCD_Char_1.o)
 .text.LCD_Char_1_PrintU32Number
                0x000012d8       0xa4 .\CortexM3\ARM_GCC_493\Debug\External_LCD_Display.a(LCD_Char_1.o)
                0x000012d8                LCD_Char_1_PrintU32Number
 .text.SineWaveClock_SetDividerRegister
                0x0000137c      0x160 .\CortexM3\ARM_GCC_493\Debug\External_LCD_Display.a(SineWaveClock.o)
                0x0000137c                SineWaveClock_SetDividerRegister
 .text.SineWaveClock_GetDividerRegister
                0x000014dc       0x18 .\CortexM3\ARM_GCC_493\Debug\External_LCD_Display.a(SineWaveClock.o)
                0x000014dc                SineWaveClock_GetDividerRegister
 .text.SineWaveClock_GetSourceRegister
                0x000014f4       0x20 .\CortexM3\ARM_GCC_493\Debug\External_LCD_Display.a(SineWaveClock.o)
                0x000014f4                SineWaveClock_GetSourceRegister
 .text.Song1Trigger_Read
                0x00001514       0x20 .\CortexM3\ARM_GCC_493\Debug\External_LCD_Display.a(Song1Trigger.o)
                0x00001514                Song1Trigger_Read
 .text.Song2Trigger_Read
                0x00001534       0x20 .\CortexM3\ARM_GCC_493\Debug\External_LCD_Display.a(Song2Trigger.o)
                0x00001534                Song2Trigger_Read
 .text.SineWaveGen_Init
                0x00001554       0x54 .\CortexM3\ARM_GCC_493\Debug\External_LCD_Display.a(SineWaveGen.o)
                0x00001554                SineWaveGen_Init
 .text.SineWaveGen_Enable
                0x000015a8       0x34 .\CortexM3\ARM_GCC_493\Debug\External_LCD_Display.a(SineWaveGen.o)
                0x000015a8                SineWaveGen_Enable
 .text.SineWaveGen_Start
                0x000015dc       0x20 .\CortexM3\ARM_GCC_493\Debug\External_LCD_Display.a(SineWaveGen.o)
                0x000015dc                SineWaveGen_Start
 .text.SineWaveGen_Stop
                0x000015fc       0x28 .\CortexM3\ARM_GCC_493\Debug\External_LCD_Display.a(SineWaveGen.o)
                0x000015fc                SineWaveGen_Stop
 .text.SineWaveGen_Wave1Setup
                0x00001624       0x70 .\CortexM3\ARM_GCC_493\Debug\External_LCD_Display.a(SineWaveGen.o)
                0x00001624                SineWaveGen_Wave1Setup
 .text.SineWaveGen_Wave2Setup
                0x00001694       0x70 .\CortexM3\ARM_GCC_493\Debug\External_LCD_Display.a(SineWaveGen.o)
                0x00001694                SineWaveGen_Wave2Setup
 .text.Song3Trigger_Read
                0x00001704       0x20 .\CortexM3\ARM_GCC_493\Debug\External_LCD_Display.a(Song3Trigger.o)
                0x00001704                Song3Trigger_Read
 .text.Song4Trigger_Read
                0x00001724       0x20 .\CortexM3\ARM_GCC_493\Debug\External_LCD_Display.a(Song4Trigger.o)
                0x00001724                Song4Trigger_Read
 .text.SineWaveGen_Wave1_DMA_DmaInitialize
                0x00001744       0x68 .\CortexM3\ARM_GCC_493\Debug\External_LCD_Display.a(SineWaveGen_Wave1_DMA_dma.o)
                0x00001744                SineWaveGen_Wave1_DMA_DmaInitialize
 .text.SineWaveGen_Wave2_DMA_DmaInitialize
                0x000017ac       0x68 .\CortexM3\ARM_GCC_493\Debug\External_LCD_Display.a(SineWaveGen_Wave2_DMA_dma.o)
                0x000017ac                SineWaveGen_Wave2_DMA_DmaInitialize
 .text.SineWaveGen_VDAC8_Init
                0x00001814       0x3c .\CortexM3\ARM_GCC_493\Debug\External_LCD_Display.a(SineWaveGen_VDAC8.o)
                0x00001814                SineWaveGen_VDAC8_Init
 .text.SineWaveGen_VDAC8_Enable
                0x00001850       0x34 .\CortexM3\ARM_GCC_493\Debug\External_LCD_Display.a(SineWaveGen_VDAC8.o)
                0x00001850                SineWaveGen_VDAC8_Enable
 .text.SineWaveGen_VDAC8_Stop
                0x00001884       0x34 .\CortexM3\ARM_GCC_493\Debug\External_LCD_Display.a(SineWaveGen_VDAC8.o)
                0x00001884                SineWaveGen_VDAC8_Stop
 .text.SineWaveGen_VDAC8_SetSpeed
                0x000018b8       0x40 .\CortexM3\ARM_GCC_493\Debug\External_LCD_Display.a(SineWaveGen_VDAC8.o)
                0x000018b8                SineWaveGen_VDAC8_SetSpeed
 .text.SineWaveGen_VDAC8_SetRange
                0x000018f8       0x40 .\CortexM3\ARM_GCC_493\Debug\External_LCD_Display.a(SineWaveGen_VDAC8.o)
                0x000018f8                SineWaveGen_VDAC8_SetRange
 .text.SineWaveGen_VDAC8_SetValue
                0x00001938       0x20 .\CortexM3\ARM_GCC_493\Debug\External_LCD_Display.a(SineWaveGen_VDAC8.o)
                0x00001938                SineWaveGen_VDAC8_SetValue
 .text.SineWaveGen_VDAC8_DacTrim
                0x00001958       0x3c .\CortexM3\ARM_GCC_493\Debug\External_LCD_Display.a(SineWaveGen_VDAC8.o)
                0x00001958                SineWaveGen_VDAC8_DacTrim
 .text.SineWaveGen_BuffAmp_Init
                0x00001994        0xc .\CortexM3\ARM_GCC_493\Debug\External_LCD_Display.a(SineWaveGen_BuffAmp.o)
                0x00001994                SineWaveGen_BuffAmp_Init
 .text.SineWaveGen_BuffAmp_Enable
                0x000019a0       0x48 .\CortexM3\ARM_GCC_493\Debug\External_LCD_Display.a(SineWaveGen_BuffAmp.o)
                0x000019a0                SineWaveGen_BuffAmp_Enable
 .text.SineWaveGen_BuffAmp_SetPower
                0x000019e8       0x40 .\CortexM3\ARM_GCC_493\Debug\External_LCD_Display.a(SineWaveGen_BuffAmp.o)
                0x000019e8                SineWaveGen_BuffAmp_SetPower
 .text.PGA_Init
                0x00001a28       0x3c .\CortexM3\ARM_GCC_493\Debug\External_LCD_Display.a(PGA.o)
                0x00001a28                PGA_Init
 .text.PGA_Enable
                0x00001a64       0x48 .\CortexM3\ARM_GCC_493\Debug\External_LCD_Display.a(PGA.o)
                0x00001a64                PGA_Enable
 .text.PGA_Start
                0x00001aac       0x20 .\CortexM3\ARM_GCC_493\Debug\External_LCD_Display.a(PGA.o)
                0x00001aac                PGA_Start
 .text.PGA_SetPower
                0x00001acc       0x38 .\CortexM3\ARM_GCC_493\Debug\External_LCD_Display.a(PGA.o)
                0x00001acc                PGA_SetPower
 .text.PGA_SetGain
                0x00001b04       0xbc .\CortexM3\ARM_GCC_493\Debug\External_LCD_Display.a(PGA.o)
                0x00001b04                PGA_SetGain
 .text.ADC_Init
                0x00001bc0      0x158 .\CortexM3\ARM_GCC_493\Debug\External_LCD_Display.a(ADC.o)
                0x00001bc0                ADC_Init
 .text.ADC_Enable
                0x00001d18      0x158 .\CortexM3\ARM_GCC_493\Debug\External_LCD_Display.a(ADC.o)
                0x00001d18                ADC_Enable
 .text.ADC_Start
                0x00001e70       0x30 .\CortexM3\ARM_GCC_493\Debug\External_LCD_Display.a(ADC.o)
                0x00001e70                ADC_Start
 .text.ADC_StartConvert
                0x00001ea0       0x20 .\CortexM3\ARM_GCC_493\Debug\External_LCD_Display.a(ADC.o)
                0x00001ea0                ADC_StartConvert
 .text.ADC_IsEndConversion
                0x00001ec0       0x50 .\CortexM3\ARM_GCC_493\Debug\External_LCD_Display.a(ADC.o)
                0x00001ec0                ADC_IsEndConversion
 .text.ADC_GetResult16
                0x00001f10       0x7c .\CortexM3\ARM_GCC_493\Debug\External_LCD_Display.a(ADC.o)
                0x00001f10                ADC_GetResult16
 .text.ADC_InitConfig
                0x00001f8c      0x40c .\CortexM3\ARM_GCC_493\Debug\External_LCD_Display.a(ADC.o)
 .text.ADC_GainCompensation
                0x00002398      0x16c .\CortexM3\ARM_GCC_493\Debug\External_LCD_Display.a(ADC.o)
 .text.ADC_SetDSMRef0Reg
                0x00002504       0x78 .\CortexM3\ARM_GCC_493\Debug\External_LCD_Display.a(ADC.o)
 .text.ADC_ISR1
                0x0000257c        0xc .\CortexM3\ARM_GCC_493\Debug\External_LCD_Display.a(ADC_INT.o)
                0x0000257c                ADC_ISR1
 .text.ADC_ISR2
                0x00002588        0xc .\CortexM3\ARM_GCC_493\Debug\External_LCD_Display.a(ADC_INT.o)
                0x00002588                ADC_ISR2
 .text.ADC_ISR3
                0x00002594        0xc .\CortexM3\ARM_GCC_493\Debug\External_LCD_Display.a(ADC_INT.o)
                0x00002594                ADC_ISR3
 .text.ADC_ISR4
                0x000025a0        0xc .\CortexM3\ARM_GCC_493\Debug\External_LCD_Display.a(ADC_INT.o)
                0x000025a0                ADC_ISR4
 .text.ADC_theACLK_SetDividerRegister
                0x000025ac      0x160 .\CortexM3\ARM_GCC_493\Debug\External_LCD_Display.a(ADC_theACLK.o)
                0x000025ac                ADC_theACLK_SetDividerRegister
 .text.ADC_theACLK_GetDividerRegister
                0x0000270c       0x18 .\CortexM3\ARM_GCC_493\Debug\External_LCD_Display.a(ADC_theACLK.o)
                0x0000270c                ADC_theACLK_GetDividerRegister
 .text.ADC_theACLK_SetModeRegister
                0x00002724       0x34 .\CortexM3\ARM_GCC_493\Debug\External_LCD_Display.a(ADC_theACLK.o)
                0x00002724                ADC_theACLK_SetModeRegister
 .text.ADC_theACLK_GetSourceRegister
                0x00002758       0x20 .\CortexM3\ARM_GCC_493\Debug\External_LCD_Display.a(ADC_theACLK.o)
                0x00002758                ADC_theACLK_GetSourceRegister
 .text.ADC_Ext_CP_Clk_SetDividerRegister
                0x00002778      0x160 .\CortexM3\ARM_GCC_493\Debug\External_LCD_Display.a(ADC_Ext_CP_Clk.o)
                0x00002778                ADC_Ext_CP_Clk_SetDividerRegister
 .text.ADC_Ext_CP_Clk_GetDividerRegister
                0x000028d8       0x18 .\CortexM3\ARM_GCC_493\Debug\External_LCD_Display.a(ADC_Ext_CP_Clk.o)
                0x000028d8                ADC_Ext_CP_Clk_GetDividerRegister
 .text.ADC_Ext_CP_Clk_SetModeRegister
                0x000028f0       0x34 .\CortexM3\ARM_GCC_493\Debug\External_LCD_Display.a(ADC_Ext_CP_Clk.o)
                0x000028f0                ADC_Ext_CP_Clk_SetModeRegister
 .text.ADC_Ext_CP_Clk_GetSourceRegister
                0x00002924       0x20 .\CortexM3\ARM_GCC_493\Debug\External_LCD_Display.a(ADC_Ext_CP_Clk.o)
                0x00002924                ADC_Ext_CP_Clk_GetSourceRegister
 .text.VDAC8_1_Init
                0x00002944       0x28 .\CortexM3\ARM_GCC_493\Debug\External_LCD_Display.a(VDAC8_1.o)
                0x00002944                VDAC8_1_Init
 .text.VDAC8_1_Enable
                0x0000296c       0x34 .\CortexM3\ARM_GCC_493\Debug\External_LCD_Display.a(VDAC8_1.o)
                0x0000296c                VDAC8_1_Enable
 .text.VDAC8_1_Start
                0x000029a0       0x28 .\CortexM3\ARM_GCC_493\Debug\External_LCD_Display.a(VDAC8_1.o)
                0x000029a0                VDAC8_1_Start
 .text.VDAC8_1_SetSpeed
                0x000029c8       0x40 .\CortexM3\ARM_GCC_493\Debug\External_LCD_Display.a(VDAC8_1.o)
                0x000029c8                VDAC8_1_SetSpeed
 .text.VDAC8_1_SetRange
                0x00002a08       0x40 .\CortexM3\ARM_GCC_493\Debug\External_LCD_Display.a(VDAC8_1.o)
                0x00002a08                VDAC8_1_SetRange
 .text.VDAC8_1_SetValue
                0x00002a48       0x20 .\CortexM3\ARM_GCC_493\Debug\External_LCD_Display.a(VDAC8_1.o)
                0x00002a48                VDAC8_1_SetValue
 .text.VDAC8_1_DacTrim
                0x00002a68       0x3c .\CortexM3\ARM_GCC_493\Debug\External_LCD_Display.a(VDAC8_1.o)
                0x00002a68                VDAC8_1_DacTrim
 .text.Sensor_Interrupt_Read
                0x00002aa4       0x20 .\CortexM3\ARM_GCC_493\Debug\External_LCD_Display.a(Sensor_Interrupt.o)
                0x00002aa4                Sensor_Interrupt_Read
 .text.SensorScan_Start
                0x00002ac4       0x20 .\CortexM3\ARM_GCC_493\Debug\External_LCD_Display.a(SensorScan.o)
                0x00002ac4                SensorScan_Start
 .text.SensorScan_Init
                0x00002ae4        0xc .\CortexM3\ARM_GCC_493\Debug\External_LCD_Display.a(SensorScan.o)
                0x00002ae4                SensorScan_Init
 .text.SensorScan_Enable
                0x00002af0       0x5c .\CortexM3\ARM_GCC_493\Debug\External_LCD_Display.a(SensorScan.o)
                0x00002af0                SensorScan_Enable
 .text.SensorScan_GetInterruptSource
                0x00002b4c       0x34 .\CortexM3\ARM_GCC_493\Debug\External_LCD_Display.a(SensorScan.o)
                0x00002b4c                SensorScan_GetInterruptSource
 .text.SensorScan_Comp_Init
                0x00002b80       0x64 .\CortexM3\ARM_GCC_493\Debug\External_LCD_Display.a(SensorScan_Comp.o)
                0x00002b80                SensorScan_Comp_Init
 .text.SensorScan_Comp_Enable
                0x00002be4       0x34 .\CortexM3\ARM_GCC_493\Debug\External_LCD_Display.a(SensorScan_Comp.o)
                0x00002be4                SensorScan_Comp_Enable
 .text.SensorScan_Comp_SetSpeed
                0x00002c18       0x80 .\CortexM3\ARM_GCC_493\Debug\External_LCD_Display.a(SensorScan_Comp.o)
                0x00002c18                SensorScan_Comp_SetSpeed
 .text.ADC_AMux_Start
                0x00002c98       0x30 .\CortexM3\ARM_GCC_493\Debug\External_LCD_Display.a(ADC_AMux.o)
                0x00002c98                ADC_AMux_Start
 .text.ADC_AMux_Select
                0x00002cc8       0x28 .\CortexM3\ARM_GCC_493\Debug\External_LCD_Display.a(ADC_AMux.o)
                0x00002cc8                ADC_AMux_Select
 .text          0x00002cf0       0x20 .\CortexM3\ARM_GCC_493\Debug\External_LCD_Display.a(CyBootAsmGnu.o)
                0x00002cf0                CyDelayCycles
                0x00002d00                CyEnterCriticalSection
                0x00002d08                CyExitCriticalSection
 .text.__errno  0x00002d10        0xc c:/program files (x86)/cypress/psoc creator/4.0/psoc creator/import/gnu/arm/4.9.3/bin/../lib/gcc/arm-none-eabi/4.9.3/../../../../arm-none-eabi/lib/armv7-m\libg_nano.a(lib_a-errno.o)
                0x00002d10                __errno
 .text.__libc_init_array
                0x00002d1c       0x4c c:/program files (x86)/cypress/psoc creator/4.0/psoc creator/import/gnu/arm/4.9.3/bin/../lib/gcc/arm-none-eabi/4.9.3/../../../../arm-none-eabi/lib/armv7-m\libg_nano.a(lib_a-init.o)
                0x00002d1c                __libc_init_array
 .text.memcpy   0x00002d68       0x16 c:/program files (x86)/cypress/psoc creator/4.0/psoc creator/import/gnu/arm/4.9.3/bin/../lib/gcc/arm-none-eabi/4.9.3/../../../../arm-none-eabi/lib/armv7-m\libg_nano.a(lib_a-memcpy.o)
                0x00002d68                memcpy
 .text.memset   0x00002d7e       0x10 c:/program files (x86)/cypress/psoc creator/4.0/psoc creator/import/gnu/arm/4.9.3/bin/../lib/gcc/arm-none-eabi/4.9.3/../../../../arm-none-eabi/lib/armv7-m\libg_nano.a(lib_a-memset.o)
                0x00002d7e                memset
 *(.plt)
 *(.gnu.warning)
 *(.glue_7t)
 .glue_7t       0x00000000        0x0 linker stubs
 *(.glue_7)
 .glue_7        0x00000000        0x0 linker stubs
 *(.vfp11_veneer)
 .vfp11_veneer  0x00000000        0x0 linker stubs
 *(.bootloader)
 *(.ARM.extab* .gnu.linkonce.armextab.*)
 *(.gcc_except_table)

.v4_bx          0x00002d90        0x0
 .v4_bx         0x00000000        0x0 linker stubs

.iplt           0x00002d90        0x0
 .iplt          0x00000000        0x0 c:/program files (x86)/cypress/psoc creator/4.0/psoc creator/import/gnu/arm/4.9.3/bin/../lib/gcc/arm-none-eabi/4.9.3/armv7-m/crtbegin.o

.eh_frame_hdr
 *(.eh_frame_hdr)

.eh_frame       0x00002d90        0x4
 *(.eh_frame)
 .eh_frame      0x00002d90        0x0 c:/program files (x86)/cypress/psoc creator/4.0/psoc creator/import/gnu/arm/4.9.3/bin/../lib/gcc/arm-none-eabi/4.9.3/armv7-m/crtbegin.o
 .eh_frame      0x00002d90        0x4 c:/program files (x86)/cypress/psoc creator/4.0/psoc creator/import/gnu/arm/4.9.3/bin/../lib/gcc/arm-none-eabi/4.9.3/armv7-m/crtend.o
                0x00002d94                PROVIDE (__exidx_start, .)

.ARM.exidx
 *(.ARM.exidx* .gnu.linkonce.armexidx.*)
                0x00002d94                __exidx_end = .

.rodata         0x00002d94      0x17c
 *(.rodata .rodata.* .gnu.linkonce.r.*)
 .rodata        0x00002d94       0x28 .\CortexM3\ARM_GCC_493\Debug\main.o
 .rodata        0x00002dbc       0x3c .\CortexM3\ARM_GCC_493\Debug\External_LCD_Display.a(cyfitter_cfg.o)
                0x00002dbc                ADC_AMux__addrTable
                0x00002dc4                ADC_AMux__maskTable
 .rodata        0x00002df8       0xc8 .\CortexM3\ARM_GCC_493\Debug\External_LCD_Display.a(SineWaveGen.o)
                0x00002df8                SineWaveGen_wave1
                0x00002e5c                SineWaveGen_wave2
 .rodata        0x00002ec0       0x18 .\CortexM3\ARM_GCC_493\Debug\External_LCD_Display.a(PGA.o)
 .rodata.str1.1
                0x00002ed8        0x2 c:/program files (x86)/cypress/psoc creator/4.0/psoc creator/import/gnu/arm/4.9.3/bin/../lib/gcc/arm-none-eabi/4.9.3/../../../../arm-none-eabi/lib/armv7-m\libg_nano.a(lib_a-impure.o)
                0x00002edc                . = ALIGN (0x4)
 *fill*         0x00002eda        0x2 
 *(.init)
 .init          0x00002edc        0x4 c:/program files (x86)/cypress/psoc creator/4.0/psoc creator/import/gnu/arm/4.9.3/bin/../lib/gcc/arm-none-eabi/4.9.3/armv7-m/crti.o
                0x00002edc                _init
 .init          0x00002ee0        0x8 c:/program files (x86)/cypress/psoc creator/4.0/psoc creator/import/gnu/arm/4.9.3/bin/../lib/gcc/arm-none-eabi/4.9.3/armv7-m/crtn.o
                0x00002ee8                . = ALIGN (0x4)
                0x00002ee8                __preinit_array_start = .
 *(.preinit_array)
                0x00002ee8                __preinit_array_end = .
                0x00002ee8                . = ALIGN (0x4)
                0x00002ee8                __init_array_start = .
 *(SORT(.init_array.*))
 *(.init_array)
 .init_array    0x00002ee8        0x4 c:/program files (x86)/cypress/psoc creator/4.0/psoc creator/import/gnu/arm/4.9.3/bin/../lib/gcc/arm-none-eabi/4.9.3/armv7-m/crtbegin.o
 .init_array    0x00002eec        0x4 .\CortexM3\ARM_GCC_493\Debug\Cm3Start.o
                0x00002ef0                __init_array_end = .
                0x00002ef0                . = ALIGN (0x4)
 *(.fini)
 .fini          0x00002ef0        0x4 c:/program files (x86)/cypress/psoc creator/4.0/psoc creator/import/gnu/arm/4.9.3/bin/../lib/gcc/arm-none-eabi/4.9.3/armv7-m/crti.o
                0x00002ef0                _fini
 .fini          0x00002ef4        0x8 c:/program files (x86)/cypress/psoc creator/4.0/psoc creator/import/gnu/arm/4.9.3/bin/../lib/gcc/arm-none-eabi/4.9.3/armv7-m/crtn.o
                0x00002efc                . = ALIGN (0x4)
                0x00002efc                __fini_array_start = .
 *(.fini_array)
 .fini_array    0x00002efc        0x4 c:/program files (x86)/cypress/psoc creator/4.0/psoc creator/import/gnu/arm/4.9.3/bin/../lib/gcc/arm-none-eabi/4.9.3/armv7-m/crtbegin.o
 *(SORT(.fini_array.*))
                0x00002f00                __fini_array_end = .
                0x00002f00                . = ALIGN (0x4)
 *crtbegin.o(.ctors)
 *(EXCLUDE_FILE(*crtend.o) .ctors)
 *(SORT(.ctors.*))
 *crtend.o(.ctors)
                0x00002f00                . = ALIGN (0x4)
 *crtbegin.o(.dtors)
 *(EXCLUDE_FILE(*crtend.o) .dtors)
 *(SORT(.dtors.*))
 *crtend.o(.dtors)
                0x00002f00                . = ALIGN (0x4)
                0x00002f00                __cy_regions = .
                0x00002f00        0x4 LONG 0x2f10 __cy_region_init_ram
                0x00002f04        0x4 LONG 0x1fff8108 __cy_region_start_data
                0x00002f08        0x4 LONG 0x88 __cy_region_init_size_ram
                0x00002f0c        0x4 LONG 0x48 __cy_region_zero_size_ram
                0x00002f10                __cy_regions_end = .
                0x00002f10                . = ALIGN (0x8)
                0x00002f10                _etext = .

.cy_checksum_exclude
                0x00002f10        0x0
 *(.cy_checksum_exclude)

.ramvectors     0x1fff8000      0x100
                0x1fff8000                __cy_region_start_ram = .
 *(.ramvectors)
 .ramvectors    0x1fff8000      0x100 .\CortexM3\ARM_GCC_493\Debug\Cm3Start.o
                0x1fff8000                CyRamVectors

.noinit         0x1fff8100        0x5
 *(.noinit)
 .noinit        0x1fff8100        0x4 .\CortexM3\ARM_GCC_493\Debug\Cm3Start.o
 .noinit        0x1fff8104        0x1 .\CortexM3\ARM_GCC_493\Debug\External_LCD_Display.a(CyLib.o)
                0x1fff8104                CyResetStatus

.data           0x1fff8108       0x88 load address 0x00002f10
                0x1fff8108                __cy_region_start_data = .
 *(.jcr)
 .jcr           0x1fff8108        0x0 c:/program files (x86)/cypress/psoc creator/4.0/psoc creator/import/gnu/arm/4.9.3/bin/../lib/gcc/arm-none-eabi/4.9.3/armv7-m/crtbegin.o
 .jcr           0x1fff8108        0x4 c:/program files (x86)/cypress/psoc creator/4.0/psoc creator/import/gnu/arm/4.9.3/bin/../lib/gcc/arm-none-eabi/4.9.3/armv7-m/crtend.o
 *(.got.plt)
 *(.got)
 *(.shdata)
 *(.data .data.* .gnu.linkonce.d.*)
 .data          0x1fff810c        0x8 .\CortexM3\ARM_GCC_493\Debug\External_LCD_Display.a(CyDmac.o)
 .data          0x1fff8114       0x10 .\CortexM3\ARM_GCC_493\Debug\External_LCD_Display.a(CyLib.o)
                0x1fff8114                cydelay_freq_hz
                0x1fff8118                cydelay_freq_khz
                0x1fff811c                cydelay_freq_mhz
                0x1fff8120                cydelay_32k_ms
 .data          0x1fff8124        0x1 .\CortexM3\ARM_GCC_493\Debug\External_LCD_Display.a(SineWaveGen_Wave1_DMA_dma.o)
                0x1fff8124                SineWaveGen_Wave1_DMA_DmaHandle
 .data          0x1fff8125        0x1 .\CortexM3\ARM_GCC_493\Debug\External_LCD_Display.a(SineWaveGen_Wave2_DMA_dma.o)
                0x1fff8125                SineWaveGen_Wave2_DMA_DmaHandle
 .data          0x1fff8126        0x1 .\CortexM3\ARM_GCC_493\Debug\External_LCD_Display.a(ADC.o)
                0x1fff8126                ADC_Config
 .data          0x1fff8127        0x1 .\CortexM3\ARM_GCC_493\Debug\External_LCD_Display.a(ADC_AMux.o)
 .data.impure_data
                0x1fff8128       0x60 c:/program files (x86)/cypress/psoc creator/4.0/psoc creator/import/gnu/arm/4.9.3/bin/../lib/gcc/arm-none-eabi/4.9.3/../../../../arm-none-eabi/lib/armv7-m\libg_nano.a(lib_a-impure.o)
 .data._impure_ptr
                0x1fff8188        0x4 c:/program files (x86)/cypress/psoc creator/4.0/psoc creator/import/gnu/arm/4.9.3/bin/../lib/gcc/arm-none-eabi/4.9.3/../../../../arm-none-eabi/lib/armv7-m\libg_nano.a(lib_a-impure.o)
                0x1fff8188                _impure_ptr
                0x1fff8190                . = ALIGN (0x8)
 *fill*         0x1fff818c        0x4 
 *(.ram)
                0x1fff8190                _edata = .

.igot.plt       0x1fff8190        0x0 load address 0x00002f98
 .igot.plt      0x00000000        0x0 c:/program files (x86)/cypress/psoc creator/4.0/psoc creator/import/gnu/arm/4.9.3/bin/../lib/gcc/arm-none-eabi/4.9.3/armv7-m/crtbegin.o

.bss            0x1fff8190       0x48 load address 0x00002f98
                0x1fff8190                PROVIDE (__bss_start__, .)
 *(.shbss)
 *(.bss .bss.* .gnu.linkonce.b.*)
 .bss           0x1fff8190       0x1c c:/program files (x86)/cypress/psoc creator/4.0/psoc creator/import/gnu/arm/4.9.3/bin/../lib/gcc/arm-none-eabi/4.9.3/armv7-m/crtbegin.o
 .bss           0x1fff81ac        0x2 .\CortexM3\ARM_GCC_493\Debug\External_LCD_Display.a(LCD_Char_1.o)
                0x1fff81ac                LCD_Char_1_enableState
                0x1fff81ad                LCD_Char_1_initVar
 .bss           0x1fff81ae        0x5 .\CortexM3\ARM_GCC_493\Debug\External_LCD_Display.a(SineWaveGen.o)
                0x1fff81ae                SineWaveGen_initVar
 .bss           0x1fff81b3        0x1 .\CortexM3\ARM_GCC_493\Debug\External_LCD_Display.a(PGA.o)
                0x1fff81b3                PGA_initVar
 .bss           0x1fff81b4       0x14 .\CortexM3\ARM_GCC_493\Debug\External_LCD_Display.a(ADC.o)
                0x1fff81b4                ADC_convDone
                0x1fff81b5                ADC_stopConversion
                0x1fff81b6                ADC_initVar
                0x1fff81b7                ADC_started
 .bss           0x1fff81c8        0x1 .\CortexM3\ARM_GCC_493\Debug\External_LCD_Display.a(VDAC8_1.o)
                0x1fff81c8                VDAC8_1_initVar
 .bss           0x1fff81c9        0x1 .\CortexM3\ARM_GCC_493\Debug\External_LCD_Display.a(SensorScan.o)
                0x1fff81c9                SensorScan_initVar
 *(COMMON)
 *fill*         0x1fff81ca        0x2 
 COMMON         0x1fff81cc        0x8 .\CortexM3\ARM_GCC_493\Debug\External_LCD_Display.a(ADC.o)
                0x1fff81cc                ADC_Offset
                0x1fff81d0                ADC_CountsPerVolt
                0x1fff81d8                . = ALIGN (0x8)
 *fill*         0x1fff81d4        0x4 
 *(.ram.b)
                0x1fff81d8                _end = .
                0x1fff81d8                __end = .
                0x1fff81d8                PROVIDE (end, .)
                0x1fff81d8                PROVIDE (__bss_end__, .)
                0x00002f10                __cy_region_init_ram = LOADADDR (.data)
                0x00000088                __cy_region_init_size_ram = (_edata - ADDR (.data))
                0x00000048                __cy_region_zero_size_ram = (_end - _edata)

.heap           0x1fff81d8     0x1000 load address 0x00002f98
                0x1fff81d8                . = _end
                0x1fff91d8                . = (. + 0x1000)
 *fill*         0x1fff81d8     0x1000 
                0x1fff91d8                __cy_heap_limit = .

.stack          0x20004000     0x4000
                0x20004000                __cy_stack_limit = .
                0x20008000                . = (. + 0x4000)
 *fill*         0x20004000     0x4000 
                0x00000001                ASSERT ((__cy_stack_limit >= __cy_heap_limit), region RAM overflowed with stack)
                0x00000000                cy_checksum_exclude_size = (CY_APPL_LOADABLE == 0x1)?SIZEOF (.cy_checksum_exclude):0x0
                0x00000001                ASSERT ((cy_checksum_exclude_size <= CY_CHECKSUM_EXCLUDE_SIZE), CY_BOOT: Section .cy_checksum_exclude size exceedes specified limit.)

.cyloadermeta
 *(.cyloadermeta)

.cyloadablemeta
 *(.cyloadablemeta)

.cyconfigecc    0x80000000      0x434
 *(.cyconfigecc)
 .cyconfigecc   0x80000000      0x434 .\CortexM3\ARM_GCC_493\Debug\cymetadata.o
                0x80000000                cy_meta_configecc

.cycustnvl      0x90000000        0x4
 *(.cycustnvl)
 .cycustnvl     0x90000000        0x4 .\CortexM3\ARM_GCC_493\Debug\cymetadata.o
                0x90000000                cy_meta_custnvl

.cywolatch      0x90100000        0x4
 *(.cywolatch)
 .cywolatch     0x90100000        0x4 .\CortexM3\ARM_GCC_493\Debug\cymetadata.o
                0x90100000                cy_meta_wonvl

.cyeeprom       0x90200000        0x0
 *(.cyeeprom)
                0x00000001                ASSERT ((. <= ((0x90200000 + ee_offset) + ee_size)), .cyeeprom data will not fit in EEPROM)

.cyflashprotect
                0x90400000      0x100
 *(.cyflashprotect)
 .cyflashprotect
                0x90400000      0x100 .\CortexM3\ARM_GCC_493\Debug\cymetadata.o
                0x90400000                cy_meta_flashprotect

.cymeta         0x90500000        0xc
 *(.cymeta)
 .cymeta        0x90500000        0xc .\CortexM3\ARM_GCC_493\Debug\cymetadata.o
                0x90500000                cy_metadata

.rel.dyn        0x00002f98        0x0 load address 0x9050000c
 .rel.iplt      0x00000000        0x0 c:/program files (x86)/cypress/psoc creator/4.0/psoc creator/import/gnu/arm/4.9.3/bin/../lib/gcc/arm-none-eabi/4.9.3/armv7-m/crtbegin.o

.stab
 *(.stab)

.stabstr
 *(.stabstr)

.debug
 *(.debug)

.line
 *(.line)

.debug_srcinfo
 *(.debug_srcinfo)

.debug_sfnames
 *(.debug_sfnames)

.debug_aranges  0x00000000      0xd28
 *(.debug_aranges)
 .debug_aranges
                0x00000000       0x20 .\CortexM3\ARM_GCC_493\Debug\main.o
 .debug_aranges
                0x00000020       0x18 .\CortexM3\ARM_GCC_493\Debug\cymetadata.o
 .debug_aranges
                0x00000038       0x48 .\CortexM3\ARM_GCC_493\Debug\Cm3Start.o
 .debug_aranges
                0x00000080       0x70 .\CortexM3\ARM_GCC_493\Debug\External_LCD_Display.a(cyfitter_cfg.o)
 .debug_aranges
                0x000000f0       0xd8 .\CortexM3\ARM_GCC_493\Debug\External_LCD_Display.a(CyDmac.o)
 .debug_aranges
                0x000001c8      0x2a0 .\CortexM3\ARM_GCC_493\Debug\External_LCD_Display.a(CyLib.o)
 .debug_aranges
                0x00000468       0x98 .\CortexM3\ARM_GCC_493\Debug\External_LCD_Display.a(cyPm.o)
 .debug_aranges
                0x00000500       0x98 .\CortexM3\ARM_GCC_493\Debug\External_LCD_Display.a(LCD_Char_1.o)
 .debug_aranges
                0x00000598       0x70 .\CortexM3\ARM_GCC_493\Debug\External_LCD_Display.a(SineWaveClock.o)
 .debug_aranges
                0x00000608       0x38 .\CortexM3\ARM_GCC_493\Debug\External_LCD_Display.a(Song1Trigger.o)
 .debug_aranges
                0x00000640       0x38 .\CortexM3\ARM_GCC_493\Debug\External_LCD_Display.a(Song2Trigger.o)
 .debug_aranges
                0x00000678       0x50 .\CortexM3\ARM_GCC_493\Debug\External_LCD_Display.a(SineWaveGen.o)
 .debug_aranges
                0x000006c8       0x38 .\CortexM3\ARM_GCC_493\Debug\External_LCD_Display.a(Song3Trigger.o)
 .debug_aranges
                0x00000700       0x38 .\CortexM3\ARM_GCC_493\Debug\External_LCD_Display.a(Song4Trigger.o)
 .debug_aranges
                0x00000738       0x28 .\CortexM3\ARM_GCC_493\Debug\External_LCD_Display.a(SineWaveGen_Wave1_DMA_dma.o)
 .debug_aranges
                0x00000760       0x28 .\CortexM3\ARM_GCC_493\Debug\External_LCD_Display.a(SineWaveGen_Wave2_DMA_dma.o)
 .debug_aranges
                0x00000788       0x58 .\CortexM3\ARM_GCC_493\Debug\External_LCD_Display.a(SineWaveGen_VDAC8.o)
 .debug_aranges
                0x000007e0       0x40 .\CortexM3\ARM_GCC_493\Debug\External_LCD_Display.a(SineWaveGen_BuffAmp.o)
 .debug_aranges
                0x00000820       0x48 .\CortexM3\ARM_GCC_493\Debug\External_LCD_Display.a(PGA.o)
 .debug_aranges
                0x00000868       0xe8 .\CortexM3\ARM_GCC_493\Debug\External_LCD_Display.a(ADC.o)
 .debug_aranges
                0x00000950       0x38 .\CortexM3\ARM_GCC_493\Debug\External_LCD_Display.a(ADC_INT.o)
 .debug_aranges
                0x00000988       0x80 .\CortexM3\ARM_GCC_493\Debug\External_LCD_Display.a(ADC_theACLK.o)
 .debug_aranges
                0x00000a08       0x70 .\CortexM3\ARM_GCC_493\Debug\External_LCD_Display.a(ADC_Ext_CP_Clk.o)
 .debug_aranges
                0x00000a78       0x58 .\CortexM3\ARM_GCC_493\Debug\External_LCD_Display.a(VDAC8_1.o)
 .debug_aranges
                0x00000ad0       0x38 .\CortexM3\ARM_GCC_493\Debug\External_LCD_Display.a(Sensor_Interrupt.o)
 .debug_aranges
                0x00000b08       0x68 .\CortexM3\ARM_GCC_493\Debug\External_LCD_Display.a(SensorScan.o)
 .debug_aranges
                0x00000b70       0x70 .\CortexM3\ARM_GCC_493\Debug\External_LCD_Display.a(SensorScan_Comp.o)
 .debug_aranges
                0x00000be0       0x30 .\CortexM3\ARM_GCC_493\Debug\External_LCD_Display.a(ADC_AMux.o)
 .debug_aranges
                0x00000c10       0x20 .\CortexM3\ARM_GCC_493\Debug\External_LCD_Display.a(CyBootAsmGnu.o)
 .debug_aranges
                0x00000c30       0x80 .\CortexM3\ARM_GCC_493\Debug\External_LCD_Display.a(CyFlash.o)
 .debug_aranges
                0x00000cb0       0x78 .\CortexM3\ARM_GCC_493\Debug\External_LCD_Display.a(CySpc.o)

.debug_pubnames
 *(.debug_pubnames)

.debug_info     0x00000000     0x57c6
 *(.debug_info .gnu.linkonce.wi.*)
 .debug_info    0x00000000      0x172 .\CortexM3\ARM_GCC_493\Debug\main.o
 .debug_info    0x00000172      0x13b .\CortexM3\ARM_GCC_493\Debug\cymetadata.o
 .debug_info    0x000002ad      0x319 .\CortexM3\ARM_GCC_493\Debug\Cm3Start.o
 .debug_info    0x000005c6      0x437 .\CortexM3\ARM_GCC_493\Debug\External_LCD_Display.a(cyfitter_cfg.o)
 .debug_info    0x000009fd      0x8b4 .\CortexM3\ARM_GCC_493\Debug\External_LCD_Display.a(CyDmac.o)
 .debug_info    0x000012b1      0xe4a .\CortexM3\ARM_GCC_493\Debug\External_LCD_Display.a(CyLib.o)
 .debug_info    0x000020fb      0x561 .\CortexM3\ARM_GCC_493\Debug\External_LCD_Display.a(cyPm.o)
 .debug_info    0x0000265c      0x3c8 .\CortexM3\ARM_GCC_493\Debug\External_LCD_Display.a(LCD_Char_1.o)
 .debug_info    0x00002a24      0x25d .\CortexM3\ARM_GCC_493\Debug\External_LCD_Display.a(SineWaveClock.o)
 .debug_info    0x00002c81      0x11e .\CortexM3\ARM_GCC_493\Debug\External_LCD_Display.a(Song1Trigger.o)
 .debug_info    0x00002d9f      0x11e .\CortexM3\ARM_GCC_493\Debug\External_LCD_Display.a(Song2Trigger.o)
 .debug_info    0x00002ebd      0x241 .\CortexM3\ARM_GCC_493\Debug\External_LCD_Display.a(SineWaveGen.o)
 .debug_info    0x000030fe      0x11e .\CortexM3\ARM_GCC_493\Debug\External_LCD_Display.a(Song3Trigger.o)
 .debug_info    0x0000321c      0x11e .\CortexM3\ARM_GCC_493\Debug\External_LCD_Display.a(Song4Trigger.o)
 .debug_info    0x0000333a      0x114 .\CortexM3\ARM_GCC_493\Debug\External_LCD_Display.a(SineWaveGen_Wave1_DMA_dma.o)
 .debug_info    0x0000344e      0x114 .\CortexM3\ARM_GCC_493\Debug\External_LCD_Display.a(SineWaveGen_Wave2_DMA_dma.o)
 .debug_info    0x00003562      0x185 .\CortexM3\ARM_GCC_493\Debug\External_LCD_Display.a(SineWaveGen_VDAC8.o)
 .debug_info    0x000036e7      0x11e .\CortexM3\ARM_GCC_493\Debug\External_LCD_Display.a(SineWaveGen_BuffAmp.o)
 .debug_info    0x00003805      0x186 .\CortexM3\ARM_GCC_493\Debug\External_LCD_Display.a(PGA.o)
 .debug_info    0x0000398b      0x725 .\CortexM3\ARM_GCC_493\Debug\External_LCD_Display.a(ADC.o)
 .debug_info    0x000040b0       0xcc .\CortexM3\ARM_GCC_493\Debug\External_LCD_Display.a(ADC_INT.o)
 .debug_info    0x0000417c      0x299 .\CortexM3\ARM_GCC_493\Debug\External_LCD_Display.a(ADC_theACLK.o)
 .debug_info    0x00004415      0x25d .\CortexM3\ARM_GCC_493\Debug\External_LCD_Display.a(ADC_Ext_CP_Clk.o)
 .debug_info    0x00004672      0x185 .\CortexM3\ARM_GCC_493\Debug\External_LCD_Display.a(VDAC8_1.o)
 .debug_info    0x000047f7      0x11e .\CortexM3\ARM_GCC_493\Debug\External_LCD_Display.a(Sensor_Interrupt.o)
 .debug_info    0x00004915      0x2c9 .\CortexM3\ARM_GCC_493\Debug\External_LCD_Display.a(SensorScan.o)
 .debug_info    0x00004bde      0x23f .\CortexM3\ARM_GCC_493\Debug\External_LCD_Display.a(SensorScan_Comp.o)
 .debug_info    0x00004e1d      0x10a .\CortexM3\ARM_GCC_493\Debug\External_LCD_Display.a(ADC_AMux.o)
 .debug_info    0x00004f27       0xe2 .\CortexM3\ARM_GCC_493\Debug\External_LCD_Display.a(CyBootAsmGnu.o)
 .debug_info    0x00005009      0x36a .\CortexM3\ARM_GCC_493\Debug\External_LCD_Display.a(CyFlash.o)
 .debug_info    0x00005373      0x453 .\CortexM3\ARM_GCC_493\Debug\External_LCD_Display.a(CySpc.o)

.debug_abbrev   0x00000000     0x1d77
 *(.debug_abbrev)
 .debug_abbrev  0x00000000       0x85 .\CortexM3\ARM_GCC_493\Debug\main.o
 .debug_abbrev  0x00000085       0x66 .\CortexM3\ARM_GCC_493\Debug\cymetadata.o
 .debug_abbrev  0x000000eb      0x1b6 .\CortexM3\ARM_GCC_493\Debug\Cm3Start.o
 .debug_abbrev  0x000002a1      0x1b0 .\CortexM3\ARM_GCC_493\Debug\External_LCD_Display.a(cyfitter_cfg.o)
 .debug_abbrev  0x00000451      0x194 .\CortexM3\ARM_GCC_493\Debug\External_LCD_Display.a(CyDmac.o)
 .debug_abbrev  0x000005e5      0x217 .\CortexM3\ARM_GCC_493\Debug\External_LCD_Display.a(CyLib.o)
 .debug_abbrev  0x000007fc      0x161 .\CortexM3\ARM_GCC_493\Debug\External_LCD_Display.a(cyPm.o)
 .debug_abbrev  0x0000095d      0x120 .\CortexM3\ARM_GCC_493\Debug\External_LCD_Display.a(LCD_Char_1.o)
 .debug_abbrev  0x00000a7d      0x11d .\CortexM3\ARM_GCC_493\Debug\External_LCD_Display.a(SineWaveClock.o)
 .debug_abbrev  0x00000b9a       0x90 .\CortexM3\ARM_GCC_493\Debug\External_LCD_Display.a(Song1Trigger.o)
 .debug_abbrev  0x00000c2a       0x90 .\CortexM3\ARM_GCC_493\Debug\External_LCD_Display.a(Song2Trigger.o)
 .debug_abbrev  0x00000cba       0xe3 .\CortexM3\ARM_GCC_493\Debug\External_LCD_Display.a(SineWaveGen.o)
 .debug_abbrev  0x00000d9d       0x90 .\CortexM3\ARM_GCC_493\Debug\External_LCD_Display.a(Song3Trigger.o)
 .debug_abbrev  0x00000e2d       0x90 .\CortexM3\ARM_GCC_493\Debug\External_LCD_Display.a(Song4Trigger.o)
 .debug_abbrev  0x00000ebd       0x8b .\CortexM3\ARM_GCC_493\Debug\External_LCD_Display.a(SineWaveGen_Wave1_DMA_dma.o)
 .debug_abbrev  0x00000f48       0x8b .\CortexM3\ARM_GCC_493\Debug\External_LCD_Display.a(SineWaveGen_Wave2_DMA_dma.o)
 .debug_abbrev  0x00000fd3       0xeb .\CortexM3\ARM_GCC_493\Debug\External_LCD_Display.a(SineWaveGen_VDAC8.o)
 .debug_abbrev  0x000010be       0xa8 .\CortexM3\ARM_GCC_493\Debug\External_LCD_Display.a(SineWaveGen_BuffAmp.o)
 .debug_abbrev  0x00001166       0xd0 .\CortexM3\ARM_GCC_493\Debug\External_LCD_Display.a(PGA.o)
 .debug_abbrev  0x00001236      0x19d .\CortexM3\ARM_GCC_493\Debug\External_LCD_Display.a(ADC.o)
 .debug_abbrev  0x000013d3       0x42 .\CortexM3\ARM_GCC_493\Debug\External_LCD_Display.a(ADC_INT.o)
 .debug_abbrev  0x00001415      0x11d .\CortexM3\ARM_GCC_493\Debug\External_LCD_Display.a(ADC_theACLK.o)
 .debug_abbrev  0x00001532      0x11d .\CortexM3\ARM_GCC_493\Debug\External_LCD_Display.a(ADC_Ext_CP_Clk.o)
 .debug_abbrev  0x0000164f       0xeb .\CortexM3\ARM_GCC_493\Debug\External_LCD_Display.a(VDAC8_1.o)
 .debug_abbrev  0x0000173a       0x90 .\CortexM3\ARM_GCC_493\Debug\External_LCD_Display.a(Sensor_Interrupt.o)
 .debug_abbrev  0x000017ca      0x13c .\CortexM3\ARM_GCC_493\Debug\External_LCD_Display.a(SensorScan.o)
 .debug_abbrev  0x00001906      0x146 .\CortexM3\ARM_GCC_493\Debug\External_LCD_Display.a(SensorScan_Comp.o)
 .debug_abbrev  0x00001a4c       0x6f .\CortexM3\ARM_GCC_493\Debug\External_LCD_Display.a(ADC_AMux.o)
 .debug_abbrev  0x00001abb       0x14 .\CortexM3\ARM_GCC_493\Debug\External_LCD_Display.a(CyBootAsmGnu.o)
 .debug_abbrev  0x00001acf      0x13c .\CortexM3\ARM_GCC_493\Debug\External_LCD_Display.a(CyFlash.o)
 .debug_abbrev  0x00001c0b      0x16c .\CortexM3\ARM_GCC_493\Debug\External_LCD_Display.a(CySpc.o)

.debug_line     0x00000000     0x3065
 *(.debug_line)
 .debug_line    0x00000000      0x1b8 .\CortexM3\ARM_GCC_493\Debug\main.o
 .debug_line    0x000001b8       0x51 .\CortexM3\ARM_GCC_493\Debug\cymetadata.o
 .debug_line    0x00000209      0x1db .\CortexM3\ARM_GCC_493\Debug\Cm3Start.o
 .debug_line    0x000003e4      0x233 .\CortexM3\ARM_GCC_493\Debug\External_LCD_Display.a(cyfitter_cfg.o)
 .debug_line    0x00000617      0x2b5 .\CortexM3\ARM_GCC_493\Debug\External_LCD_Display.a(CyDmac.o)
 .debug_line    0x000008cc      0x882 .\CortexM3\ARM_GCC_493\Debug\External_LCD_Display.a(CyLib.o)
 .debug_line    0x0000114e      0x37f .\CortexM3\ARM_GCC_493\Debug\External_LCD_Display.a(cyPm.o)
 .debug_line    0x000014cd      0x1e8 .\CortexM3\ARM_GCC_493\Debug\External_LCD_Display.a(LCD_Char_1.o)
 .debug_line    0x000016b5      0x1a8 .\CortexM3\ARM_GCC_493\Debug\External_LCD_Display.a(SineWaveClock.o)
 .debug_line    0x0000185d       0x9b .\CortexM3\ARM_GCC_493\Debug\External_LCD_Display.a(Song1Trigger.o)
 .debug_line    0x000018f8       0x9b .\CortexM3\ARM_GCC_493\Debug\External_LCD_Display.a(Song2Trigger.o)
 .debug_line    0x00001993       0xf1 .\CortexM3\ARM_GCC_493\Debug\External_LCD_Display.a(SineWaveGen.o)
 .debug_line    0x00001a84       0x9b .\CortexM3\ARM_GCC_493\Debug\External_LCD_Display.a(Song3Trigger.o)
 .debug_line    0x00001b1f       0x9b .\CortexM3\ARM_GCC_493\Debug\External_LCD_Display.a(Song4Trigger.o)
 .debug_line    0x00001bba       0x88 .\CortexM3\ARM_GCC_493\Debug\External_LCD_Display.a(SineWaveGen_Wave1_DMA_dma.o)
 .debug_line    0x00001c42       0x88 .\CortexM3\ARM_GCC_493\Debug\External_LCD_Display.a(SineWaveGen_Wave2_DMA_dma.o)
 .debug_line    0x00001cca       0xf9 .\CortexM3\ARM_GCC_493\Debug\External_LCD_Display.a(SineWaveGen_VDAC8.o)
 .debug_line    0x00001dc3       0xbb .\CortexM3\ARM_GCC_493\Debug\External_LCD_Display.a(SineWaveGen_BuffAmp.o)
 .debug_line    0x00001e7e       0xd3 .\CortexM3\ARM_GCC_493\Debug\External_LCD_Display.a(PGA.o)
 .debug_line    0x00001f51      0x3c8 .\CortexM3\ARM_GCC_493\Debug\External_LCD_Display.a(ADC.o)
 .debug_line    0x00002319       0x8c .\CortexM3\ARM_GCC_493\Debug\External_LCD_Display.a(ADC_INT.o)
 .debug_line    0x000023a5      0x1ca .\CortexM3\ARM_GCC_493\Debug\External_LCD_Display.a(ADC_theACLK.o)
 .debug_line    0x0000256f      0x1a9 .\CortexM3\ARM_GCC_493\Debug\External_LCD_Display.a(ADC_Ext_CP_Clk.o)
 .debug_line    0x00002718       0xf0 .\CortexM3\ARM_GCC_493\Debug\External_LCD_Display.a(VDAC8_1.o)
 .debug_line    0x00002808       0x9f .\CortexM3\ARM_GCC_493\Debug\External_LCD_Display.a(Sensor_Interrupt.o)
 .debug_line    0x000028a7      0x12d .\CortexM3\ARM_GCC_493\Debug\External_LCD_Display.a(SensorScan.o)
 .debug_line    0x000029d4      0x174 .\CortexM3\ARM_GCC_493\Debug\External_LCD_Display.a(SensorScan_Comp.o)
 .debug_line    0x00002b48       0x9d .\CortexM3\ARM_GCC_493\Debug\External_LCD_Display.a(ADC_AMux.o)
 .debug_line    0x00002be5       0x66 .\CortexM3\ARM_GCC_493\Debug\External_LCD_Display.a(CyBootAsmGnu.o)
 .debug_line    0x00002c4b      0x205 .\CortexM3\ARM_GCC_493\Debug\External_LCD_Display.a(CyFlash.o)
 .debug_line    0x00002e50      0x215 .\CortexM3\ARM_GCC_493\Debug\External_LCD_Display.a(CySpc.o)

.debug_frame    0x00000000     0x3294
 *(.debug_frame)
 .debug_frame   0x00000000       0x30 .\CortexM3\ARM_GCC_493\Debug\main.o
 .debug_frame   0x00000030       0xd8 .\CortexM3\ARM_GCC_493\Debug\Cm3Start.o
 .debug_frame   0x00000108      0x1bc .\CortexM3\ARM_GCC_493\Debug\External_LCD_Display.a(cyfitter_cfg.o)
 .debug_frame   0x000002c4      0x3d0 .\CortexM3\ARM_GCC_493\Debug\External_LCD_Display.a(CyDmac.o)
 .debug_frame   0x00000694      0xc0c .\CortexM3\ARM_GCC_493\Debug\External_LCD_Display.a(CyLib.o)
 .debug_frame   0x000012a0      0x234 .\CortexM3\ARM_GCC_493\Debug\External_LCD_Display.a(cyPm.o)
 .debug_frame   0x000014d4      0x260 .\CortexM3\ARM_GCC_493\Debug\External_LCD_Display.a(LCD_Char_1.o)
 .debug_frame   0x00001734      0x1b4 .\CortexM3\ARM_GCC_493\Debug\External_LCD_Display.a(SineWaveClock.o)
 .debug_frame   0x000018e8       0xa8 .\CortexM3\ARM_GCC_493\Debug\External_LCD_Display.a(Song1Trigger.o)
 .debug_frame   0x00001990       0xa8 .\CortexM3\ARM_GCC_493\Debug\External_LCD_Display.a(Song2Trigger.o)
 .debug_frame   0x00001a38       0xf8 .\CortexM3\ARM_GCC_493\Debug\External_LCD_Display.a(SineWaveGen.o)
 .debug_frame   0x00001b30       0xa8 .\CortexM3\ARM_GCC_493\Debug\External_LCD_Display.a(Song3Trigger.o)
 .debug_frame   0x00001bd8       0xa8 .\CortexM3\ARM_GCC_493\Debug\External_LCD_Display.a(Song4Trigger.o)
 .debug_frame   0x00001c80       0x58 .\CortexM3\ARM_GCC_493\Debug\External_LCD_Display.a(SineWaveGen_Wave1_DMA_dma.o)
 .debug_frame   0x00001cd8       0x58 .\CortexM3\ARM_GCC_493\Debug\External_LCD_Display.a(SineWaveGen_Wave2_DMA_dma.o)
 .debug_frame   0x00001d30      0x130 .\CortexM3\ARM_GCC_493\Debug\External_LCD_Display.a(SineWaveGen_VDAC8.o)
 .debug_frame   0x00001e60       0xb8 .\CortexM3\ARM_GCC_493\Debug\External_LCD_Display.a(SineWaveGen_BuffAmp.o)
 .debug_frame   0x00001f18       0xe0 .\CortexM3\ARM_GCC_493\Debug\External_LCD_Display.a(PGA.o)
 .debug_frame   0x00001ff8      0x40c .\CortexM3\ARM_GCC_493\Debug\External_LCD_Display.a(ADC.o)
 .debug_frame   0x00002404       0xa0 .\CortexM3\ARM_GCC_493\Debug\External_LCD_Display.a(ADC_INT.o)
 .debug_frame   0x000024a4      0x200 .\CortexM3\ARM_GCC_493\Debug\External_LCD_Display.a(ADC_theACLK.o)
 .debug_frame   0x000026a4      0x1b4 .\CortexM3\ARM_GCC_493\Debug\External_LCD_Display.a(ADC_Ext_CP_Clk.o)
 .debug_frame   0x00002858      0x130 .\CortexM3\ARM_GCC_493\Debug\External_LCD_Display.a(VDAC8_1.o)
 .debug_frame   0x00002988       0xa8 .\CortexM3\ARM_GCC_493\Debug\External_LCD_Display.a(Sensor_Interrupt.o)
 .debug_frame   0x00002a30      0x17c .\CortexM3\ARM_GCC_493\Debug\External_LCD_Display.a(SensorScan.o)
 .debug_frame   0x00002bac      0x19c .\CortexM3\ARM_GCC_493\Debug\External_LCD_Display.a(SensorScan_Comp.o)
 .debug_frame   0x00002d48       0x88 .\CortexM3\ARM_GCC_493\Debug\External_LCD_Display.a(ADC_AMux.o)
 .debug_frame   0x00002dd0      0x210 .\CortexM3\ARM_GCC_493\Debug\External_LCD_Display.a(CyFlash.o)
 .debug_frame   0x00002fe0      0x1f8 .\CortexM3\ARM_GCC_493\Debug\External_LCD_Display.a(CySpc.o)
 .debug_frame   0x000031d8       0x20 c:/program files (x86)/cypress/psoc creator/4.0/psoc creator/import/gnu/arm/4.9.3/bin/../lib/gcc/arm-none-eabi/4.9.3/../../../../arm-none-eabi/lib/armv7-m\libg_nano.a(lib_a-errno.o)
 .debug_frame   0x000031f8       0x28 c:/program files (x86)/cypress/psoc creator/4.0/psoc creator/import/gnu/arm/4.9.3/bin/../lib/gcc/arm-none-eabi/4.9.3/../../../../arm-none-eabi/lib/armv7-m\libg_nano.a(lib_a-exit.o)
 .debug_frame   0x00003220       0x2c c:/program files (x86)/cypress/psoc creator/4.0/psoc creator/import/gnu/arm/4.9.3/bin/../lib/gcc/arm-none-eabi/4.9.3/../../../../arm-none-eabi/lib/armv7-m\libg_nano.a(lib_a-init.o)
 .debug_frame   0x0000324c       0x28 c:/program files (x86)/cypress/psoc creator/4.0/psoc creator/import/gnu/arm/4.9.3/bin/../lib/gcc/arm-none-eabi/4.9.3/../../../../arm-none-eabi/lib/armv7-m\libg_nano.a(lib_a-memcpy.o)
 .debug_frame   0x00003274       0x20 c:/program files (x86)/cypress/psoc creator/4.0/psoc creator/import/gnu/arm/4.9.3/bin/../lib/gcc/arm-none-eabi/4.9.3/../../../../arm-none-eabi/lib/armv7-m\libg_nano.a(lib_a-memset.o)

.debug_str      0x00000000     0x2c67
 *(.debug_str)
 .debug_str     0x00000000      0x20a .\CortexM3\ARM_GCC_493\Debug\main.o
                                0x258 (size before relaxing)
 .debug_str     0x0000020a       0x75 .\CortexM3\ARM_GCC_493\Debug\cymetadata.o
                                0x23c (size before relaxing)
 .debug_str     0x0000027f      0x136 .\CortexM3\ARM_GCC_493\Debug\Cm3Start.o
                                0x31d (size before relaxing)
 .debug_str     0x000003b5      0x1a1 .\CortexM3\ARM_GCC_493\Debug\External_LCD_Display.a(cyfitter_cfg.o)
                                0x395 (size before relaxing)
 .debug_str     0x00000556      0x36d .\CortexM3\ARM_GCC_493\Debug\External_LCD_Display.a(CyDmac.o)
                                0x563 (size before relaxing)
 .debug_str     0x000008c3      0x7de .\CortexM3\ARM_GCC_493\Debug\External_LCD_Display.a(CyLib.o)
                                0xa30 (size before relaxing)
 .debug_str     0x000010a1      0x365 .\CortexM3\ARM_GCC_493\Debug\External_LCD_Display.a(cyPm.o)
                                0x57d (size before relaxing)
 .debug_str     0x00001406      0x1f4 .\CortexM3\ARM_GCC_493\Debug\External_LCD_Display.a(LCD_Char_1.o)
                                0x3eb (size before relaxing)
 .debug_str     0x000015fa      0x1aa .\CortexM3\ARM_GCC_493\Debug\External_LCD_Display.a(SineWaveClock.o)
                                0x388 (size before relaxing)
 .debug_str     0x000017a4       0x89 .\CortexM3\ARM_GCC_493\Debug\External_LCD_Display.a(Song1Trigger.o)
                                0x257 (size before relaxing)
 .debug_str     0x0000182d       0x7e .\CortexM3\ARM_GCC_493\Debug\External_LCD_Display.a(Song2Trigger.o)
                                0x257 (size before relaxing)
 .debug_str     0x000018ab      0x177 .\CortexM3\ARM_GCC_493\Debug\External_LCD_Display.a(SineWaveGen.o)
                                0x34c (size before relaxing)
 .debug_str     0x00001a22       0x7e .\CortexM3\ARM_GCC_493\Debug\External_LCD_Display.a(Song3Trigger.o)
                                0x257 (size before relaxing)
 .debug_str     0x00001aa0       0x7e .\CortexM3\ARM_GCC_493\Debug\External_LCD_Display.a(Song4Trigger.o)
                                0x257 (size before relaxing)
 .debug_str     0x00001b1e       0xd3 .\CortexM3\ARM_GCC_493\Debug\External_LCD_Display.a(SineWaveGen_Wave1_DMA_dma.o)
                                0x2a1 (size before relaxing)
 .debug_str     0x00001bf1       0x98 .\CortexM3\ARM_GCC_493\Debug\External_LCD_Display.a(SineWaveGen_Wave2_DMA_dma.o)
                                0x2a1 (size before relaxing)
 .debug_str     0x00001c89      0x11b .\CortexM3\ARM_GCC_493\Debug\External_LCD_Display.a(SineWaveGen_VDAC8.o)
                                0x2e9 (size before relaxing)
 .debug_str     0x00001da4       0xd3 .\CortexM3\ARM_GCC_493\Debug\External_LCD_Display.a(SineWaveGen_BuffAmp.o)
                                0x29f (size before relaxing)
 .debug_str     0x00001e77       0x8f .\CortexM3\ARM_GCC_493\Debug\External_LCD_Display.a(PGA.o)
                                0x261 (size before relaxing)
 .debug_str     0x00001f06      0x2ed .\CortexM3\ARM_GCC_493\Debug\External_LCD_Display.a(ADC.o)
                                0x525 (size before relaxing)
 .debug_str     0x000021f3       0x45 .\CortexM3\ARM_GCC_493\Debug\External_LCD_Display.a(ADC_INT.o)
                                0x206 (size before relaxing)
 .debug_str     0x00002238      0x18a .\CortexM3\ARM_GCC_493\Debug\External_LCD_Display.a(ADC_theACLK.o)
                                0x3b3 (size before relaxing)
 .debug_str     0x000023c2      0x16b .\CortexM3\ARM_GCC_493\Debug\External_LCD_Display.a(ADC_Ext_CP_Clk.o)
                                0x394 (size before relaxing)
 .debug_str     0x0000252d       0xab .\CortexM3\ARM_GCC_493\Debug\External_LCD_Display.a(VDAC8_1.o)
                                0x285 (size before relaxing)
 .debug_str     0x000025d8       0x92 .\CortexM3\ARM_GCC_493\Debug\External_LCD_Display.a(Sensor_Interrupt.o)
                                0x26b (size before relaxing)
 .debug_str     0x0000266a      0x18e .\CortexM3\ARM_GCC_493\Debug\External_LCD_Display.a(SensorScan.o)
                                0x37c (size before relaxing)
 .debug_str     0x000027f8      0x19c .\CortexM3\ARM_GCC_493\Debug\External_LCD_Display.a(SensorScan_Comp.o)
                                0x389 (size before relaxing)
 .debug_str     0x00002994       0x6f .\CortexM3\ARM_GCC_493\Debug\External_LCD_Display.a(ADC_AMux.o)
                                0x235 (size before relaxing)
 .debug_str     0x00002a03      0x145 .\CortexM3\ARM_GCC_493\Debug\External_LCD_Display.a(CyFlash.o)
                                0x33c (size before relaxing)
 .debug_str     0x00002b48      0x11f .\CortexM3\ARM_GCC_493\Debug\External_LCD_Display.a(CySpc.o)
                                0x339 (size before relaxing)

.debug_loc
 *(.debug_loc)

.debug_macinfo
 *(.debug_macinfo)

.debug_ranges   0x00000000      0xb20
 *(.debug_ranges)
 .debug_ranges  0x00000000       0x10 .\CortexM3\ARM_GCC_493\Debug\main.o
 .debug_ranges  0x00000010       0x38 .\CortexM3\ARM_GCC_493\Debug\Cm3Start.o
 .debug_ranges  0x00000048       0x60 .\CortexM3\ARM_GCC_493\Debug\External_LCD_Display.a(cyfitter_cfg.o)
 .debug_ranges  0x000000a8       0xc8 .\CortexM3\ARM_GCC_493\Debug\External_LCD_Display.a(CyDmac.o)
 .debug_ranges  0x00000170      0x290 .\CortexM3\ARM_GCC_493\Debug\External_LCD_Display.a(CyLib.o)
 .debug_ranges  0x00000400       0x88 .\CortexM3\ARM_GCC_493\Debug\External_LCD_Display.a(cyPm.o)
 .debug_ranges  0x00000488       0x88 .\CortexM3\ARM_GCC_493\Debug\External_LCD_Display.a(LCD_Char_1.o)
 .debug_ranges  0x00000510       0x60 .\CortexM3\ARM_GCC_493\Debug\External_LCD_Display.a(SineWaveClock.o)
 .debug_ranges  0x00000570       0x28 .\CortexM3\ARM_GCC_493\Debug\External_LCD_Display.a(Song1Trigger.o)
 .debug_ranges  0x00000598       0x28 .\CortexM3\ARM_GCC_493\Debug\External_LCD_Display.a(Song2Trigger.o)
 .debug_ranges  0x000005c0       0x40 .\CortexM3\ARM_GCC_493\Debug\External_LCD_Display.a(SineWaveGen.o)
 .debug_ranges  0x00000600       0x28 .\CortexM3\ARM_GCC_493\Debug\External_LCD_Display.a(Song3Trigger.o)
 .debug_ranges  0x00000628       0x28 .\CortexM3\ARM_GCC_493\Debug\External_LCD_Display.a(Song4Trigger.o)
 .debug_ranges  0x00000650       0x18 .\CortexM3\ARM_GCC_493\Debug\External_LCD_Display.a(SineWaveGen_Wave1_DMA_dma.o)
 .debug_ranges  0x00000668       0x18 .\CortexM3\ARM_GCC_493\Debug\External_LCD_Display.a(SineWaveGen_Wave2_DMA_dma.o)
 .debug_ranges  0x00000680       0x48 .\CortexM3\ARM_GCC_493\Debug\External_LCD_Display.a(SineWaveGen_VDAC8.o)
 .debug_ranges  0x000006c8       0x30 .\CortexM3\ARM_GCC_493\Debug\External_LCD_Display.a(SineWaveGen_BuffAmp.o)
 .debug_ranges  0x000006f8       0x38 .\CortexM3\ARM_GCC_493\Debug\External_LCD_Display.a(PGA.o)
 .debug_ranges  0x00000730       0xd8 .\CortexM3\ARM_GCC_493\Debug\External_LCD_Display.a(ADC.o)
 .debug_ranges  0x00000808       0x28 .\CortexM3\ARM_GCC_493\Debug\External_LCD_Display.a(ADC_INT.o)
 .debug_ranges  0x00000830       0x70 .\CortexM3\ARM_GCC_493\Debug\External_LCD_Display.a(ADC_theACLK.o)
 .debug_ranges  0x000008a0       0x60 .\CortexM3\ARM_GCC_493\Debug\External_LCD_Display.a(ADC_Ext_CP_Clk.o)
 .debug_ranges  0x00000900       0x48 .\CortexM3\ARM_GCC_493\Debug\External_LCD_Display.a(VDAC8_1.o)
 .debug_ranges  0x00000948       0x28 .\CortexM3\ARM_GCC_493\Debug\External_LCD_Display.a(Sensor_Interrupt.o)
 .debug_ranges  0x00000970       0x58 .\CortexM3\ARM_GCC_493\Debug\External_LCD_Display.a(SensorScan.o)
 .debug_ranges  0x000009c8       0x60 .\CortexM3\ARM_GCC_493\Debug\External_LCD_Display.a(SensorScan_Comp.o)
 .debug_ranges  0x00000a28       0x20 .\CortexM3\ARM_GCC_493\Debug\External_LCD_Display.a(ADC_AMux.o)
 .debug_ranges  0x00000a48       0x70 .\CortexM3\ARM_GCC_493\Debug\External_LCD_Display.a(CyFlash.o)
 .debug_ranges  0x00000ab8       0x68 .\CortexM3\ARM_GCC_493\Debug\External_LCD_Display.a(CySpc.o)

.comment        0x00000000       0x70
 .comment       0x00000000       0x70 .\CortexM3\ARM_GCC_493\Debug\main.o
                                 0x71 (size before relaxing)
 .comment       0x00000000       0x71 .\CortexM3\ARM_GCC_493\Debug\cymetadata.o
 .comment       0x00000000       0x71 .\CortexM3\ARM_GCC_493\Debug\Cm3Start.o
 .comment       0x00000000       0x71 .\CortexM3\ARM_GCC_493\Debug\External_LCD_Display.a(cyfitter_cfg.o)
 .comment       0x00000000       0x71 .\CortexM3\ARM_GCC_493\Debug\External_LCD_Display.a(CyDmac.o)
 .comment       0x00000000       0x71 .\CortexM3\ARM_GCC_493\Debug\External_LCD_Display.a(CyLib.o)
 .comment       0x00000000       0x71 .\CortexM3\ARM_GCC_493\Debug\External_LCD_Display.a(cyPm.o)
 .comment       0x00000000       0x71 .\CortexM3\ARM_GCC_493\Debug\External_LCD_Display.a(LCD_Char_1.o)
 .comment       0x00000000       0x71 .\CortexM3\ARM_GCC_493\Debug\External_LCD_Display.a(SineWaveClock.o)
 .comment       0x00000000       0x71 .\CortexM3\ARM_GCC_493\Debug\External_LCD_Display.a(Song1Trigger.o)
 .comment       0x00000000       0x71 .\CortexM3\ARM_GCC_493\Debug\External_LCD_Display.a(Song2Trigger.o)
 .comment       0x00000000       0x71 .\CortexM3\ARM_GCC_493\Debug\External_LCD_Display.a(SineWaveGen.o)
 .comment       0x00000000       0x71 .\CortexM3\ARM_GCC_493\Debug\External_LCD_Display.a(Song3Trigger.o)
 .comment       0x00000000       0x71 .\CortexM3\ARM_GCC_493\Debug\External_LCD_Display.a(Song4Trigger.o)
 .comment       0x00000000       0x71 .\CortexM3\ARM_GCC_493\Debug\External_LCD_Display.a(SineWaveGen_Wave1_DMA_dma.o)
 .comment       0x00000000       0x71 .\CortexM3\ARM_GCC_493\Debug\External_LCD_Display.a(SineWaveGen_Wave2_DMA_dma.o)
 .comment       0x00000000       0x71 .\CortexM3\ARM_GCC_493\Debug\External_LCD_Display.a(SineWaveGen_VDAC8.o)
 .comment       0x00000000       0x71 .\CortexM3\ARM_GCC_493\Debug\External_LCD_Display.a(SineWaveGen_BuffAmp.o)
 .comment       0x00000000       0x71 .\CortexM3\ARM_GCC_493\Debug\External_LCD_Display.a(PGA.o)
 .comment       0x00000000       0x71 .\CortexM3\ARM_GCC_493\Debug\External_LCD_Display.a(ADC.o)
 .comment       0x00000000       0x71 .\CortexM3\ARM_GCC_493\Debug\External_LCD_Display.a(ADC_INT.o)
 .comment       0x00000000       0x71 .\CortexM3\ARM_GCC_493\Debug\External_LCD_Display.a(ADC_theACLK.o)
 .comment       0x00000000       0x71 .\CortexM3\ARM_GCC_493\Debug\External_LCD_Display.a(ADC_Ext_CP_Clk.o)
 .comment       0x00000000       0x71 .\CortexM3\ARM_GCC_493\Debug\External_LCD_Display.a(VDAC8_1.o)
 .comment       0x00000000       0x71 .\CortexM3\ARM_GCC_493\Debug\External_LCD_Display.a(Sensor_Interrupt.o)
 .comment       0x00000000       0x71 .\CortexM3\ARM_GCC_493\Debug\External_LCD_Display.a(SensorScan.o)
 .comment       0x00000000       0x71 .\CortexM3\ARM_GCC_493\Debug\External_LCD_Display.a(SensorScan_Comp.o)
 .comment       0x00000000       0x71 .\CortexM3\ARM_GCC_493\Debug\External_LCD_Display.a(ADC_AMux.o)
 .comment       0x00000000       0x71 .\CortexM3\ARM_GCC_493\Debug\External_LCD_Display.a(CyFlash.o)
 .comment       0x00000000       0x71 .\CortexM3\ARM_GCC_493\Debug\External_LCD_Display.a(CySpc.o)

.debug_weaknames
 *(.debug_weaknames)

.debug_funcnames
 *(.debug_funcnames)

.debug_typenames
 *(.debug_typenames)

.debug_varnames
 *(.debug_varnames)

.note.gnu.arm.ident
 *(.note.gnu.arm.ident)

.ARM.attributes
                0x00000000       0x29
 *(.ARM.attributes)
 .ARM.attributes
                0x00000000       0x1d c:/program files (x86)/cypress/psoc creator/4.0/psoc creator/import/gnu/arm/4.9.3/bin/../lib/gcc/arm-none-eabi/4.9.3/armv7-m/crti.o
 .ARM.attributes
                0x0000001d       0x2d c:/program files (x86)/cypress/psoc creator/4.0/psoc creator/import/gnu/arm/4.9.3/bin/../lib/gcc/arm-none-eabi/4.9.3/armv7-m/crtbegin.o
 .ARM.attributes
                0x0000004a       0x1b c:/program files (x86)/cypress/psoc creator/4.0/psoc creator/import/gnu/arm/4.9.3/bin/../lib/gcc/arm-none-eabi/4.9.3/../../../../arm-none-eabi/lib/armv7-m/crt0.o
 .ARM.attributes
                0x00000065       0x33 .\CortexM3\ARM_GCC_493\Debug\main.o
 .ARM.attributes
                0x00000098       0x33 .\CortexM3\ARM_GCC_493\Debug\cymetadata.o
 .ARM.attributes
                0x000000cb       0x33 .\CortexM3\ARM_GCC_493\Debug\Cm3Start.o
 .ARM.attributes
                0x000000fe       0x33 .\CortexM3\ARM_GCC_493\Debug\External_LCD_Display.a(cyfitter_cfg.o)
 .ARM.attributes
                0x00000131       0x33 .\CortexM3\ARM_GCC_493\Debug\External_LCD_Display.a(CyDmac.o)
 .ARM.attributes
                0x00000164       0x33 .\CortexM3\ARM_GCC_493\Debug\External_LCD_Display.a(CyLib.o)
 .ARM.attributes
                0x00000197       0x33 .\CortexM3\ARM_GCC_493\Debug\External_LCD_Display.a(cyPm.o)
 .ARM.attributes
                0x000001ca       0x33 .\CortexM3\ARM_GCC_493\Debug\External_LCD_Display.a(LCD_Char_1.o)
 .ARM.attributes
                0x000001fd       0x33 .\CortexM3\ARM_GCC_493\Debug\External_LCD_Display.a(SineWaveClock.o)
 .ARM.attributes
                0x00000230       0x33 .\CortexM3\ARM_GCC_493\Debug\External_LCD_Display.a(Song1Trigger.o)
 .ARM.attributes
                0x00000263       0x33 .\CortexM3\ARM_GCC_493\Debug\External_LCD_Display.a(Song2Trigger.o)
 .ARM.attributes
                0x00000296       0x33 .\CortexM3\ARM_GCC_493\Debug\External_LCD_Display.a(SineWaveGen.o)
 .ARM.attributes
                0x000002c9       0x33 .\CortexM3\ARM_GCC_493\Debug\External_LCD_Display.a(Song3Trigger.o)
 .ARM.attributes
                0x000002fc       0x33 .\CortexM3\ARM_GCC_493\Debug\External_LCD_Display.a(Song4Trigger.o)
 .ARM.attributes
                0x0000032f       0x33 .\CortexM3\ARM_GCC_493\Debug\External_LCD_Display.a(SineWaveGen_Wave1_DMA_dma.o)
 .ARM.attributes
                0x00000362       0x33 .\CortexM3\ARM_GCC_493\Debug\External_LCD_Display.a(SineWaveGen_Wave2_DMA_dma.o)
 .ARM.attributes
                0x00000395       0x33 .\CortexM3\ARM_GCC_493\Debug\External_LCD_Display.a(SineWaveGen_VDAC8.o)
 .ARM.attributes
                0x000003c8       0x33 .\CortexM3\ARM_GCC_493\Debug\External_LCD_Display.a(SineWaveGen_BuffAmp.o)
 .ARM.attributes
                0x000003fb       0x33 .\CortexM3\ARM_GCC_493\Debug\External_LCD_Display.a(PGA.o)
 .ARM.attributes
                0x0000042e       0x33 .\CortexM3\ARM_GCC_493\Debug\External_LCD_Display.a(ADC.o)
 .ARM.attributes
                0x00000461       0x33 .\CortexM3\ARM_GCC_493\Debug\External_LCD_Display.a(ADC_INT.o)
 .ARM.attributes
                0x00000494       0x33 .\CortexM3\ARM_GCC_493\Debug\External_LCD_Display.a(ADC_theACLK.o)
 .ARM.attributes
                0x000004c7       0x33 .\CortexM3\ARM_GCC_493\Debug\External_LCD_Display.a(ADC_Ext_CP_Clk.o)
 .ARM.attributes
                0x000004fa       0x33 .\CortexM3\ARM_GCC_493\Debug\External_LCD_Display.a(VDAC8_1.o)
 .ARM.attributes
                0x0000052d       0x33 .\CortexM3\ARM_GCC_493\Debug\External_LCD_Display.a(Sensor_Interrupt.o)
 .ARM.attributes
                0x00000560       0x33 .\CortexM3\ARM_GCC_493\Debug\External_LCD_Display.a(SensorScan.o)
 .ARM.attributes
                0x00000593       0x33 .\CortexM3\ARM_GCC_493\Debug\External_LCD_Display.a(SensorScan_Comp.o)
 .ARM.attributes
                0x000005c6       0x33 .\CortexM3\ARM_GCC_493\Debug\External_LCD_Display.a(ADC_AMux.o)
 .ARM.attributes
                0x000005f9       0x21 .\CortexM3\ARM_GCC_493\Debug\External_LCD_Display.a(CyBootAsmGnu.o)
 .ARM.attributes
                0x0000061a       0x33 .\CortexM3\ARM_GCC_493\Debug\External_LCD_Display.a(CyFlash.o)
 .ARM.attributes
                0x0000064d       0x33 .\CortexM3\ARM_GCC_493\Debug\External_LCD_Display.a(CySpc.o)
 .ARM.attributes
                0x00000680       0x1d c:/program files (x86)/cypress/psoc creator/4.0/psoc creator/import/gnu/arm/4.9.3/bin/../lib/gcc/arm-none-eabi/4.9.3/armv7-m\libgcc.a(_arm_addsubdf3.o)
 .ARM.attributes
                0x0000069d       0x1d c:/program files (x86)/cypress/psoc creator/4.0/psoc creator/import/gnu/arm/4.9.3/bin/../lib/gcc/arm-none-eabi/4.9.3/armv7-m\libgcc.a(_arm_cmpdf2.o)
 .ARM.attributes
                0x000006ba       0x1d c:/program files (x86)/cypress/psoc creator/4.0/psoc creator/import/gnu/arm/4.9.3/bin/../lib/gcc/arm-none-eabi/4.9.3/armv7-m\libgcc.a(_arm_addsubsf3.o)
 .ARM.attributes
                0x000006d7       0x1d c:/program files (x86)/cypress/psoc creator/4.0/psoc creator/import/gnu/arm/4.9.3/bin/../lib/gcc/arm-none-eabi/4.9.3/armv7-m\libgcc.a(_arm_muldivsf3.o)
 .ARM.attributes
                0x000006f4       0x1d c:/program files (x86)/cypress/psoc creator/4.0/psoc creator/import/gnu/arm/4.9.3/bin/../lib/gcc/arm-none-eabi/4.9.3/armv7-m\libgcc.a(_arm_fixunssfsi.o)
 .ARM.attributes
                0x00000711       0x2d c:/program files (x86)/cypress/psoc creator/4.0/psoc creator/import/gnu/arm/4.9.3/bin/../lib/gcc/arm-none-eabi/4.9.3/../../../../arm-none-eabi/lib/armv7-m\libg_nano.a(lib_a-errno.o)
 .ARM.attributes
                0x0000073e       0x2d c:/program files (x86)/cypress/psoc creator/4.0/psoc creator/import/gnu/arm/4.9.3/bin/../lib/gcc/arm-none-eabi/4.9.3/../../../../arm-none-eabi/lib/armv7-m\libg_nano.a(lib_a-exit.o)
 .ARM.attributes
                0x0000076b       0x2d c:/program files (x86)/cypress/psoc creator/4.0/psoc creator/import/gnu/arm/4.9.3/bin/../lib/gcc/arm-none-eabi/4.9.3/../../../../arm-none-eabi/lib/armv7-m\libg_nano.a(lib_a-impure.o)
 .ARM.attributes
                0x00000798       0x2d c:/program files (x86)/cypress/psoc creator/4.0/psoc creator/import/gnu/arm/4.9.3/bin/../lib/gcc/arm-none-eabi/4.9.3/../../../../arm-none-eabi/lib/armv7-m\libg_nano.a(lib_a-init.o)
 .ARM.attributes
                0x000007c5       0x2d c:/program files (x86)/cypress/psoc creator/4.0/psoc creator/import/gnu/arm/4.9.3/bin/../lib/gcc/arm-none-eabi/4.9.3/../../../../arm-none-eabi/lib/armv7-m\libg_nano.a(lib_a-memcpy.o)
 .ARM.attributes
                0x000007f2       0x2d c:/program files (x86)/cypress/psoc creator/4.0/psoc creator/import/gnu/arm/4.9.3/bin/../lib/gcc/arm-none-eabi/4.9.3/../../../../arm-none-eabi/lib/armv7-m\libg_nano.a(lib_a-memset.o)
 .ARM.attributes
                0x0000081f       0x2d c:/program files (x86)/cypress/psoc creator/4.0/psoc creator/import/gnu/arm/4.9.3/bin/../lib/gcc/arm-none-eabi/4.9.3/armv7-m/crtend.o
 .ARM.attributes
                0x0000084c       0x1d c:/program files (x86)/cypress/psoc creator/4.0/psoc creator/import/gnu/arm/4.9.3/bin/../lib/gcc/arm-none-eabi/4.9.3/armv7-m/crtn.o

/DISCARD/
 *(.note.GNU-stack)
OUTPUT(.\CortexM3\ARM_GCC_493\Debug\External_LCD_Display.elf elf32-littlearm)
