ARM GAS  C:\Users\AARONW~1\AppData\Local\Temp\ccUNoqBC.s 			page 1


   1              		.syntax unified
   2              		.cpu cortex-m3
   3              		.fpu softvfp
   4              		.eabi_attribute 20, 1
   5              		.eabi_attribute 21, 1
   6              		.eabi_attribute 23, 3
   7              		.eabi_attribute 24, 1
   8              		.eabi_attribute 25, 1
   9              		.eabi_attribute 26, 1
  10              		.eabi_attribute 30, 6
  11              		.eabi_attribute 34, 1
  12              		.eabi_attribute 18, 4
  13              		.thumb
  14              		.file	"SineWaveGen.c"
  15              		.text
  16              	.Ltext0:
  17              		.cfi_sections	.debug_frame
  18              		.global	SineWaveGen_initVar
  19              		.bss
  20              		.type	SineWaveGen_initVar, %object
  21              		.size	SineWaveGen_initVar, 1
  22              	SineWaveGen_initVar:
  23 0000 00       		.space	1
  24              		.global	SineWaveGen_wave1
  25              		.section	.rodata
  26              		.align	2
  27              		.type	SineWaveGen_wave1, %object
  28              		.size	SineWaveGen_wave1, 100
  29              	SineWaveGen_wave1:
  30 0000 58       		.byte	88
  31 0001 5D       		.byte	93
  32 0002 62       		.byte	98
  33 0003 68       		.byte	104
  34 0004 6D       		.byte	109
  35 0005 73       		.byte	115
  36 0006 78       		.byte	120
  37 0007 7D       		.byte	125
  38 0008 82       		.byte	-126
  39 0009 86       		.byte	-122
  40 000a 8B       		.byte	-117
  41 000b 8F       		.byte	-113
  42 000c 93       		.byte	-109
  43 000d 97       		.byte	-105
  44 000e 9B       		.byte	-101
  45 000f 9E       		.byte	-98
  46 0010 A1       		.byte	-95
  47 0011 A4       		.byte	-92
  48 0012 A7       		.byte	-89
  49 0013 A9       		.byte	-87
  50 0014 AB       		.byte	-85
  51 0015 AC       		.byte	-84
  52 0016 AD       		.byte	-83
  53 0017 AE       		.byte	-82
  54 0018 AF       		.byte	-81
  55 0019 AF       		.byte	-81
  56 001a AF       		.byte	-81
  57 001b AE       		.byte	-82
ARM GAS  C:\Users\AARONW~1\AppData\Local\Temp\ccUNoqBC.s 			page 2


  58 001c AD       		.byte	-83
  59 001d AC       		.byte	-84
  60 001e AB       		.byte	-85
  61 001f A9       		.byte	-87
  62 0020 A7       		.byte	-89
  63 0021 A4       		.byte	-92
  64 0022 A1       		.byte	-95
  65 0023 9E       		.byte	-98
  66 0024 9B       		.byte	-101
  67 0025 97       		.byte	-105
  68 0026 93       		.byte	-109
  69 0027 8F       		.byte	-113
  70 0028 8B       		.byte	-117
  71 0029 86       		.byte	-122
  72 002a 82       		.byte	-126
  73 002b 7D       		.byte	125
  74 002c 78       		.byte	120
  75 002d 73       		.byte	115
  76 002e 6D       		.byte	109
  77 002f 68       		.byte	104
  78 0030 62       		.byte	98
  79 0031 5D       		.byte	93
  80 0032 58       		.byte	88
  81 0033 52       		.byte	82
  82 0034 4D       		.byte	77
  83 0035 47       		.byte	71
  84 0036 42       		.byte	66
  85 0037 3C       		.byte	60
  86 0038 37       		.byte	55
  87 0039 32       		.byte	50
  88 003a 2D       		.byte	45
  89 003b 29       		.byte	41
  90 003c 24       		.byte	36
  91 003d 20       		.byte	32
  92 003e 1C       		.byte	28
  93 003f 18       		.byte	24
  94 0040 14       		.byte	20
  95 0041 11       		.byte	17
  96 0042 0E       		.byte	14
  97 0043 0B       		.byte	11
  98 0044 08       		.byte	8
  99 0045 06       		.byte	6
 100 0046 04       		.byte	4
 101 0047 03       		.byte	3
 102 0048 02       		.byte	2
 103 0049 01       		.byte	1
 104 004a 00       		.byte	0
 105 004b 00       		.byte	0
 106 004c 00       		.byte	0
 107 004d 01       		.byte	1
 108 004e 02       		.byte	2
 109 004f 03       		.byte	3
 110 0050 04       		.byte	4
 111 0051 06       		.byte	6
 112 0052 08       		.byte	8
 113 0053 0B       		.byte	11
 114 0054 0E       		.byte	14
ARM GAS  C:\Users\AARONW~1\AppData\Local\Temp\ccUNoqBC.s 			page 3


 115 0055 11       		.byte	17
 116 0056 14       		.byte	20
 117 0057 18       		.byte	24
 118 0058 1C       		.byte	28
 119 0059 20       		.byte	32
 120 005a 24       		.byte	36
 121 005b 29       		.byte	41
 122 005c 2D       		.byte	45
 123 005d 32       		.byte	50
 124 005e 37       		.byte	55
 125 005f 3C       		.byte	60
 126 0060 42       		.byte	66
 127 0061 47       		.byte	71
 128 0062 4D       		.byte	77
 129 0063 52       		.byte	82
 130              		.global	SineWaveGen_wave2
 131              		.align	2
 132              		.type	SineWaveGen_wave2, %object
 133              		.size	SineWaveGen_wave2, 100
 134              	SineWaveGen_wave2:
 135 0064 80       		.byte	-128
 136 0065 84       		.byte	-124
 137 0066 8A       		.byte	-118
 138 0067 8F       		.byte	-113
 139 0068 94       		.byte	-108
 140 0069 98       		.byte	-104
 141 006a 9E       		.byte	-98
 142 006b A2       		.byte	-94
 143 006c A8       		.byte	-88
 144 006d AC       		.byte	-84
 145 006e B2       		.byte	-78
 146 006f B6       		.byte	-74
 147 0070 BC       		.byte	-68
 148 0071 C0       		.byte	-64
 149 0072 C6       		.byte	-58
 150 0073 CA       		.byte	-54
 151 0074 D0       		.byte	-48
 152 0075 D5       		.byte	-43
 153 0076 DA       		.byte	-38
 154 0077 DE       		.byte	-34
 155 0078 E4       		.byte	-28
 156 0079 E8       		.byte	-24
 157 007a EE       		.byte	-18
 158 007b F2       		.byte	-14
 159 007c F8       		.byte	-8
 160 007d FC       		.byte	-4
 161 007e F8       		.byte	-8
 162 007f F2       		.byte	-14
 163 0080 EE       		.byte	-18
 164 0081 E8       		.byte	-24
 165 0082 E4       		.byte	-28
 166 0083 DE       		.byte	-34
 167 0084 DA       		.byte	-38
 168 0085 D4       		.byte	-44
 169 0086 D0       		.byte	-48
 170 0087 CA       		.byte	-54
 171 0088 C6       		.byte	-58
ARM GAS  C:\Users\AARONW~1\AppData\Local\Temp\ccUNoqBC.s 			page 4


 172 0089 C0       		.byte	-64
 173 008a BC       		.byte	-68
 174 008b B6       		.byte	-74
 175 008c B2       		.byte	-78
 176 008d AD       		.byte	-83
 177 008e A8       		.byte	-88
 178 008f A2       		.byte	-94
 179 0090 9E       		.byte	-98
 180 0091 98       		.byte	-104
 181 0092 94       		.byte	-108
 182 0093 8F       		.byte	-113
 183 0094 8A       		.byte	-118
 184 0095 84       		.byte	-124
 185 0096 80       		.byte	-128
 186 0097 7A       		.byte	122
 187 0098 76       		.byte	118
 188 0099 70       		.byte	112
 189 009a 6B       		.byte	107
 190 009b 66       		.byte	102
 191 009c 61       		.byte	97
 192 009d 5D       		.byte	93
 193 009e 58       		.byte	88
 194 009f 53       		.byte	83
 195 00a0 4E       		.byte	78
 196 00a1 49       		.byte	73
 197 00a2 44       		.byte	68
 198 00a3 3E       		.byte	62
 199 00a4 39       		.byte	57
 200 00a5 34       		.byte	52
 201 00a6 2F       		.byte	47
 202 00a7 2A       		.byte	42
 203 00a8 25       		.byte	37
 204 00a9 21       		.byte	33
 205 00aa 1C       		.byte	28
 206 00ab 17       		.byte	23
 207 00ac 12       		.byte	18
 208 00ad 0D       		.byte	13
 209 00ae 08       		.byte	8
 210 00af 03       		.byte	3
 211 00b0 08       		.byte	8
 212 00b1 0D       		.byte	13
 213 00b2 12       		.byte	18
 214 00b3 17       		.byte	23
 215 00b4 1C       		.byte	28
 216 00b5 21       		.byte	33
 217 00b6 25       		.byte	37
 218 00b7 2A       		.byte	42
 219 00b8 2F       		.byte	47
 220 00b9 34       		.byte	52
 221 00ba 39       		.byte	57
 222 00bb 3E       		.byte	62
 223 00bc 44       		.byte	68
 224 00bd 49       		.byte	73
 225 00be 4E       		.byte	78
 226 00bf 53       		.byte	83
 227 00c0 58       		.byte	88
 228 00c1 5D       		.byte	93
ARM GAS  C:\Users\AARONW~1\AppData\Local\Temp\ccUNoqBC.s 			page 5


 229 00c2 61       		.byte	97
 230 00c3 66       		.byte	102
 231 00c4 6B       		.byte	107
 232 00c5 70       		.byte	112
 233 00c6 76       		.byte	118
 234 00c7 7A       		.byte	122
 235              		.bss
 236              	SineWaveGen_Wave1Chan:
 237 0001 00       		.space	1
 238              	SineWaveGen_Wave2Chan:
 239 0002 00       		.space	1
 240              	SineWaveGen_Wave1TD:
 241 0003 00       		.space	1
 242              	SineWaveGen_Wave2TD:
 243 0004 00       		.space	1
 244              		.section	.text.SineWaveGen_Init,"ax",%progbits
 245              		.align	2
 246              		.global	SineWaveGen_Init
 247              		.thumb
 248              		.thumb_func
 249              		.type	SineWaveGen_Init, %function
 250              	SineWaveGen_Init:
 251              	.LFB0:
 252              		.file 1 "Generated_Source\\PSoC5\\SineWaveGen.c"
   1:Generated_Source\PSoC5/SineWaveGen.c **** /*******************************************************************************
   2:Generated_Source\PSoC5/SineWaveGen.c **** * File Name: SineWaveGen.c
   3:Generated_Source\PSoC5/SineWaveGen.c **** * Version 2.10
   4:Generated_Source\PSoC5/SineWaveGen.c **** *
   5:Generated_Source\PSoC5/SineWaveGen.c **** * Description:
   6:Generated_Source\PSoC5/SineWaveGen.c **** *  This file provides the source code for the 8-bit Waveform DAC 
   7:Generated_Source\PSoC5/SineWaveGen.c **** *  (WaveDAC8) Component.
   8:Generated_Source\PSoC5/SineWaveGen.c **** *
   9:Generated_Source\PSoC5/SineWaveGen.c **** ********************************************************************************
  10:Generated_Source\PSoC5/SineWaveGen.c **** * Copyright 2013, Cypress Semiconductor Corporation.  All rights reserved.
  11:Generated_Source\PSoC5/SineWaveGen.c **** * You may use this file only in accordance with the license, terms, conditions,
  12:Generated_Source\PSoC5/SineWaveGen.c **** * disclaimers, and limitations in the end user license agreement accompanying
  13:Generated_Source\PSoC5/SineWaveGen.c **** * the software package with which this file was provided.
  14:Generated_Source\PSoC5/SineWaveGen.c **** *******************************************************************************/
  15:Generated_Source\PSoC5/SineWaveGen.c **** 
  16:Generated_Source\PSoC5/SineWaveGen.c **** #include "SineWaveGen.h"
  17:Generated_Source\PSoC5/SineWaveGen.c **** 
  18:Generated_Source\PSoC5/SineWaveGen.c **** uint8  SineWaveGen_initVar = 0u;
  19:Generated_Source\PSoC5/SineWaveGen.c **** 
  20:Generated_Source\PSoC5/SineWaveGen.c **** const uint8 CYCODE SineWaveGen_wave1[SineWaveGen_WAVE1_LENGTH] = { 88u,93u,98u,104u,109u,115u,120u,
  21:Generated_Source\PSoC5/SineWaveGen.c **** const uint8 CYCODE SineWaveGen_wave2[SineWaveGen_WAVE2_LENGTH] = { 128u,132u,138u,143u,148u,152u,15
  22:Generated_Source\PSoC5/SineWaveGen.c **** 
  23:Generated_Source\PSoC5/SineWaveGen.c **** static uint8  SineWaveGen_Wave1Chan;
  24:Generated_Source\PSoC5/SineWaveGen.c **** static uint8  SineWaveGen_Wave2Chan;
  25:Generated_Source\PSoC5/SineWaveGen.c **** static uint8  SineWaveGen_Wave1TD;
  26:Generated_Source\PSoC5/SineWaveGen.c **** static uint8  SineWaveGen_Wave2TD;
  27:Generated_Source\PSoC5/SineWaveGen.c **** 
  28:Generated_Source\PSoC5/SineWaveGen.c **** 
  29:Generated_Source\PSoC5/SineWaveGen.c **** /*******************************************************************************
  30:Generated_Source\PSoC5/SineWaveGen.c **** * Function Name: SineWaveGen_Init
  31:Generated_Source\PSoC5/SineWaveGen.c **** ********************************************************************************
  32:Generated_Source\PSoC5/SineWaveGen.c **** *
  33:Generated_Source\PSoC5/SineWaveGen.c **** * Summary:
ARM GAS  C:\Users\AARONW~1\AppData\Local\Temp\ccUNoqBC.s 			page 6


  34:Generated_Source\PSoC5/SineWaveGen.c **** *  Initializes component with parameters set in the customizer.
  35:Generated_Source\PSoC5/SineWaveGen.c **** *
  36:Generated_Source\PSoC5/SineWaveGen.c **** * Parameters:  
  37:Generated_Source\PSoC5/SineWaveGen.c **** *  None
  38:Generated_Source\PSoC5/SineWaveGen.c **** *
  39:Generated_Source\PSoC5/SineWaveGen.c **** * Return: 
  40:Generated_Source\PSoC5/SineWaveGen.c **** *  None
  41:Generated_Source\PSoC5/SineWaveGen.c **** *
  42:Generated_Source\PSoC5/SineWaveGen.c **** *******************************************************************************/
  43:Generated_Source\PSoC5/SineWaveGen.c **** void SineWaveGen_Init(void) 
  44:Generated_Source\PSoC5/SineWaveGen.c **** {
 253              		.loc 1 44 0
 254              		.cfi_startproc
 255              		@ args = 0, pretend = 0, frame = 0
 256              		@ frame_needed = 1, uses_anonymous_args = 0
 257 0000 80B5     		push	{r7, lr}
 258              		.cfi_def_cfa_offset 8
 259              		.cfi_offset 7, -8
 260              		.cfi_offset 14, -4
 261 0002 00AF     		add	r7, sp, #0
 262              		.cfi_def_cfa_register 7
  45:Generated_Source\PSoC5/SineWaveGen.c **** 	SineWaveGen_VDAC8_Init();
 263              		.loc 1 45 0
 264 0004 FFF7FEFF 		bl	SineWaveGen_VDAC8_Init
  46:Generated_Source\PSoC5/SineWaveGen.c **** 	SineWaveGen_VDAC8_SetSpeed(SineWaveGen_HIGHSPEED);
 265              		.loc 1 46 0
 266 0008 0220     		movs	r0, #2
 267 000a FFF7FEFF 		bl	SineWaveGen_VDAC8_SetSpeed
  47:Generated_Source\PSoC5/SineWaveGen.c **** 	SineWaveGen_VDAC8_SetRange(SineWaveGen_DAC_RANGE);
 268              		.loc 1 47 0
 269 000e 0020     		movs	r0, #0
 270 0010 FFF7FEFF 		bl	SineWaveGen_VDAC8_SetRange
  48:Generated_Source\PSoC5/SineWaveGen.c **** 
  49:Generated_Source\PSoC5/SineWaveGen.c **** 	#if(SineWaveGen_DAC_MODE == SineWaveGen_CURRENT_MODE)
  50:Generated_Source\PSoC5/SineWaveGen.c **** 		SineWaveGen_IDAC8_SetPolarity(SineWaveGen_DAC_POL);
  51:Generated_Source\PSoC5/SineWaveGen.c **** 	#endif /* SineWaveGen_DAC_MODE == SineWaveGen_CURRENT_MODE */
  52:Generated_Source\PSoC5/SineWaveGen.c **** 
  53:Generated_Source\PSoC5/SineWaveGen.c **** 	#if(SineWaveGen_OUT_MODE == SineWaveGen_BUFFER_MODE)
  54:Generated_Source\PSoC5/SineWaveGen.c **** 	   SineWaveGen_BuffAmp_Init();
 271              		.loc 1 54 0
 272 0014 FFF7FEFF 		bl	SineWaveGen_BuffAmp_Init
  55:Generated_Source\PSoC5/SineWaveGen.c **** 	#endif /* SineWaveGen_OUT_MODE == SineWaveGen_BUFFER_MODE */
  56:Generated_Source\PSoC5/SineWaveGen.c **** 
  57:Generated_Source\PSoC5/SineWaveGen.c **** 	/* Get the TD Number for the DMA channel 1 and 2   */
  58:Generated_Source\PSoC5/SineWaveGen.c **** 	SineWaveGen_Wave1TD = CyDmaTdAllocate();
 273              		.loc 1 58 0
 274 0018 FFF7FEFF 		bl	CyDmaTdAllocate
 275 001c 0346     		mov	r3, r0
 276 001e 1A46     		mov	r2, r3
 277 0020 084B     		ldr	r3, .L2
 278 0022 1A70     		strb	r2, [r3]
  59:Generated_Source\PSoC5/SineWaveGen.c **** 	SineWaveGen_Wave2TD = CyDmaTdAllocate();
 279              		.loc 1 59 0
 280 0024 FFF7FEFF 		bl	CyDmaTdAllocate
 281 0028 0346     		mov	r3, r0
 282 002a 1A46     		mov	r2, r3
 283 002c 064B     		ldr	r3, .L2+4
ARM GAS  C:\Users\AARONW~1\AppData\Local\Temp\ccUNoqBC.s 			page 7


 284 002e 1A70     		strb	r2, [r3]
  60:Generated_Source\PSoC5/SineWaveGen.c **** 	
  61:Generated_Source\PSoC5/SineWaveGen.c **** 	/* Initialize waveform pointers  */
  62:Generated_Source\PSoC5/SineWaveGen.c **** 	SineWaveGen_Wave1Setup(SineWaveGen_wave1, SineWaveGen_WAVE1_LENGTH) ;
 285              		.loc 1 62 0
 286 0030 0648     		ldr	r0, .L2+8
 287 0032 6421     		movs	r1, #100
 288 0034 FFF7FEFF 		bl	SineWaveGen_Wave1Setup
  63:Generated_Source\PSoC5/SineWaveGen.c **** 	SineWaveGen_Wave2Setup(SineWaveGen_wave2, SineWaveGen_WAVE2_LENGTH) ;
 289              		.loc 1 63 0
 290 0038 0548     		ldr	r0, .L2+12
 291 003a 6421     		movs	r1, #100
 292 003c FFF7FEFF 		bl	SineWaveGen_Wave2Setup
  64:Generated_Source\PSoC5/SineWaveGen.c **** 	
  65:Generated_Source\PSoC5/SineWaveGen.c **** 	/* Initialize the internal clock if one present  */
  66:Generated_Source\PSoC5/SineWaveGen.c **** 	#if defined(SineWaveGen_DacClk_PHASE)
  67:Generated_Source\PSoC5/SineWaveGen.c **** 	   SineWaveGen_DacClk_SetPhase(SineWaveGen_CLK_PHASE_0nS);
  68:Generated_Source\PSoC5/SineWaveGen.c **** 	#endif /* defined(SineWaveGen_DacClk_PHASE) */
  69:Generated_Source\PSoC5/SineWaveGen.c **** }
 293              		.loc 1 69 0
 294 0040 80BD     		pop	{r7, pc}
 295              	.L3:
 296 0042 00BF     		.align	2
 297              	.L2:
 298 0044 03000000 		.word	SineWaveGen_Wave1TD
 299 0048 04000000 		.word	SineWaveGen_Wave2TD
 300 004c 00000000 		.word	SineWaveGen_wave1
 301 0050 00000000 		.word	SineWaveGen_wave2
 302              		.cfi_endproc
 303              	.LFE0:
 304              		.size	SineWaveGen_Init, .-SineWaveGen_Init
 305              		.section	.text.SineWaveGen_Enable,"ax",%progbits
 306              		.align	2
 307              		.global	SineWaveGen_Enable
 308              		.thumb
 309              		.thumb_func
 310              		.type	SineWaveGen_Enable, %function
 311              	SineWaveGen_Enable:
 312              	.LFB1:
  70:Generated_Source\PSoC5/SineWaveGen.c **** 
  71:Generated_Source\PSoC5/SineWaveGen.c **** 
  72:Generated_Source\PSoC5/SineWaveGen.c **** /*******************************************************************************
  73:Generated_Source\PSoC5/SineWaveGen.c **** * Function Name: SineWaveGen_Enable
  74:Generated_Source\PSoC5/SineWaveGen.c **** ********************************************************************************
  75:Generated_Source\PSoC5/SineWaveGen.c **** *  
  76:Generated_Source\PSoC5/SineWaveGen.c **** * Summary: 
  77:Generated_Source\PSoC5/SineWaveGen.c **** *  Enables the DAC block and DMA operation.
  78:Generated_Source\PSoC5/SineWaveGen.c **** *
  79:Generated_Source\PSoC5/SineWaveGen.c **** * Parameters:  
  80:Generated_Source\PSoC5/SineWaveGen.c **** *  None
  81:Generated_Source\PSoC5/SineWaveGen.c **** *
  82:Generated_Source\PSoC5/SineWaveGen.c **** * Return: 
  83:Generated_Source\PSoC5/SineWaveGen.c **** *  None
  84:Generated_Source\PSoC5/SineWaveGen.c **** *
  85:Generated_Source\PSoC5/SineWaveGen.c **** *******************************************************************************/
  86:Generated_Source\PSoC5/SineWaveGen.c **** void SineWaveGen_Enable(void) 
  87:Generated_Source\PSoC5/SineWaveGen.c **** {
ARM GAS  C:\Users\AARONW~1\AppData\Local\Temp\ccUNoqBC.s 			page 8


 313              		.loc 1 87 0
 314              		.cfi_startproc
 315              		@ args = 0, pretend = 0, frame = 0
 316              		@ frame_needed = 1, uses_anonymous_args = 0
 317 0000 80B5     		push	{r7, lr}
 318              		.cfi_def_cfa_offset 8
 319              		.cfi_offset 7, -8
 320              		.cfi_offset 14, -4
 321 0002 00AF     		add	r7, sp, #0
 322              		.cfi_def_cfa_register 7
  88:Generated_Source\PSoC5/SineWaveGen.c **** 	SineWaveGen_VDAC8_Enable();
 323              		.loc 1 88 0
 324 0004 FFF7FEFF 		bl	SineWaveGen_VDAC8_Enable
  89:Generated_Source\PSoC5/SineWaveGen.c **** 
  90:Generated_Source\PSoC5/SineWaveGen.c **** 	#if(SineWaveGen_OUT_MODE == SineWaveGen_BUFFER_MODE)
  91:Generated_Source\PSoC5/SineWaveGen.c **** 	   SineWaveGen_BuffAmp_Enable();
 325              		.loc 1 91 0
 326 0008 FFF7FEFF 		bl	SineWaveGen_BuffAmp_Enable
  92:Generated_Source\PSoC5/SineWaveGen.c **** 	#endif /* SineWaveGen_OUT_MODE == SineWaveGen_BUFFER_MODE */
  93:Generated_Source\PSoC5/SineWaveGen.c **** 
  94:Generated_Source\PSoC5/SineWaveGen.c **** 	/* 
  95:Generated_Source\PSoC5/SineWaveGen.c **** 	* Enable the channel. It is configured to remember the TD value so that
  96:Generated_Source\PSoC5/SineWaveGen.c **** 	* it can be restored from the place where it has been stopped.
  97:Generated_Source\PSoC5/SineWaveGen.c **** 	*/
  98:Generated_Source\PSoC5/SineWaveGen.c **** 	(void)CyDmaChEnable(SineWaveGen_Wave1Chan, 1u);
 327              		.loc 1 98 0
 328 000c 074B     		ldr	r3, .L5
 329 000e 1B78     		ldrb	r3, [r3]	@ zero_extendqisi2
 330 0010 1846     		mov	r0, r3
 331 0012 0121     		movs	r1, #1
 332 0014 FFF7FEFF 		bl	CyDmaChEnable
  99:Generated_Source\PSoC5/SineWaveGen.c **** 	(void)CyDmaChEnable(SineWaveGen_Wave2Chan, 1u);
 333              		.loc 1 99 0
 334 0018 054B     		ldr	r3, .L5+4
 335 001a 1B78     		ldrb	r3, [r3]	@ zero_extendqisi2
 336 001c 1846     		mov	r0, r3
 337 001e 0121     		movs	r1, #1
 338 0020 FFF7FEFF 		bl	CyDmaChEnable
 100:Generated_Source\PSoC5/SineWaveGen.c **** 	
 101:Generated_Source\PSoC5/SineWaveGen.c **** 	/* set the initial value */
 102:Generated_Source\PSoC5/SineWaveGen.c **** 	SineWaveGen_SetValue(0u);
 339              		.loc 1 102 0
 340 0024 0020     		movs	r0, #0
 341 0026 FFF7FEFF 		bl	SineWaveGen_VDAC8_SetValue
 103:Generated_Source\PSoC5/SineWaveGen.c **** 	
 104:Generated_Source\PSoC5/SineWaveGen.c **** 	#if(SineWaveGen_CLOCK_SRC == SineWaveGen_CLOCK_INT)  	
 105:Generated_Source\PSoC5/SineWaveGen.c **** 	   SineWaveGen_DacClk_Start();
 106:Generated_Source\PSoC5/SineWaveGen.c **** 	#endif /* SineWaveGen_CLOCK_SRC == SineWaveGen_CLOCK_INT */
 107:Generated_Source\PSoC5/SineWaveGen.c **** }
 342              		.loc 1 107 0
 343 002a 80BD     		pop	{r7, pc}
 344              	.L6:
 345              		.align	2
 346              	.L5:
 347 002c 01000000 		.word	SineWaveGen_Wave1Chan
 348 0030 02000000 		.word	SineWaveGen_Wave2Chan
 349              		.cfi_endproc
ARM GAS  C:\Users\AARONW~1\AppData\Local\Temp\ccUNoqBC.s 			page 9


 350              	.LFE1:
 351              		.size	SineWaveGen_Enable, .-SineWaveGen_Enable
 352              		.section	.text.SineWaveGen_Start,"ax",%progbits
 353              		.align	2
 354              		.global	SineWaveGen_Start
 355              		.thumb
 356              		.thumb_func
 357              		.type	SineWaveGen_Start, %function
 358              	SineWaveGen_Start:
 359              	.LFB2:
 108:Generated_Source\PSoC5/SineWaveGen.c **** 
 109:Generated_Source\PSoC5/SineWaveGen.c **** 
 110:Generated_Source\PSoC5/SineWaveGen.c **** /*******************************************************************************
 111:Generated_Source\PSoC5/SineWaveGen.c **** * Function Name: SineWaveGen_Start
 112:Generated_Source\PSoC5/SineWaveGen.c **** ********************************************************************************
 113:Generated_Source\PSoC5/SineWaveGen.c **** *
 114:Generated_Source\PSoC5/SineWaveGen.c **** * Summary:
 115:Generated_Source\PSoC5/SineWaveGen.c **** *  The start function initializes the voltage DAC with the default values, 
 116:Generated_Source\PSoC5/SineWaveGen.c **** *  and sets the power to the given level.  A power level of 0, is the same as 
 117:Generated_Source\PSoC5/SineWaveGen.c **** *  executing the stop function.
 118:Generated_Source\PSoC5/SineWaveGen.c **** *
 119:Generated_Source\PSoC5/SineWaveGen.c **** * Parameters:  
 120:Generated_Source\PSoC5/SineWaveGen.c **** *  None
 121:Generated_Source\PSoC5/SineWaveGen.c **** *
 122:Generated_Source\PSoC5/SineWaveGen.c **** * Return: 
 123:Generated_Source\PSoC5/SineWaveGen.c **** *  None
 124:Generated_Source\PSoC5/SineWaveGen.c **** *
 125:Generated_Source\PSoC5/SineWaveGen.c **** * Reentrant:
 126:Generated_Source\PSoC5/SineWaveGen.c **** *  No
 127:Generated_Source\PSoC5/SineWaveGen.c **** *
 128:Generated_Source\PSoC5/SineWaveGen.c **** *******************************************************************************/
 129:Generated_Source\PSoC5/SineWaveGen.c **** void SineWaveGen_Start(void) 
 130:Generated_Source\PSoC5/SineWaveGen.c **** {
 360              		.loc 1 130 0
 361              		.cfi_startproc
 362              		@ args = 0, pretend = 0, frame = 0
 363              		@ frame_needed = 1, uses_anonymous_args = 0
 364 0000 80B5     		push	{r7, lr}
 365              		.cfi_def_cfa_offset 8
 366              		.cfi_offset 7, -8
 367              		.cfi_offset 14, -4
 368 0002 00AF     		add	r7, sp, #0
 369              		.cfi_def_cfa_register 7
 131:Generated_Source\PSoC5/SineWaveGen.c **** 	/* If not Initialized then initialize all required hardware and software */
 132:Generated_Source\PSoC5/SineWaveGen.c **** 	if(SineWaveGen_initVar == 0u)
 370              		.loc 1 132 0
 371 0004 054B     		ldr	r3, .L9
 372 0006 1B78     		ldrb	r3, [r3]	@ zero_extendqisi2
 373 0008 002B     		cmp	r3, #0
 374 000a 04D1     		bne	.L8
 133:Generated_Source\PSoC5/SineWaveGen.c **** 	{
 134:Generated_Source\PSoC5/SineWaveGen.c **** 		SineWaveGen_Init();
 375              		.loc 1 134 0
 376 000c FFF7FEFF 		bl	SineWaveGen_Init
 135:Generated_Source\PSoC5/SineWaveGen.c **** 		SineWaveGen_initVar = 1u;
 377              		.loc 1 135 0
 378 0010 024B     		ldr	r3, .L9
ARM GAS  C:\Users\AARONW~1\AppData\Local\Temp\ccUNoqBC.s 			page 10


 379 0012 0122     		movs	r2, #1
 380 0014 1A70     		strb	r2, [r3]
 381              	.L8:
 136:Generated_Source\PSoC5/SineWaveGen.c **** 	}
 137:Generated_Source\PSoC5/SineWaveGen.c **** 	
 138:Generated_Source\PSoC5/SineWaveGen.c **** 	SineWaveGen_Enable();
 382              		.loc 1 138 0
 383 0016 FFF7FEFF 		bl	SineWaveGen_Enable
 139:Generated_Source\PSoC5/SineWaveGen.c **** }
 384              		.loc 1 139 0
 385 001a 80BD     		pop	{r7, pc}
 386              	.L10:
 387              		.align	2
 388              	.L9:
 389 001c 00000000 		.word	SineWaveGen_initVar
 390              		.cfi_endproc
 391              	.LFE2:
 392              		.size	SineWaveGen_Start, .-SineWaveGen_Start
 393              		.section	.text.SineWaveGen_StartEx,"ax",%progbits
 394              		.align	2
 395              		.global	SineWaveGen_StartEx
 396              		.thumb
 397              		.thumb_func
 398              		.type	SineWaveGen_StartEx, %function
 399              	SineWaveGen_StartEx:
 400              	.LFB3:
 140:Generated_Source\PSoC5/SineWaveGen.c **** 
 141:Generated_Source\PSoC5/SineWaveGen.c **** 
 142:Generated_Source\PSoC5/SineWaveGen.c **** /*******************************************************************************
 143:Generated_Source\PSoC5/SineWaveGen.c **** * Function Name: SineWaveGen_StartEx
 144:Generated_Source\PSoC5/SineWaveGen.c **** ********************************************************************************
 145:Generated_Source\PSoC5/SineWaveGen.c **** *
 146:Generated_Source\PSoC5/SineWaveGen.c **** * Summary:
 147:Generated_Source\PSoC5/SineWaveGen.c **** *  The StartEx function sets pointers and sizes for both waveforms
 148:Generated_Source\PSoC5/SineWaveGen.c **** *  and then starts the component.
 149:Generated_Source\PSoC5/SineWaveGen.c **** *
 150:Generated_Source\PSoC5/SineWaveGen.c **** * Parameters:  
 151:Generated_Source\PSoC5/SineWaveGen.c **** *   uint8 * wavePtr1:     Pointer to the waveform 1 array.
 152:Generated_Source\PSoC5/SineWaveGen.c **** *   uint16  sampleSize1:  The amount of samples in the waveform 1.
 153:Generated_Source\PSoC5/SineWaveGen.c **** *   uint8 * wavePtr2:     Pointer to the waveform 2 array.
 154:Generated_Source\PSoC5/SineWaveGen.c **** *   uint16  sampleSize2:  The amount of samples in the waveform 2.
 155:Generated_Source\PSoC5/SineWaveGen.c **** *
 156:Generated_Source\PSoC5/SineWaveGen.c **** * Return: 
 157:Generated_Source\PSoC5/SineWaveGen.c **** *  None
 158:Generated_Source\PSoC5/SineWaveGen.c **** *
 159:Generated_Source\PSoC5/SineWaveGen.c **** * Reentrant:
 160:Generated_Source\PSoC5/SineWaveGen.c **** *  No
 161:Generated_Source\PSoC5/SineWaveGen.c **** *
 162:Generated_Source\PSoC5/SineWaveGen.c **** *******************************************************************************/
 163:Generated_Source\PSoC5/SineWaveGen.c **** void SineWaveGen_StartEx(const uint8 * wavePtr1, uint16 sampleSize1, const uint8 * wavePtr2, uint16
 164:Generated_Source\PSoC5/SineWaveGen.c **** 
 165:Generated_Source\PSoC5/SineWaveGen.c **** {
 401              		.loc 1 165 0
 402              		.cfi_startproc
 403              		@ args = 0, pretend = 0, frame = 16
 404              		@ frame_needed = 1, uses_anonymous_args = 0
 405 0000 80B5     		push	{r7, lr}
ARM GAS  C:\Users\AARONW~1\AppData\Local\Temp\ccUNoqBC.s 			page 11


 406              		.cfi_def_cfa_offset 8
 407              		.cfi_offset 7, -8
 408              		.cfi_offset 14, -4
 409 0002 84B0     		sub	sp, sp, #16
 410              		.cfi_def_cfa_offset 24
 411 0004 00AF     		add	r7, sp, #0
 412              		.cfi_def_cfa_register 7
 413 0006 F860     		str	r0, [r7, #12]
 414 0008 7A60     		str	r2, [r7, #4]
 415 000a 1A46     		mov	r2, r3
 416 000c 0B46     		mov	r3, r1	@ movhi
 417 000e 7B81     		strh	r3, [r7, #10]	@ movhi
 418 0010 1346     		mov	r3, r2	@ movhi
 419 0012 3B81     		strh	r3, [r7, #8]	@ movhi
 166:Generated_Source\PSoC5/SineWaveGen.c **** 	SineWaveGen_Wave1Setup(wavePtr1, sampleSize1);
 420              		.loc 1 166 0
 421 0014 7B89     		ldrh	r3, [r7, #10]
 422 0016 F868     		ldr	r0, [r7, #12]
 423 0018 1946     		mov	r1, r3
 424 001a FFF7FEFF 		bl	SineWaveGen_Wave1Setup
 167:Generated_Source\PSoC5/SineWaveGen.c **** 	SineWaveGen_Wave2Setup(wavePtr2, sampleSize2);
 425              		.loc 1 167 0
 426 001e 3B89     		ldrh	r3, [r7, #8]
 427 0020 7868     		ldr	r0, [r7, #4]
 428 0022 1946     		mov	r1, r3
 429 0024 FFF7FEFF 		bl	SineWaveGen_Wave2Setup
 168:Generated_Source\PSoC5/SineWaveGen.c **** 	SineWaveGen_Start();
 430              		.loc 1 168 0
 431 0028 FFF7FEFF 		bl	SineWaveGen_Start
 169:Generated_Source\PSoC5/SineWaveGen.c **** }
 432              		.loc 1 169 0
 433 002c 1037     		adds	r7, r7, #16
 434              		.cfi_def_cfa_offset 8
 435 002e BD46     		mov	sp, r7
 436              		.cfi_def_cfa_register 13
 437              		@ sp needed
 438 0030 80BD     		pop	{r7, pc}
 439              		.cfi_endproc
 440              	.LFE3:
 441              		.size	SineWaveGen_StartEx, .-SineWaveGen_StartEx
 442 0032 00BF     		.section	.text.SineWaveGen_Stop,"ax",%progbits
 443              		.align	2
 444              		.global	SineWaveGen_Stop
 445              		.thumb
 446              		.thumb_func
 447              		.type	SineWaveGen_Stop, %function
 448              	SineWaveGen_Stop:
 449              	.LFB4:
 170:Generated_Source\PSoC5/SineWaveGen.c **** 
 171:Generated_Source\PSoC5/SineWaveGen.c **** 
 172:Generated_Source\PSoC5/SineWaveGen.c **** /*******************************************************************************
 173:Generated_Source\PSoC5/SineWaveGen.c **** * Function Name: SineWaveGen_Stop
 174:Generated_Source\PSoC5/SineWaveGen.c **** ********************************************************************************
 175:Generated_Source\PSoC5/SineWaveGen.c **** *
 176:Generated_Source\PSoC5/SineWaveGen.c **** * Summary:
 177:Generated_Source\PSoC5/SineWaveGen.c **** *  Stops the clock (if internal), disables the DMA channels
 178:Generated_Source\PSoC5/SineWaveGen.c **** *  and powers down the DAC.
ARM GAS  C:\Users\AARONW~1\AppData\Local\Temp\ccUNoqBC.s 			page 12


 179:Generated_Source\PSoC5/SineWaveGen.c **** *
 180:Generated_Source\PSoC5/SineWaveGen.c **** * Parameters:  
 181:Generated_Source\PSoC5/SineWaveGen.c **** *  None  
 182:Generated_Source\PSoC5/SineWaveGen.c **** *
 183:Generated_Source\PSoC5/SineWaveGen.c **** * Return: 
 184:Generated_Source\PSoC5/SineWaveGen.c **** *  None
 185:Generated_Source\PSoC5/SineWaveGen.c **** *
 186:Generated_Source\PSoC5/SineWaveGen.c **** *******************************************************************************/
 187:Generated_Source\PSoC5/SineWaveGen.c **** void SineWaveGen_Stop(void) 
 188:Generated_Source\PSoC5/SineWaveGen.c **** {
 450              		.loc 1 188 0
 451              		.cfi_startproc
 452              		@ args = 0, pretend = 0, frame = 0
 453              		@ frame_needed = 1, uses_anonymous_args = 0
 454 0000 80B5     		push	{r7, lr}
 455              		.cfi_def_cfa_offset 8
 456              		.cfi_offset 7, -8
 457              		.cfi_offset 14, -4
 458 0002 00AF     		add	r7, sp, #0
 459              		.cfi_def_cfa_register 7
 189:Generated_Source\PSoC5/SineWaveGen.c **** 	/* Turn off internal clock, if one present */
 190:Generated_Source\PSoC5/SineWaveGen.c **** 	#if(SineWaveGen_CLOCK_SRC == SineWaveGen_CLOCK_INT)  	
 191:Generated_Source\PSoC5/SineWaveGen.c **** 	   SineWaveGen_DacClk_Stop();
 192:Generated_Source\PSoC5/SineWaveGen.c **** 	#endif /* SineWaveGen_CLOCK_SRC == SineWaveGen_CLOCK_INT */
 193:Generated_Source\PSoC5/SineWaveGen.c **** 	
 194:Generated_Source\PSoC5/SineWaveGen.c **** 	/* Disble DMA channels */
 195:Generated_Source\PSoC5/SineWaveGen.c **** 	(void)CyDmaChDisable(SineWaveGen_Wave1Chan);
 460              		.loc 1 195 0
 461 0004 064B     		ldr	r3, .L13
 462 0006 1B78     		ldrb	r3, [r3]	@ zero_extendqisi2
 463 0008 1846     		mov	r0, r3
 464 000a FFF7FEFF 		bl	CyDmaChDisable
 196:Generated_Source\PSoC5/SineWaveGen.c **** 	(void)CyDmaChDisable(SineWaveGen_Wave2Chan);
 465              		.loc 1 196 0
 466 000e 054B     		ldr	r3, .L13+4
 467 0010 1B78     		ldrb	r3, [r3]	@ zero_extendqisi2
 468 0012 1846     		mov	r0, r3
 469 0014 FFF7FEFF 		bl	CyDmaChDisable
 197:Generated_Source\PSoC5/SineWaveGen.c **** 
 198:Generated_Source\PSoC5/SineWaveGen.c **** 	/* Disable power to DAC */
 199:Generated_Source\PSoC5/SineWaveGen.c **** 	SineWaveGen_VDAC8_Stop();
 470              		.loc 1 199 0
 471 0018 FFF7FEFF 		bl	SineWaveGen_VDAC8_Stop
 200:Generated_Source\PSoC5/SineWaveGen.c **** }
 472              		.loc 1 200 0
 473 001c 80BD     		pop	{r7, pc}
 474              	.L14:
 475 001e 00BF     		.align	2
 476              	.L13:
 477 0020 01000000 		.word	SineWaveGen_Wave1Chan
 478 0024 02000000 		.word	SineWaveGen_Wave2Chan
 479              		.cfi_endproc
 480              	.LFE4:
 481              		.size	SineWaveGen_Stop, .-SineWaveGen_Stop
 482              		.section	.text.SineWaveGen_Wave1Setup,"ax",%progbits
 483              		.align	2
 484              		.global	SineWaveGen_Wave1Setup
ARM GAS  C:\Users\AARONW~1\AppData\Local\Temp\ccUNoqBC.s 			page 13


 485              		.thumb
 486              		.thumb_func
 487              		.type	SineWaveGen_Wave1Setup, %function
 488              	SineWaveGen_Wave1Setup:
 489              	.LFB5:
 201:Generated_Source\PSoC5/SineWaveGen.c **** 
 202:Generated_Source\PSoC5/SineWaveGen.c **** 
 203:Generated_Source\PSoC5/SineWaveGen.c **** /*******************************************************************************
 204:Generated_Source\PSoC5/SineWaveGen.c **** * Function Name: SineWaveGen_Wave1Setup
 205:Generated_Source\PSoC5/SineWaveGen.c **** ********************************************************************************
 206:Generated_Source\PSoC5/SineWaveGen.c **** *
 207:Generated_Source\PSoC5/SineWaveGen.c **** * Summary:
 208:Generated_Source\PSoC5/SineWaveGen.c **** *  Sets pointer and size for waveform 1.                                    
 209:Generated_Source\PSoC5/SineWaveGen.c **** *
 210:Generated_Source\PSoC5/SineWaveGen.c **** * Parameters:  
 211:Generated_Source\PSoC5/SineWaveGen.c **** *  uint8 * WavePtr:     Pointer to the waveform array.
 212:Generated_Source\PSoC5/SineWaveGen.c **** *  uint16  SampleSize:  The amount of samples in the waveform.
 213:Generated_Source\PSoC5/SineWaveGen.c **** *
 214:Generated_Source\PSoC5/SineWaveGen.c **** * Return: 
 215:Generated_Source\PSoC5/SineWaveGen.c **** *  None 
 216:Generated_Source\PSoC5/SineWaveGen.c **** *
 217:Generated_Source\PSoC5/SineWaveGen.c **** *******************************************************************************/
 218:Generated_Source\PSoC5/SineWaveGen.c **** void SineWaveGen_Wave1Setup(const uint8 * wavePtr, uint16 sampleSize)
 219:Generated_Source\PSoC5/SineWaveGen.c **** 
 220:Generated_Source\PSoC5/SineWaveGen.c **** {
 490              		.loc 1 220 0
 491              		.cfi_startproc
 492              		@ args = 0, pretend = 0, frame = 8
 493              		@ frame_needed = 1, uses_anonymous_args = 0
 494 0000 80B5     		push	{r7, lr}
 495              		.cfi_def_cfa_offset 8
 496              		.cfi_offset 7, -8
 497              		.cfi_offset 14, -4
 498 0002 82B0     		sub	sp, sp, #8
 499              		.cfi_def_cfa_offset 16
 500 0004 00AF     		add	r7, sp, #0
 501              		.cfi_def_cfa_register 7
 502 0006 7860     		str	r0, [r7, #4]
 503 0008 0B46     		mov	r3, r1
 504 000a 7B80     		strh	r3, [r7, #2]	@ movhi
 221:Generated_Source\PSoC5/SineWaveGen.c **** 	#if (CY_PSOC3)
 222:Generated_Source\PSoC5/SineWaveGen.c **** 		uint16 memoryType; /* determining the source memory type */
 223:Generated_Source\PSoC5/SineWaveGen.c **** 		memoryType = (SineWaveGen_HI16FLASHPTR == HI16(wavePtr)) ? HI16(CYDEV_FLS_BASE) : HI16(CYDEV_SRAM
 224:Generated_Source\PSoC5/SineWaveGen.c **** 		
 225:Generated_Source\PSoC5/SineWaveGen.c **** 		SineWaveGen_Wave1Chan = SineWaveGen_Wave1_DMA_DmaInitialize(
 226:Generated_Source\PSoC5/SineWaveGen.c **** 		SineWaveGen_Wave1_DMA_BYTES_PER_BURST, SineWaveGen_Wave1_DMA_REQUEST_PER_BURST,
 227:Generated_Source\PSoC5/SineWaveGen.c **** 		memoryType, HI16(CYDEV_PERIPH_BASE));
 228:Generated_Source\PSoC5/SineWaveGen.c **** 	#else /* PSoC 5 */
 229:Generated_Source\PSoC5/SineWaveGen.c **** 		SineWaveGen_Wave1Chan = SineWaveGen_Wave1_DMA_DmaInitialize(
 230:Generated_Source\PSoC5/SineWaveGen.c **** 		SineWaveGen_Wave1_DMA_BYTES_PER_BURST, SineWaveGen_Wave1_DMA_REQUEST_PER_BURST,
 231:Generated_Source\PSoC5/SineWaveGen.c **** 		HI16(wavePtr), HI16(SineWaveGen_DAC8__D));
 505              		.loc 1 231 0
 506 000c 7B68     		ldr	r3, [r7, #4]
 507 000e 1B0C     		lsrs	r3, r3, #16
 229:Generated_Source\PSoC5/SineWaveGen.c **** 		SineWaveGen_Wave1_DMA_BYTES_PER_BURST, SineWaveGen_Wave1_DMA_REQUEST_PER_BURST,
 508              		.loc 1 229 0
 509 0010 9BB2     		uxth	r3, r3
ARM GAS  C:\Users\AARONW~1\AppData\Local\Temp\ccUNoqBC.s 			page 14


 510 0012 0120     		movs	r0, #1
 511 0014 0121     		movs	r1, #1
 512 0016 1A46     		mov	r2, r3
 513 0018 4FF48043 		mov	r3, #16384
 514 001c FFF7FEFF 		bl	SineWaveGen_Wave1_DMA_DmaInitialize
 515 0020 0346     		mov	r3, r0
 516 0022 1A46     		mov	r2, r3
 517 0024 104B     		ldr	r3, .L16
 518 0026 1A70     		strb	r2, [r3]
 232:Generated_Source\PSoC5/SineWaveGen.c **** 	#endif /* CY_PSOC3 */
 233:Generated_Source\PSoC5/SineWaveGen.c **** 	
 234:Generated_Source\PSoC5/SineWaveGen.c **** 	/*
 235:Generated_Source\PSoC5/SineWaveGen.c **** 	* TD is looping on itself. 
 236:Generated_Source\PSoC5/SineWaveGen.c ****     * Increment the source address, but not the destination address. 
 237:Generated_Source\PSoC5/SineWaveGen.c **** 	*/
 238:Generated_Source\PSoC5/SineWaveGen.c **** 	(void)CyDmaTdSetConfiguration(SineWaveGen_Wave1TD, sampleSize, SineWaveGen_Wave1TD, 
 519              		.loc 1 238 0
 520 0028 104B     		ldr	r3, .L16+4
 521 002a 1978     		ldrb	r1, [r3]	@ zero_extendqisi2
 522 002c 0F4B     		ldr	r3, .L16+4
 523 002e 1B78     		ldrb	r3, [r3]	@ zero_extendqisi2
 524 0030 7A88     		ldrh	r2, [r7, #2]
 525 0032 0846     		mov	r0, r1
 526 0034 1146     		mov	r1, r2
 527 0036 1A46     		mov	r2, r3
 528 0038 0123     		movs	r3, #1
 529 003a FFF7FEFF 		bl	CyDmaTdSetConfiguration
 239:Generated_Source\PSoC5/SineWaveGen.c ****                                     (uint8)CY_DMA_TD_INC_SRC_ADR | (uint8)SineWaveGen_Wave1_DMA__TD
 240:Generated_Source\PSoC5/SineWaveGen.c **** 	
 241:Generated_Source\PSoC5/SineWaveGen.c **** 	/* Set the TD source and destination address */
 242:Generated_Source\PSoC5/SineWaveGen.c **** 	(void)CyDmaTdSetAddress(SineWaveGen_Wave1TD, LO16((uint32)wavePtr), LO16(SineWaveGen_DAC8__D));
 530              		.loc 1 242 0
 531 003e 0B4B     		ldr	r3, .L16+4
 532 0040 1A78     		ldrb	r2, [r3]	@ zero_extendqisi2
 533 0042 7B68     		ldr	r3, [r7, #4]
 534 0044 9BB2     		uxth	r3, r3
 535 0046 1046     		mov	r0, r2
 536 0048 1946     		mov	r1, r3
 537 004a 45F68332 		movw	r2, #23427
 538 004e FFF7FEFF 		bl	CyDmaTdSetAddress
 243:Generated_Source\PSoC5/SineWaveGen.c **** 	
 244:Generated_Source\PSoC5/SineWaveGen.c **** 	/* Associate the TD with the channel */
 245:Generated_Source\PSoC5/SineWaveGen.c **** 	(void)CyDmaChSetInitialTd(SineWaveGen_Wave1Chan, SineWaveGen_Wave1TD);
 539              		.loc 1 245 0
 540 0052 054B     		ldr	r3, .L16
 541 0054 1A78     		ldrb	r2, [r3]	@ zero_extendqisi2
 542 0056 054B     		ldr	r3, .L16+4
 543 0058 1B78     		ldrb	r3, [r3]	@ zero_extendqisi2
 544 005a 1046     		mov	r0, r2
 545 005c 1946     		mov	r1, r3
 546 005e FFF7FEFF 		bl	CyDmaChSetInitialTd
 246:Generated_Source\PSoC5/SineWaveGen.c **** }
 547              		.loc 1 246 0
 548 0062 0837     		adds	r7, r7, #8
 549              		.cfi_def_cfa_offset 8
 550 0064 BD46     		mov	sp, r7
 551              		.cfi_def_cfa_register 13
ARM GAS  C:\Users\AARONW~1\AppData\Local\Temp\ccUNoqBC.s 			page 15


 552              		@ sp needed
 553 0066 80BD     		pop	{r7, pc}
 554              	.L17:
 555              		.align	2
 556              	.L16:
 557 0068 01000000 		.word	SineWaveGen_Wave1Chan
 558 006c 03000000 		.word	SineWaveGen_Wave1TD
 559              		.cfi_endproc
 560              	.LFE5:
 561              		.size	SineWaveGen_Wave1Setup, .-SineWaveGen_Wave1Setup
 562              		.section	.text.SineWaveGen_Wave2Setup,"ax",%progbits
 563              		.align	2
 564              		.global	SineWaveGen_Wave2Setup
 565              		.thumb
 566              		.thumb_func
 567              		.type	SineWaveGen_Wave2Setup, %function
 568              	SineWaveGen_Wave2Setup:
 569              	.LFB6:
 247:Generated_Source\PSoC5/SineWaveGen.c **** 
 248:Generated_Source\PSoC5/SineWaveGen.c **** 
 249:Generated_Source\PSoC5/SineWaveGen.c **** /*******************************************************************************
 250:Generated_Source\PSoC5/SineWaveGen.c **** * Function Name: SineWaveGen_Wave2Setup
 251:Generated_Source\PSoC5/SineWaveGen.c **** ********************************************************************************
 252:Generated_Source\PSoC5/SineWaveGen.c **** *
 253:Generated_Source\PSoC5/SineWaveGen.c **** * Summary:
 254:Generated_Source\PSoC5/SineWaveGen.c **** *  Sets pointer and size for waveform 2.                                    
 255:Generated_Source\PSoC5/SineWaveGen.c **** *
 256:Generated_Source\PSoC5/SineWaveGen.c **** * Parameters:  
 257:Generated_Source\PSoC5/SineWaveGen.c **** *  uint8 * WavePtr:     Pointer to the waveform array.
 258:Generated_Source\PSoC5/SineWaveGen.c **** *  uint16  SampleSize:  The amount of samples in the waveform.
 259:Generated_Source\PSoC5/SineWaveGen.c **** *
 260:Generated_Source\PSoC5/SineWaveGen.c **** * Return: 
 261:Generated_Source\PSoC5/SineWaveGen.c **** *  None
 262:Generated_Source\PSoC5/SineWaveGen.c **** *
 263:Generated_Source\PSoC5/SineWaveGen.c **** *******************************************************************************/
 264:Generated_Source\PSoC5/SineWaveGen.c **** void SineWaveGen_Wave2Setup(const uint8 * wavePtr, uint16 sampleSize)
 265:Generated_Source\PSoC5/SineWaveGen.c ****  
 266:Generated_Source\PSoC5/SineWaveGen.c **** {
 570              		.loc 1 266 0
 571              		.cfi_startproc
 572              		@ args = 0, pretend = 0, frame = 8
 573              		@ frame_needed = 1, uses_anonymous_args = 0
 574 0000 80B5     		push	{r7, lr}
 575              		.cfi_def_cfa_offset 8
 576              		.cfi_offset 7, -8
 577              		.cfi_offset 14, -4
 578 0002 82B0     		sub	sp, sp, #8
 579              		.cfi_def_cfa_offset 16
 580 0004 00AF     		add	r7, sp, #0
 581              		.cfi_def_cfa_register 7
 582 0006 7860     		str	r0, [r7, #4]
 583 0008 0B46     		mov	r3, r1
 584 000a 7B80     		strh	r3, [r7, #2]	@ movhi
 267:Generated_Source\PSoC5/SineWaveGen.c **** 	#if (CY_PSOC3)
 268:Generated_Source\PSoC5/SineWaveGen.c **** 		uint16 memoryType; /* determining the source memory type */
 269:Generated_Source\PSoC5/SineWaveGen.c **** 		memoryType = (SineWaveGen_HI16FLASHPTR == HI16(wavePtr)) ? HI16(CYDEV_FLS_BASE) : HI16(CYDEV_SRAM
 270:Generated_Source\PSoC5/SineWaveGen.c **** 			
ARM GAS  C:\Users\AARONW~1\AppData\Local\Temp\ccUNoqBC.s 			page 16


 271:Generated_Source\PSoC5/SineWaveGen.c **** 		SineWaveGen_Wave2Chan = SineWaveGen_Wave2_DMA_DmaInitialize(
 272:Generated_Source\PSoC5/SineWaveGen.c **** 		SineWaveGen_Wave2_DMA_BYTES_PER_BURST, SineWaveGen_Wave2_DMA_REQUEST_PER_BURST,
 273:Generated_Source\PSoC5/SineWaveGen.c **** 		memoryType, HI16(CYDEV_PERIPH_BASE));
 274:Generated_Source\PSoC5/SineWaveGen.c **** 	#else /* PSoC 5 */
 275:Generated_Source\PSoC5/SineWaveGen.c **** 		SineWaveGen_Wave2Chan = SineWaveGen_Wave2_DMA_DmaInitialize(
 276:Generated_Source\PSoC5/SineWaveGen.c **** 		SineWaveGen_Wave2_DMA_BYTES_PER_BURST, SineWaveGen_Wave2_DMA_REQUEST_PER_BURST,
 277:Generated_Source\PSoC5/SineWaveGen.c **** 		HI16(wavePtr), HI16(SineWaveGen_DAC8__D));
 585              		.loc 1 277 0
 586 000c 7B68     		ldr	r3, [r7, #4]
 587 000e 1B0C     		lsrs	r3, r3, #16
 275:Generated_Source\PSoC5/SineWaveGen.c **** 		SineWaveGen_Wave2_DMA_BYTES_PER_BURST, SineWaveGen_Wave2_DMA_REQUEST_PER_BURST,
 588              		.loc 1 275 0
 589 0010 9BB2     		uxth	r3, r3
 590 0012 0120     		movs	r0, #1
 591 0014 0121     		movs	r1, #1
 592 0016 1A46     		mov	r2, r3
 593 0018 4FF48043 		mov	r3, #16384
 594 001c FFF7FEFF 		bl	SineWaveGen_Wave2_DMA_DmaInitialize
 595 0020 0346     		mov	r3, r0
 596 0022 1A46     		mov	r2, r3
 597 0024 104B     		ldr	r3, .L19
 598 0026 1A70     		strb	r2, [r3]
 278:Generated_Source\PSoC5/SineWaveGen.c **** 	#endif /* CY_PSOC3 */
 279:Generated_Source\PSoC5/SineWaveGen.c **** 	
 280:Generated_Source\PSoC5/SineWaveGen.c **** 	/*
 281:Generated_Source\PSoC5/SineWaveGen.c **** 	* TD is looping on itself. 
 282:Generated_Source\PSoC5/SineWaveGen.c **** 	* Increment the source address, but not the destination address. 
 283:Generated_Source\PSoC5/SineWaveGen.c **** 	*/
 284:Generated_Source\PSoC5/SineWaveGen.c **** 	(void)CyDmaTdSetConfiguration(SineWaveGen_Wave2TD, sampleSize, SineWaveGen_Wave2TD, 
 599              		.loc 1 284 0
 600 0028 104B     		ldr	r3, .L19+4
 601 002a 1978     		ldrb	r1, [r3]	@ zero_extendqisi2
 602 002c 0F4B     		ldr	r3, .L19+4
 603 002e 1B78     		ldrb	r3, [r3]	@ zero_extendqisi2
 604 0030 7A88     		ldrh	r2, [r7, #2]
 605 0032 0846     		mov	r0, r1
 606 0034 1146     		mov	r1, r2
 607 0036 1A46     		mov	r2, r3
 608 0038 0123     		movs	r3, #1
 609 003a FFF7FEFF 		bl	CyDmaTdSetConfiguration
 285:Generated_Source\PSoC5/SineWaveGen.c ****                                     (uint8)CY_DMA_TD_INC_SRC_ADR | (uint8)SineWaveGen_Wave2_DMA__TD
 286:Generated_Source\PSoC5/SineWaveGen.c **** 	
 287:Generated_Source\PSoC5/SineWaveGen.c **** 	/* Set the TD source and destination address */
 288:Generated_Source\PSoC5/SineWaveGen.c **** 	(void)CyDmaTdSetAddress(SineWaveGen_Wave2TD, LO16((uint32)wavePtr), LO16(SineWaveGen_DAC8__D));
 610              		.loc 1 288 0
 611 003e 0B4B     		ldr	r3, .L19+4
 612 0040 1A78     		ldrb	r2, [r3]	@ zero_extendqisi2
 613 0042 7B68     		ldr	r3, [r7, #4]
 614 0044 9BB2     		uxth	r3, r3
 615 0046 1046     		mov	r0, r2
 616 0048 1946     		mov	r1, r3
 617 004a 45F68332 		movw	r2, #23427
 618 004e FFF7FEFF 		bl	CyDmaTdSetAddress
 289:Generated_Source\PSoC5/SineWaveGen.c **** 	
 290:Generated_Source\PSoC5/SineWaveGen.c **** 	/* Associate the TD with the channel */
 291:Generated_Source\PSoC5/SineWaveGen.c **** 	(void)CyDmaChSetInitialTd(SineWaveGen_Wave2Chan, SineWaveGen_Wave2TD);
 619              		.loc 1 291 0
ARM GAS  C:\Users\AARONW~1\AppData\Local\Temp\ccUNoqBC.s 			page 17


 620 0052 054B     		ldr	r3, .L19
 621 0054 1A78     		ldrb	r2, [r3]	@ zero_extendqisi2
 622 0056 054B     		ldr	r3, .L19+4
 623 0058 1B78     		ldrb	r3, [r3]	@ zero_extendqisi2
 624 005a 1046     		mov	r0, r2
 625 005c 1946     		mov	r1, r3
 626 005e FFF7FEFF 		bl	CyDmaChSetInitialTd
 292:Generated_Source\PSoC5/SineWaveGen.c **** }
 627              		.loc 1 292 0
 628 0062 0837     		adds	r7, r7, #8
 629              		.cfi_def_cfa_offset 8
 630 0064 BD46     		mov	sp, r7
 631              		.cfi_def_cfa_register 13
 632              		@ sp needed
 633 0066 80BD     		pop	{r7, pc}
 634              	.L20:
 635              		.align	2
 636              	.L19:
 637 0068 02000000 		.word	SineWaveGen_Wave2Chan
 638 006c 04000000 		.word	SineWaveGen_Wave2TD
 639              		.cfi_endproc
 640              	.LFE6:
 641              		.size	SineWaveGen_Wave2Setup, .-SineWaveGen_Wave2Setup
 642              		.text
 643              	.Letext0:
 644              		.file 2 "Generated_Source\\PSoC5\\cytypes.h"
 645              		.section	.debug_info,"",%progbits
 646              	.Ldebug_info0:
 647 0000 3D020000 		.4byte	0x23d
 648 0004 0400     		.2byte	0x4
 649 0006 00000000 		.4byte	.Ldebug_abbrev0
 650 000a 04       		.byte	0x4
 651 000b 01       		.uleb128 0x1
 652 000c 1D010000 		.4byte	.LASF36
 653 0010 01       		.byte	0x1
 654 0011 67000000 		.4byte	.LASF37
 655 0015 18020000 		.4byte	.LASF38
 656 0019 00000000 		.4byte	.Ldebug_ranges0+0
 657 001d 00000000 		.4byte	0
 658 0021 00000000 		.4byte	.Ldebug_line0
 659 0025 02       		.uleb128 0x2
 660 0026 01       		.byte	0x1
 661 0027 06       		.byte	0x6
 662 0028 2A030000 		.4byte	.LASF0
 663 002c 02       		.uleb128 0x2
 664 002d 01       		.byte	0x1
 665 002e 08       		.byte	0x8
 666 002f 0F010000 		.4byte	.LASF1
 667 0033 02       		.uleb128 0x2
 668 0034 02       		.byte	0x2
 669 0035 05       		.byte	0x5
 670 0036 EC020000 		.4byte	.LASF2
 671 003a 02       		.uleb128 0x2
 672 003b 02       		.byte	0x2
 673 003c 07       		.byte	0x7
 674 003d 27000000 		.4byte	.LASF3
 675 0041 02       		.uleb128 0x2
ARM GAS  C:\Users\AARONW~1\AppData\Local\Temp\ccUNoqBC.s 			page 18


 676 0042 04       		.byte	0x4
 677 0043 05       		.byte	0x5
 678 0044 0A030000 		.4byte	.LASF4
 679 0048 02       		.uleb128 0x2
 680 0049 04       		.byte	0x4
 681 004a 07       		.byte	0x7
 682 004b D7000000 		.4byte	.LASF5
 683 004f 02       		.uleb128 0x2
 684 0050 08       		.byte	0x8
 685 0051 05       		.byte	0x5
 686 0052 C7020000 		.4byte	.LASF6
 687 0056 02       		.uleb128 0x2
 688 0057 08       		.byte	0x8
 689 0058 07       		.byte	0x7
 690 0059 01020000 		.4byte	.LASF7
 691 005d 03       		.uleb128 0x3
 692 005e 04       		.byte	0x4
 693 005f 05       		.byte	0x5
 694 0060 696E7400 		.ascii	"int\000"
 695 0064 02       		.uleb128 0x2
 696 0065 04       		.byte	0x4
 697 0066 07       		.byte	0x7
 698 0067 F4010000 		.4byte	.LASF8
 699 006b 04       		.uleb128 0x4
 700 006c F1000000 		.4byte	.LASF9
 701 0070 02       		.byte	0x2
 702 0071 9201     		.2byte	0x192
 703 0073 2C000000 		.4byte	0x2c
 704 0077 04       		.uleb128 0x4
 705 0078 BF010000 		.4byte	.LASF10
 706 007c 02       		.byte	0x2
 707 007d 9301     		.2byte	0x193
 708 007f 3A000000 		.4byte	0x3a
 709 0083 04       		.uleb128 0x4
 710 0084 DA010000 		.4byte	.LASF11
 711 0088 02       		.byte	0x2
 712 0089 9401     		.2byte	0x194
 713 008b 48000000 		.4byte	0x48
 714 008f 02       		.uleb128 0x2
 715 0090 04       		.byte	0x4
 716 0091 04       		.byte	0x4
 717 0092 A3000000 		.4byte	.LASF12
 718 0096 02       		.uleb128 0x2
 719 0097 08       		.byte	0x8
 720 0098 04       		.byte	0x4
 721 0099 3A000000 		.4byte	.LASF13
 722 009d 02       		.uleb128 0x2
 723 009e 01       		.byte	0x1
 724 009f 08       		.byte	0x8
 725 00a0 D5020000 		.4byte	.LASF14
 726 00a4 02       		.uleb128 0x2
 727 00a5 04       		.byte	0x4
 728 00a6 07       		.byte	0x7
 729 00a7 BE020000 		.4byte	.LASF15
 730 00ab 05       		.uleb128 0x5
 731 00ac 16000000 		.4byte	.LASF16
 732 00b0 01       		.byte	0x1
ARM GAS  C:\Users\AARONW~1\AppData\Local\Temp\ccUNoqBC.s 			page 19


 733 00b1 2B       		.byte	0x2b
 734 00b2 00000000 		.4byte	.LFB0
 735 00b6 54000000 		.4byte	.LFE0-.LFB0
 736 00ba 01       		.uleb128 0x1
 737 00bb 9C       		.byte	0x9c
 738 00bc 05       		.uleb128 0x5
 739 00bd E1010000 		.4byte	.LASF17
 740 00c1 01       		.byte	0x1
 741 00c2 56       		.byte	0x56
 742 00c3 00000000 		.4byte	.LFB1
 743 00c7 34000000 		.4byte	.LFE1-.LFB1
 744 00cb 01       		.uleb128 0x1
 745 00cc 9C       		.byte	0x9c
 746 00cd 05       		.uleb128 0x5
 747 00ce AC020000 		.4byte	.LASF18
 748 00d2 01       		.byte	0x1
 749 00d3 81       		.byte	0x81
 750 00d4 00000000 		.4byte	.LFB2
 751 00d8 20000000 		.4byte	.LFE2-.LFB2
 752 00dc 01       		.uleb128 0x1
 753 00dd 9C       		.byte	0x9c
 754 00de 06       		.uleb128 0x6
 755 00df AB010000 		.4byte	.LASF24
 756 00e3 01       		.byte	0x1
 757 00e4 A3       		.byte	0xa3
 758 00e5 00000000 		.4byte	.LFB3
 759 00e9 32000000 		.4byte	.LFE3-.LFB3
 760 00ed 01       		.uleb128 0x1
 761 00ee 9C       		.byte	0x9c
 762 00ef 2C010000 		.4byte	0x12c
 763 00f3 07       		.uleb128 0x7
 764 00f4 55000000 		.4byte	.LASF19
 765 00f8 01       		.byte	0x1
 766 00f9 A3       		.byte	0xa3
 767 00fa 2C010000 		.4byte	0x12c
 768 00fe 02       		.uleb128 0x2
 769 00ff 91       		.byte	0x91
 770 0100 74       		.sleb128 -12
 771 0101 07       		.uleb128 0x7
 772 0102 F7000000 		.4byte	.LASF20
 773 0106 01       		.byte	0x1
 774 0107 A3       		.byte	0xa3
 775 0108 77000000 		.4byte	0x77
 776 010c 02       		.uleb128 0x2
 777 010d 91       		.byte	0x91
 778 010e 72       		.sleb128 -14
 779 010f 07       		.uleb128 0x7
 780 0110 5E000000 		.4byte	.LASF21
 781 0114 01       		.byte	0x1
 782 0115 A3       		.byte	0xa3
 783 0116 2C010000 		.4byte	0x12c
 784 011a 02       		.uleb128 0x2
 785 011b 91       		.byte	0x91
 786 011c 6C       		.sleb128 -20
 787 011d 07       		.uleb128 0x7
 788 011e 03010000 		.4byte	.LASF22
 789 0122 01       		.byte	0x1
ARM GAS  C:\Users\AARONW~1\AppData\Local\Temp\ccUNoqBC.s 			page 20


 790 0123 A3       		.byte	0xa3
 791 0124 77000000 		.4byte	0x77
 792 0128 02       		.uleb128 0x2
 793 0129 91       		.byte	0x91
 794 012a 70       		.sleb128 -16
 795 012b 00       		.byte	0
 796 012c 08       		.uleb128 0x8
 797 012d 04       		.byte	0x4
 798 012e 32010000 		.4byte	0x132
 799 0132 09       		.uleb128 0x9
 800 0133 6B000000 		.4byte	0x6b
 801 0137 05       		.uleb128 0x5
 802 0138 C6000000 		.4byte	.LASF23
 803 013c 01       		.byte	0x1
 804 013d BB       		.byte	0xbb
 805 013e 00000000 		.4byte	.LFB4
 806 0142 28000000 		.4byte	.LFE4-.LFB4
 807 0146 01       		.uleb128 0x1
 808 0147 9C       		.byte	0x9c
 809 0148 06       		.uleb128 0x6
 810 0149 13030000 		.4byte	.LASF25
 811 014d 01       		.byte	0x1
 812 014e DA       		.byte	0xda
 813 014f 00000000 		.4byte	.LFB5
 814 0153 70000000 		.4byte	.LFE5-.LFB5
 815 0157 01       		.uleb128 0x1
 816 0158 9C       		.byte	0x9c
 817 0159 7A010000 		.4byte	0x17a
 818 015d 07       		.uleb128 0x7
 819 015e E9000000 		.4byte	.LASF26
 820 0162 01       		.byte	0x1
 821 0163 DA       		.byte	0xda
 822 0164 2C010000 		.4byte	0x12c
 823 0168 02       		.uleb128 0x2
 824 0169 91       		.byte	0x91
 825 016a 74       		.sleb128 -12
 826 016b 07       		.uleb128 0x7
 827 016c A9000000 		.4byte	.LASF27
 828 0170 01       		.byte	0x1
 829 0171 DA       		.byte	0xda
 830 0172 77000000 		.4byte	0x77
 831 0176 02       		.uleb128 0x2
 832 0177 91       		.byte	0x91
 833 0178 72       		.sleb128 -14
 834 0179 00       		.byte	0
 835 017a 0A       		.uleb128 0xa
 836 017b 8C000000 		.4byte	.LASF28
 837 017f 01       		.byte	0x1
 838 0180 0801     		.2byte	0x108
 839 0182 00000000 		.4byte	.LFB6
 840 0186 70000000 		.4byte	.LFE6-.LFB6
 841 018a 01       		.uleb128 0x1
 842 018b 9C       		.byte	0x9c
 843 018c AF010000 		.4byte	0x1af
 844 0190 0B       		.uleb128 0xb
 845 0191 E9000000 		.4byte	.LASF26
 846 0195 01       		.byte	0x1
ARM GAS  C:\Users\AARONW~1\AppData\Local\Temp\ccUNoqBC.s 			page 21


 847 0196 0801     		.2byte	0x108
 848 0198 2C010000 		.4byte	0x12c
 849 019c 02       		.uleb128 0x2
 850 019d 91       		.byte	0x91
 851 019e 74       		.sleb128 -12
 852 019f 0B       		.uleb128 0xb
 853 01a0 A9000000 		.4byte	.LASF27
 854 01a4 01       		.byte	0x1
 855 01a5 0801     		.2byte	0x108
 856 01a7 77000000 		.4byte	0x77
 857 01ab 02       		.uleb128 0x2
 858 01ac 91       		.byte	0x91
 859 01ad 72       		.sleb128 -14
 860 01ae 00       		.byte	0
 861 01af 0C       		.uleb128 0xc
 862 01b0 36030000 		.4byte	.LASF29
 863 01b4 01       		.byte	0x1
 864 01b5 17       		.byte	0x17
 865 01b6 6B000000 		.4byte	0x6b
 866 01ba 05       		.uleb128 0x5
 867 01bb 03       		.byte	0x3
 868 01bc 01000000 		.4byte	SineWaveGen_Wave1Chan
 869 01c0 0C       		.uleb128 0xc
 870 01c1 00000000 		.4byte	.LASF30
 871 01c5 01       		.byte	0x1
 872 01c6 18       		.byte	0x18
 873 01c7 6B000000 		.4byte	0x6b
 874 01cb 05       		.uleb128 0x5
 875 01cc 03       		.byte	0x3
 876 01cd 02000000 		.4byte	SineWaveGen_Wave2Chan
 877 01d1 0C       		.uleb128 0xc
 878 01d2 41000000 		.4byte	.LASF31
 879 01d6 01       		.byte	0x1
 880 01d7 19       		.byte	0x19
 881 01d8 6B000000 		.4byte	0x6b
 882 01dc 05       		.uleb128 0x5
 883 01dd 03       		.byte	0x3
 884 01de 03000000 		.4byte	SineWaveGen_Wave1TD
 885 01e2 0C       		.uleb128 0xc
 886 01e3 F6020000 		.4byte	.LASF32
 887 01e7 01       		.byte	0x1
 888 01e8 1A       		.byte	0x1a
 889 01e9 6B000000 		.4byte	0x6b
 890 01ed 05       		.uleb128 0x5
 891 01ee 03       		.byte	0x3
 892 01ef 04000000 		.4byte	SineWaveGen_Wave2TD
 893 01f3 0D       		.uleb128 0xd
 894 01f4 C6010000 		.4byte	.LASF33
 895 01f8 01       		.byte	0x1
 896 01f9 12       		.byte	0x12
 897 01fa 6B000000 		.4byte	0x6b
 898 01fe 05       		.uleb128 0x5
 899 01ff 03       		.byte	0x3
 900 0200 00000000 		.4byte	SineWaveGen_initVar
 901 0204 0E       		.uleb128 0xe
 902 0205 6B000000 		.4byte	0x6b
 903 0209 14020000 		.4byte	0x214
ARM GAS  C:\Users\AARONW~1\AppData\Local\Temp\ccUNoqBC.s 			page 22


 904 020d 0F       		.uleb128 0xf
 905 020e A4000000 		.4byte	0xa4
 906 0212 63       		.byte	0x63
 907 0213 00       		.byte	0
 908 0214 0D       		.uleb128 0xd
 909 0215 DA020000 		.4byte	.LASF34
 910 0219 01       		.byte	0x1
 911 021a 14       		.byte	0x14
 912 021b 25020000 		.4byte	0x225
 913 021f 05       		.uleb128 0x5
 914 0220 03       		.byte	0x3
 915 0221 00000000 		.4byte	SineWaveGen_wave1
 916 0225 09       		.uleb128 0x9
 917 0226 04020000 		.4byte	0x204
 918 022a 0D       		.uleb128 0xd
 919 022b B4000000 		.4byte	.LASF35
 920 022f 01       		.byte	0x1
 921 0230 15       		.byte	0x15
 922 0231 3B020000 		.4byte	0x23b
 923 0235 05       		.uleb128 0x5
 924 0236 03       		.byte	0x3
 925 0237 00000000 		.4byte	SineWaveGen_wave2
 926 023b 09       		.uleb128 0x9
 927 023c 04020000 		.4byte	0x204
 928 0240 00       		.byte	0
 929              		.section	.debug_abbrev,"",%progbits
 930              	.Ldebug_abbrev0:
 931 0000 01       		.uleb128 0x1
 932 0001 11       		.uleb128 0x11
 933 0002 01       		.byte	0x1
 934 0003 25       		.uleb128 0x25
 935 0004 0E       		.uleb128 0xe
 936 0005 13       		.uleb128 0x13
 937 0006 0B       		.uleb128 0xb
 938 0007 03       		.uleb128 0x3
 939 0008 0E       		.uleb128 0xe
 940 0009 1B       		.uleb128 0x1b
 941 000a 0E       		.uleb128 0xe
 942 000b 55       		.uleb128 0x55
 943 000c 17       		.uleb128 0x17
 944 000d 11       		.uleb128 0x11
 945 000e 01       		.uleb128 0x1
 946 000f 10       		.uleb128 0x10
 947 0010 17       		.uleb128 0x17
 948 0011 00       		.byte	0
 949 0012 00       		.byte	0
 950 0013 02       		.uleb128 0x2
 951 0014 24       		.uleb128 0x24
 952 0015 00       		.byte	0
 953 0016 0B       		.uleb128 0xb
 954 0017 0B       		.uleb128 0xb
 955 0018 3E       		.uleb128 0x3e
 956 0019 0B       		.uleb128 0xb
 957 001a 03       		.uleb128 0x3
 958 001b 0E       		.uleb128 0xe
 959 001c 00       		.byte	0
 960 001d 00       		.byte	0
ARM GAS  C:\Users\AARONW~1\AppData\Local\Temp\ccUNoqBC.s 			page 23


 961 001e 03       		.uleb128 0x3
 962 001f 24       		.uleb128 0x24
 963 0020 00       		.byte	0
 964 0021 0B       		.uleb128 0xb
 965 0022 0B       		.uleb128 0xb
 966 0023 3E       		.uleb128 0x3e
 967 0024 0B       		.uleb128 0xb
 968 0025 03       		.uleb128 0x3
 969 0026 08       		.uleb128 0x8
 970 0027 00       		.byte	0
 971 0028 00       		.byte	0
 972 0029 04       		.uleb128 0x4
 973 002a 16       		.uleb128 0x16
 974 002b 00       		.byte	0
 975 002c 03       		.uleb128 0x3
 976 002d 0E       		.uleb128 0xe
 977 002e 3A       		.uleb128 0x3a
 978 002f 0B       		.uleb128 0xb
 979 0030 3B       		.uleb128 0x3b
 980 0031 05       		.uleb128 0x5
 981 0032 49       		.uleb128 0x49
 982 0033 13       		.uleb128 0x13
 983 0034 00       		.byte	0
 984 0035 00       		.byte	0
 985 0036 05       		.uleb128 0x5
 986 0037 2E       		.uleb128 0x2e
 987 0038 00       		.byte	0
 988 0039 3F       		.uleb128 0x3f
 989 003a 19       		.uleb128 0x19
 990 003b 03       		.uleb128 0x3
 991 003c 0E       		.uleb128 0xe
 992 003d 3A       		.uleb128 0x3a
 993 003e 0B       		.uleb128 0xb
 994 003f 3B       		.uleb128 0x3b
 995 0040 0B       		.uleb128 0xb
 996 0041 27       		.uleb128 0x27
 997 0042 19       		.uleb128 0x19
 998 0043 11       		.uleb128 0x11
 999 0044 01       		.uleb128 0x1
 1000 0045 12       		.uleb128 0x12
 1001 0046 06       		.uleb128 0x6
 1002 0047 40       		.uleb128 0x40
 1003 0048 18       		.uleb128 0x18
 1004 0049 9642     		.uleb128 0x2116
 1005 004b 19       		.uleb128 0x19
 1006 004c 00       		.byte	0
 1007 004d 00       		.byte	0
 1008 004e 06       		.uleb128 0x6
 1009 004f 2E       		.uleb128 0x2e
 1010 0050 01       		.byte	0x1
 1011 0051 3F       		.uleb128 0x3f
 1012 0052 19       		.uleb128 0x19
 1013 0053 03       		.uleb128 0x3
 1014 0054 0E       		.uleb128 0xe
 1015 0055 3A       		.uleb128 0x3a
 1016 0056 0B       		.uleb128 0xb
 1017 0057 3B       		.uleb128 0x3b
ARM GAS  C:\Users\AARONW~1\AppData\Local\Temp\ccUNoqBC.s 			page 24


 1018 0058 0B       		.uleb128 0xb
 1019 0059 27       		.uleb128 0x27
 1020 005a 19       		.uleb128 0x19
 1021 005b 11       		.uleb128 0x11
 1022 005c 01       		.uleb128 0x1
 1023 005d 12       		.uleb128 0x12
 1024 005e 06       		.uleb128 0x6
 1025 005f 40       		.uleb128 0x40
 1026 0060 18       		.uleb128 0x18
 1027 0061 9642     		.uleb128 0x2116
 1028 0063 19       		.uleb128 0x19
 1029 0064 01       		.uleb128 0x1
 1030 0065 13       		.uleb128 0x13
 1031 0066 00       		.byte	0
 1032 0067 00       		.byte	0
 1033 0068 07       		.uleb128 0x7
 1034 0069 05       		.uleb128 0x5
 1035 006a 00       		.byte	0
 1036 006b 03       		.uleb128 0x3
 1037 006c 0E       		.uleb128 0xe
 1038 006d 3A       		.uleb128 0x3a
 1039 006e 0B       		.uleb128 0xb
 1040 006f 3B       		.uleb128 0x3b
 1041 0070 0B       		.uleb128 0xb
 1042 0071 49       		.uleb128 0x49
 1043 0072 13       		.uleb128 0x13
 1044 0073 02       		.uleb128 0x2
 1045 0074 18       		.uleb128 0x18
 1046 0075 00       		.byte	0
 1047 0076 00       		.byte	0
 1048 0077 08       		.uleb128 0x8
 1049 0078 0F       		.uleb128 0xf
 1050 0079 00       		.byte	0
 1051 007a 0B       		.uleb128 0xb
 1052 007b 0B       		.uleb128 0xb
 1053 007c 49       		.uleb128 0x49
 1054 007d 13       		.uleb128 0x13
 1055 007e 00       		.byte	0
 1056 007f 00       		.byte	0
 1057 0080 09       		.uleb128 0x9
 1058 0081 26       		.uleb128 0x26
 1059 0082 00       		.byte	0
 1060 0083 49       		.uleb128 0x49
 1061 0084 13       		.uleb128 0x13
 1062 0085 00       		.byte	0
 1063 0086 00       		.byte	0
 1064 0087 0A       		.uleb128 0xa
 1065 0088 2E       		.uleb128 0x2e
 1066 0089 01       		.byte	0x1
 1067 008a 3F       		.uleb128 0x3f
 1068 008b 19       		.uleb128 0x19
 1069 008c 03       		.uleb128 0x3
 1070 008d 0E       		.uleb128 0xe
 1071 008e 3A       		.uleb128 0x3a
 1072 008f 0B       		.uleb128 0xb
 1073 0090 3B       		.uleb128 0x3b
 1074 0091 05       		.uleb128 0x5
ARM GAS  C:\Users\AARONW~1\AppData\Local\Temp\ccUNoqBC.s 			page 25


 1075 0092 27       		.uleb128 0x27
 1076 0093 19       		.uleb128 0x19
 1077 0094 11       		.uleb128 0x11
 1078 0095 01       		.uleb128 0x1
 1079 0096 12       		.uleb128 0x12
 1080 0097 06       		.uleb128 0x6
 1081 0098 40       		.uleb128 0x40
 1082 0099 18       		.uleb128 0x18
 1083 009a 9642     		.uleb128 0x2116
 1084 009c 19       		.uleb128 0x19
 1085 009d 01       		.uleb128 0x1
 1086 009e 13       		.uleb128 0x13
 1087 009f 00       		.byte	0
 1088 00a0 00       		.byte	0
 1089 00a1 0B       		.uleb128 0xb
 1090 00a2 05       		.uleb128 0x5
 1091 00a3 00       		.byte	0
 1092 00a4 03       		.uleb128 0x3
 1093 00a5 0E       		.uleb128 0xe
 1094 00a6 3A       		.uleb128 0x3a
 1095 00a7 0B       		.uleb128 0xb
 1096 00a8 3B       		.uleb128 0x3b
 1097 00a9 05       		.uleb128 0x5
 1098 00aa 49       		.uleb128 0x49
 1099 00ab 13       		.uleb128 0x13
 1100 00ac 02       		.uleb128 0x2
 1101 00ad 18       		.uleb128 0x18
 1102 00ae 00       		.byte	0
 1103 00af 00       		.byte	0
 1104 00b0 0C       		.uleb128 0xc
 1105 00b1 34       		.uleb128 0x34
 1106 00b2 00       		.byte	0
 1107 00b3 03       		.uleb128 0x3
 1108 00b4 0E       		.uleb128 0xe
 1109 00b5 3A       		.uleb128 0x3a
 1110 00b6 0B       		.uleb128 0xb
 1111 00b7 3B       		.uleb128 0x3b
 1112 00b8 0B       		.uleb128 0xb
 1113 00b9 49       		.uleb128 0x49
 1114 00ba 13       		.uleb128 0x13
 1115 00bb 02       		.uleb128 0x2
 1116 00bc 18       		.uleb128 0x18
 1117 00bd 00       		.byte	0
 1118 00be 00       		.byte	0
 1119 00bf 0D       		.uleb128 0xd
 1120 00c0 34       		.uleb128 0x34
 1121 00c1 00       		.byte	0
 1122 00c2 03       		.uleb128 0x3
 1123 00c3 0E       		.uleb128 0xe
 1124 00c4 3A       		.uleb128 0x3a
 1125 00c5 0B       		.uleb128 0xb
 1126 00c6 3B       		.uleb128 0x3b
 1127 00c7 0B       		.uleb128 0xb
 1128 00c8 49       		.uleb128 0x49
 1129 00c9 13       		.uleb128 0x13
 1130 00ca 3F       		.uleb128 0x3f
 1131 00cb 19       		.uleb128 0x19
ARM GAS  C:\Users\AARONW~1\AppData\Local\Temp\ccUNoqBC.s 			page 26


 1132 00cc 02       		.uleb128 0x2
 1133 00cd 18       		.uleb128 0x18
 1134 00ce 00       		.byte	0
 1135 00cf 00       		.byte	0
 1136 00d0 0E       		.uleb128 0xe
 1137 00d1 01       		.uleb128 0x1
 1138 00d2 01       		.byte	0x1
 1139 00d3 49       		.uleb128 0x49
 1140 00d4 13       		.uleb128 0x13
 1141 00d5 01       		.uleb128 0x1
 1142 00d6 13       		.uleb128 0x13
 1143 00d7 00       		.byte	0
 1144 00d8 00       		.byte	0
 1145 00d9 0F       		.uleb128 0xf
 1146 00da 21       		.uleb128 0x21
 1147 00db 00       		.byte	0
 1148 00dc 49       		.uleb128 0x49
 1149 00dd 13       		.uleb128 0x13
 1150 00de 2F       		.uleb128 0x2f
 1151 00df 0B       		.uleb128 0xb
 1152 00e0 00       		.byte	0
 1153 00e1 00       		.byte	0
 1154 00e2 00       		.byte	0
 1155              		.section	.debug_aranges,"",%progbits
 1156 0000 4C000000 		.4byte	0x4c
 1157 0004 0200     		.2byte	0x2
 1158 0006 00000000 		.4byte	.Ldebug_info0
 1159 000a 04       		.byte	0x4
 1160 000b 00       		.byte	0
 1161 000c 0000     		.2byte	0
 1162 000e 0000     		.2byte	0
 1163 0010 00000000 		.4byte	.LFB0
 1164 0014 54000000 		.4byte	.LFE0-.LFB0
 1165 0018 00000000 		.4byte	.LFB1
 1166 001c 34000000 		.4byte	.LFE1-.LFB1
 1167 0020 00000000 		.4byte	.LFB2
 1168 0024 20000000 		.4byte	.LFE2-.LFB2
 1169 0028 00000000 		.4byte	.LFB3
 1170 002c 32000000 		.4byte	.LFE3-.LFB3
 1171 0030 00000000 		.4byte	.LFB4
 1172 0034 28000000 		.4byte	.LFE4-.LFB4
 1173 0038 00000000 		.4byte	.LFB5
 1174 003c 70000000 		.4byte	.LFE5-.LFB5
 1175 0040 00000000 		.4byte	.LFB6
 1176 0044 70000000 		.4byte	.LFE6-.LFB6
 1177 0048 00000000 		.4byte	0
 1178 004c 00000000 		.4byte	0
 1179              		.section	.debug_ranges,"",%progbits
 1180              	.Ldebug_ranges0:
 1181 0000 00000000 		.4byte	.LFB0
 1182 0004 54000000 		.4byte	.LFE0
 1183 0008 00000000 		.4byte	.LFB1
 1184 000c 34000000 		.4byte	.LFE1
 1185 0010 00000000 		.4byte	.LFB2
 1186 0014 20000000 		.4byte	.LFE2
 1187 0018 00000000 		.4byte	.LFB3
 1188 001c 32000000 		.4byte	.LFE3
ARM GAS  C:\Users\AARONW~1\AppData\Local\Temp\ccUNoqBC.s 			page 27


 1189 0020 00000000 		.4byte	.LFB4
 1190 0024 28000000 		.4byte	.LFE4
 1191 0028 00000000 		.4byte	.LFB5
 1192 002c 70000000 		.4byte	.LFE5
 1193 0030 00000000 		.4byte	.LFB6
 1194 0034 70000000 		.4byte	.LFE6
 1195 0038 00000000 		.4byte	0
 1196 003c 00000000 		.4byte	0
 1197              		.section	.debug_line,"",%progbits
 1198              	.Ldebug_line0:
 1199 0000 ED000000 		.section	.debug_str,"MS",%progbits,1
 1199      02004800 
 1199      00000201 
 1199      FB0E0D00 
 1199      01010101 
 1200              	.LASF30:
 1201 0000 53696E65 		.ascii	"SineWaveGen_Wave2Chan\000"
 1201      57617665 
 1201      47656E5F 
 1201      57617665 
 1201      32436861 
 1202              	.LASF16:
 1203 0016 53696E65 		.ascii	"SineWaveGen_Init\000"
 1203      57617665 
 1203      47656E5F 
 1203      496E6974 
 1203      00
 1204              	.LASF3:
 1205 0027 73686F72 		.ascii	"short unsigned int\000"
 1205      7420756E 
 1205      7369676E 
 1205      65642069 
 1205      6E7400
 1206              	.LASF13:
 1207 003a 646F7562 		.ascii	"double\000"
 1207      6C6500
 1208              	.LASF31:
 1209 0041 53696E65 		.ascii	"SineWaveGen_Wave1TD\000"
 1209      57617665 
 1209      47656E5F 
 1209      57617665 
 1209      31544400 
 1210              	.LASF19:
 1211 0055 77617665 		.ascii	"wavePtr1\000"
 1211      50747231 
 1211      00
 1212              	.LASF21:
 1213 005e 77617665 		.ascii	"wavePtr2\000"
 1213      50747232 
 1213      00
 1214              	.LASF37:
 1215 0067 47656E65 		.ascii	"Generated_Source\\PSoC5\\SineWaveGen.c\000"
 1215      72617465 
 1215      645F536F 
 1215      75726365 
 1215      5C50536F 
 1216              	.LASF28:
ARM GAS  C:\Users\AARONW~1\AppData\Local\Temp\ccUNoqBC.s 			page 28


 1217 008c 53696E65 		.ascii	"SineWaveGen_Wave2Setup\000"
 1217      57617665 
 1217      47656E5F 
 1217      57617665 
 1217      32536574 
 1218              	.LASF12:
 1219 00a3 666C6F61 		.ascii	"float\000"
 1219      7400
 1220              	.LASF27:
 1221 00a9 73616D70 		.ascii	"sampleSize\000"
 1221      6C655369 
 1221      7A6500
 1222              	.LASF35:
 1223 00b4 53696E65 		.ascii	"SineWaveGen_wave2\000"
 1223      57617665 
 1223      47656E5F 
 1223      77617665 
 1223      3200
 1224              	.LASF23:
 1225 00c6 53696E65 		.ascii	"SineWaveGen_Stop\000"
 1225      57617665 
 1225      47656E5F 
 1225      53746F70 
 1225      00
 1226              	.LASF5:
 1227 00d7 6C6F6E67 		.ascii	"long unsigned int\000"
 1227      20756E73 
 1227      69676E65 
 1227      6420696E 
 1227      7400
 1228              	.LASF26:
 1229 00e9 77617665 		.ascii	"wavePtr\000"
 1229      50747200 
 1230              	.LASF9:
 1231 00f1 75696E74 		.ascii	"uint8\000"
 1231      3800
 1232              	.LASF20:
 1233 00f7 73616D70 		.ascii	"sampleSize1\000"
 1233      6C655369 
 1233      7A653100 
 1234              	.LASF22:
 1235 0103 73616D70 		.ascii	"sampleSize2\000"
 1235      6C655369 
 1235      7A653200 
 1236              	.LASF1:
 1237 010f 756E7369 		.ascii	"unsigned char\000"
 1237      676E6564 
 1237      20636861 
 1237      7200
 1238              	.LASF36:
 1239 011d 474E5520 		.ascii	"GNU C 4.9.3 20150303 (release) [ARM/embedded-4_9-br"
 1239      4320342E 
 1239      392E3320 
 1239      32303135 
 1239      30333033 
 1240 0150 616E6368 		.ascii	"anch revision 221220] -mcpu=cortex-m3 -mthumb -g -O"
 1240      20726576 
ARM GAS  C:\Users\AARONW~1\AppData\Local\Temp\ccUNoqBC.s 			page 29


 1240      6973696F 
 1240      6E203232 
 1240      31323230 
 1241 0183 30202D66 		.ascii	"0 -ffunction-sections -ffat-lto-objects\000"
 1241      66756E63 
 1241      74696F6E 
 1241      2D736563 
 1241      74696F6E 
 1242              	.LASF24:
 1243 01ab 53696E65 		.ascii	"SineWaveGen_StartEx\000"
 1243      57617665 
 1243      47656E5F 
 1243      53746172 
 1243      74457800 
 1244              	.LASF10:
 1245 01bf 75696E74 		.ascii	"uint16\000"
 1245      313600
 1246              	.LASF33:
 1247 01c6 53696E65 		.ascii	"SineWaveGen_initVar\000"
 1247      57617665 
 1247      47656E5F 
 1247      696E6974 
 1247      56617200 
 1248              	.LASF11:
 1249 01da 75696E74 		.ascii	"uint32\000"
 1249      333200
 1250              	.LASF17:
 1251 01e1 53696E65 		.ascii	"SineWaveGen_Enable\000"
 1251      57617665 
 1251      47656E5F 
 1251      456E6162 
 1251      6C6500
 1252              	.LASF8:
 1253 01f4 756E7369 		.ascii	"unsigned int\000"
 1253      676E6564 
 1253      20696E74 
 1253      00
 1254              	.LASF7:
 1255 0201 6C6F6E67 		.ascii	"long long unsigned int\000"
 1255      206C6F6E 
 1255      6720756E 
 1255      7369676E 
 1255      65642069 
 1256              	.LASF38:
 1257 0218 433A5C55 		.ascii	"C:\\Users\\Aaron Wubshet\\Google Drive\\1 College\\"
 1257      73657273 
 1257      5C416172 
 1257      6F6E2057 
 1257      75627368 
 1258 0246 3220536F 		.ascii	"2 Sophomore Year\\3 SPRING\\6.115\\Final Project PS"
 1258      70686F6D 
 1258      6F726520 
 1258      59656172 
 1258      5C332053 
 1259 0276 6F432057 		.ascii	"oC Workspace\\Final Project\\External_LCD_Display.c"
 1259      6F726B73 
 1259      70616365 
ARM GAS  C:\Users\AARONW~1\AppData\Local\Temp\ccUNoqBC.s 			page 30


 1259      5C46696E 
 1259      616C2050 
 1260 02a7 7964736E 		.ascii	"ydsn\000"
 1260      00
 1261              	.LASF18:
 1262 02ac 53696E65 		.ascii	"SineWaveGen_Start\000"
 1262      57617665 
 1262      47656E5F 
 1262      53746172 
 1262      7400
 1263              	.LASF15:
 1264 02be 73697A65 		.ascii	"sizetype\000"
 1264      74797065 
 1264      00
 1265              	.LASF6:
 1266 02c7 6C6F6E67 		.ascii	"long long int\000"
 1266      206C6F6E 
 1266      6720696E 
 1266      7400
 1267              	.LASF14:
 1268 02d5 63686172 		.ascii	"char\000"
 1268      00
 1269              	.LASF34:
 1270 02da 53696E65 		.ascii	"SineWaveGen_wave1\000"
 1270      57617665 
 1270      47656E5F 
 1270      77617665 
 1270      3100
 1271              	.LASF2:
 1272 02ec 73686F72 		.ascii	"short int\000"
 1272      7420696E 
 1272      7400
 1273              	.LASF32:
 1274 02f6 53696E65 		.ascii	"SineWaveGen_Wave2TD\000"
 1274      57617665 
 1274      47656E5F 
 1274      57617665 
 1274      32544400 
 1275              	.LASF4:
 1276 030a 6C6F6E67 		.ascii	"long int\000"
 1276      20696E74 
 1276      00
 1277              	.LASF25:
 1278 0313 53696E65 		.ascii	"SineWaveGen_Wave1Setup\000"
 1278      57617665 
 1278      47656E5F 
 1278      57617665 
 1278      31536574 
 1279              	.LASF0:
 1280 032a 7369676E 		.ascii	"signed char\000"
 1280      65642063 
 1280      68617200 
 1281              	.LASF29:
 1282 0336 53696E65 		.ascii	"SineWaveGen_Wave1Chan\000"
 1282      57617665 
 1282      47656E5F 
 1282      57617665 
ARM GAS  C:\Users\AARONW~1\AppData\Local\Temp\ccUNoqBC.s 			page 31


 1282      31436861 
 1283              		.ident	"GCC: (GNU Tools for ARM Embedded Processors) 4.9.3 20150303 (release) [ARM/embedded-4_9-br
